Component: ARM Compiler 5.06 update 5 (build 528) Tool: armlink [4d35e2]

==============================================================================

Section Cross References

    main.o(i.main) refers to system_init.o(i.system_Init) for system_Init
    main.o(i.main) refers to contral.o(i.contral_motor_Init) for contral_motor_Init
    main.o(i.main) refers to contral.o(i.claw_Init) for claw_Init
    main.o(i.main) refers to motor.o(i.MOTOR5_Init) for MOTOR5_Init
    main.o(i.main) refers to contral_claw.o(i.arrive_block_down) for arrive_block_down
    main.o(i.main) refers to delay.o(i.delay_ms) for delay_ms
    main.o(i.main) refers to uart.o(i.Serial1_GetRxFlag) for Serial1_GetRxFlag
    main.o(i.main) refers to contral.o(i.uart_handle) for uart_handle
    main.o(i.main) refers to uart.o(i.UART_SendPacket2UP) for UART_SendPacket2UP
    system_stm32f10x.o(i.SetSysClock) refers to system_stm32f10x.o(i.SetSysClockTo72) for SetSysClockTo72
    system_stm32f10x.o(i.SystemCoreClockUpdate) refers to system_stm32f10x.o(.data) for SystemCoreClock
    system_stm32f10x.o(i.SystemInit) refers to system_stm32f10x.o(i.SetSysClock) for SetSysClock
    delay.o(i.delay_init) refers to misc.o(i.SysTick_CLKSourceConfig) for SysTick_CLKSourceConfig
    delay.o(i.delay_init) refers to system_stm32f10x.o(.data) for SystemCoreClock
    delay.o(i.delay_init) refers to delay.o(.data) for fac_us
    delay.o(i.delay_ms) refers to delay.o(.data) for fac_ms
    delay.o(i.delay_us) refers to delay.o(.data) for fac_us
    startup_stm32f10x_hd.o(RESET) refers to startup_stm32f10x_hd.o(STACK) for __initial_sp
    startup_stm32f10x_hd.o(RESET) refers to startup_stm32f10x_hd.o(.text) for Reset_Handler
    startup_stm32f10x_hd.o(RESET) refers to stm32f10x_it.o(i.NMI_Handler) for NMI_Handler
    startup_stm32f10x_hd.o(RESET) refers to stm32f10x_it.o(i.HardFault_Handler) for HardFault_Handler
    startup_stm32f10x_hd.o(RESET) refers to stm32f10x_it.o(i.MemManage_Handler) for MemManage_Handler
    startup_stm32f10x_hd.o(RESET) refers to stm32f10x_it.o(i.BusFault_Handler) for BusFault_Handler
    startup_stm32f10x_hd.o(RESET) refers to stm32f10x_it.o(i.UsageFault_Handler) for UsageFault_Handler
    startup_stm32f10x_hd.o(RESET) refers to stm32f10x_it.o(i.SVC_Handler) for SVC_Handler
    startup_stm32f10x_hd.o(RESET) refers to stm32f10x_it.o(i.DebugMon_Handler) for DebugMon_Handler
    startup_stm32f10x_hd.o(RESET) refers to stm32f10x_it.o(i.PendSV_Handler) for PendSV_Handler
    startup_stm32f10x_hd.o(RESET) refers to stm32f10x_it.o(i.SysTick_Handler) for SysTick_Handler
    startup_stm32f10x_hd.o(RESET) refers to motor.o(i.TIM2_IRQHandler) for TIM2_IRQHandler
    startup_stm32f10x_hd.o(RESET) refers to motor.o(i.TIM3_IRQHandler) for TIM3_IRQHandler
    startup_stm32f10x_hd.o(RESET) refers to motor.o(i.TIM4_IRQHandler) for TIM4_IRQHandler
    startup_stm32f10x_hd.o(RESET) refers to uart.o(i.USART1_IRQHandler) for USART1_IRQHandler
    startup_stm32f10x_hd.o(RESET) refers to uart.o(i.USART2_IRQHandler) for USART2_IRQHandler
    startup_stm32f10x_hd.o(RESET) refers to uart.o(i.USART3_IRQHandler) for USART3_IRQHandler
    startup_stm32f10x_hd.o(RESET) refers to uart.o(i.UART4_IRQHandler) for UART4_IRQHandler
    startup_stm32f10x_hd.o(RESET) refers to time_count.o(i.TIM6_IRQHandler) for TIM6_IRQHandler
    startup_stm32f10x_hd.o(.text) refers to system_stm32f10x.o(i.SystemInit) for SystemInit
    startup_stm32f10x_hd.o(.text) refers to entry.o(.ARM.Collect$$$$00000000) for __main
    stm32f10x_adc.o(i.ADC_DeInit) refers to stm32f10x_rcc.o(i.RCC_APB2PeriphResetCmd) for RCC_APB2PeriphResetCmd
    stm32f10x_bkp.o(i.BKP_DeInit) refers to stm32f10x_rcc.o(i.RCC_BackupResetCmd) for RCC_BackupResetCmd
    stm32f10x_can.o(i.CAN_DeInit) refers to stm32f10x_rcc.o(i.RCC_APB1PeriphResetCmd) for RCC_APB1PeriphResetCmd
    stm32f10x_can.o(i.CAN_GetITStatus) refers to stm32f10x_can.o(i.CheckITStatus) for CheckITStatus
    stm32f10x_cec.o(i.CEC_DeInit) refers to stm32f10x_rcc.o(i.RCC_APB1PeriphResetCmd) for RCC_APB1PeriphResetCmd
    stm32f10x_dac.o(i.DAC_DeInit) refers to stm32f10x_rcc.o(i.RCC_APB1PeriphResetCmd) for RCC_APB1PeriphResetCmd
    stm32f10x_flash.o(i.FLASH_EnableWriteProtection) refers to stm32f10x_flash.o(i.FLASH_WaitForLastOperation) for FLASH_WaitForLastOperation
    stm32f10x_flash.o(i.FLASH_EraseAllBank1Pages) refers to stm32f10x_flash.o(i.FLASH_WaitForLastBank1Operation) for FLASH_WaitForLastBank1Operation
    stm32f10x_flash.o(i.FLASH_EraseAllPages) refers to stm32f10x_flash.o(i.FLASH_WaitForLastOperation) for FLASH_WaitForLastOperation
    stm32f10x_flash.o(i.FLASH_EraseOptionBytes) refers to stm32f10x_flash.o(i.FLASH_GetReadOutProtectionStatus) for FLASH_GetReadOutProtectionStatus
    stm32f10x_flash.o(i.FLASH_EraseOptionBytes) refers to stm32f10x_flash.o(i.FLASH_WaitForLastOperation) for FLASH_WaitForLastOperation
[...]
    ..\HARDWARE\SYSTEM_INIT\system_init.c    0x00000000   Number         0  system_init.o ABSOLUTE
    ..\HARDWARE\UART\uart.c                  0x00000000   Number         0  uart.o ABSOLUTE
    ..\HARDWARE\WS2812\ws2812.c              0x00000000   Number         0  ws2812.o ABSOLUTE
    ..\STM32F10x_FWLib\src\misc.c            0x00000000   Number         0  misc.o ABSOLUTE
    ..\STM32F10x_FWLib\src\stm32f10x_adc.c   0x00000000   Number         0  stm32f10x_adc.o ABSOLUTE
    ..\STM32F10x_FWLib\src\stm32f10x_bkp.c   0x00000000   Number         0  stm32f10x_bkp.o ABSOLUTE
    ..\STM32F10x_FWLib\src\stm32f10x_can.c   0x00000000   Number         0  stm32f10x_can.o ABSOLUTE
    ..\STM32F10x_FWLib\src\stm32f10x_cec.c   0x00000000   Number         0  stm32f10x_cec.o ABSOLUTE
    ..\STM32F10x_FWLib\src\stm32f10x_crc.c   0x00000000   Number         0  stm32f10x_crc.o ABSOLUTE
    ..\STM32F10x_FWLib\src\stm32f10x_dac.c   0x00000000   Number         0  stm32f10x_dac.o ABSOLUTE
    ..\STM32F10x_FWLib\src\stm32f10x_dbgmcu.c 0x00000000   Number         0  stm32f10x_dbgmcu.o ABSOLUTE
    ..\STM32F10x_FWLib\src\stm32f10x_dma.c   0x00000000   Number         0  stm32f10x_dma.o ABSOLUTE
    ..\STM32F10x_FWLib\src\stm32f10x_exti.c  0x00000000   Number         0  stm32f10x_exti.o ABSOLUTE
    ..\STM32F10x_FWLib\src\stm32f10x_flash.c 0x00000000   Number         0  stm32f10x_flash.o ABSOLUTE
    ..\STM32F10x_FWLib\src\stm32f10x_fsmc.c  0x00000000   Number         0  stm32f10x_fsmc.o ABSOLUTE
    ..\STM32F10x_FWLib\src\stm32f10x_gpio.c  0x00000000   Number         0  stm32f10x_gpio.o ABSOLUTE
    ..\STM32F10x_FWLib\src\stm32f10x_i2c.c   0x00000000   Number         0  stm32f10x_i2c.o ABSOLUTE
    ..\STM32F10x_FWLib\src\stm32f10x_iwdg.c  0x00000000   Number         0  stm32f10x_iwdg.o ABSOLUTE
    ..\STM32F10x_FWLib\src\stm32f10x_pwr.c   0x00000000   Number         0  stm32f10x_pwr.o ABSOLUTE
    ..\STM32F10x_FWLib\src\stm32f10x_rcc.c   0x00000000   Number         0  stm32f10x_rcc.o ABSOLUTE
    ..\STM32F10x_FWLib\src\stm32f10x_rtc.c   0x00000000   Number         0  stm32f10x_rtc.o ABSOLUTE
    ..\STM32F10x_FWLib\src\stm32f10x_sdio.c  0x00000000   Number         0  stm32f10x_sdio.o ABSOLUTE
    ..\STM32F10x_FWLib\src\stm32f10x_spi.c   0x00000000   Number         0  stm32f10x_spi.o ABSOLUTE
    ..\STM32F10x_FWLib\src\stm32f10x_tim.c   0x00000000   Number         0  stm32f10x_tim.o ABSOLUTE
    ..\STM32F10x_FWLib\src\stm32f10x_usart.c 0x00000000   Number         0  stm32f10x_usart.o ABSOLUTE
    ..\STM32F10x_FWLib\src\stm32f10x_wwdg.c  0x00000000   Number         0  stm32f10x_wwdg.o ABSOLUTE
    ..\SYSTEM\delay\delay.c                  0x00000000   Number         0  delay.o ABSOLUTE
    ..\SYSTEM\sys\sys.c                      0x00000000   Number         0  sys.o ABSOLUTE
    ..\SYSTEM\usart\usart.c                  0x00000000   Number         0  usart.o ABSOLUTE
    ..\\CORE\\core_cm3.c                     0x00000000   Number         0  core_cm3.o ABSOLUTE
    ..\\SYSTEM\\sys\\sys.c                   0x00000000   Number         0  sys.o ABSOLUTE
    cdcmple.s                                0x00000000   Number         0  cdcmple.o ABSOLUTE
    cdrcmple.s                               0x00000000   Number         0  cdrcmple.o ABSOLUTE
    cfcmple.s                                0x00000000   Number         0  cfcmple.o ABSOLUTE
    cfrcmple.s                               0x00000000   Number         0  cfrcmple.o ABSOLUTE
    dc.s                                     0x00000000   Number         0  dc.o ABSOLUTE
    handlers.s                               0x00000000   Number         0  handlers.o ABSOLUTE
    init.s                                   0x00000000   Number         0  init.o ABSOLUTE
    main.c                                   0x00000000   Number         0  main.o ABSOLUTE
    stm32f10x_it.c                           0x00000000   Number         0  stm32f10x_it.o ABSOLUTE
    system_stm32f10x.c                       0x00000000   Number         0  system_stm32f10x.o ABSOLUTE
    RESET                                    0x08000000   Section      304  startup_stm32f10x_hd.o(RESET)
    .ARM.Collect$$$$00000000                 0x08000130   Section        0  entry.o(.ARM.Collect$$$$00000000)
    .ARM.Collect$$$$00000001                 0x08000130   Section        4  entry2.o(.ARM.Collect$$$$00000001)
    .ARM.Collect$$$$00000004                 0x08000134   Section        4  entry5.o(.ARM.Collect$$$$00000004)
    .ARM.Collect$$$$00000008                 0x08000138   Section        0  entry7b.o(.ARM.Collect$$$$00000008)
    .ARM.Collect$$$$0000000A                 0x08000138   Section        0  entry8b.o(.ARM.Collect$$$$0000000A)
    .ARM.Collect$$$$0000000B                 0x08000138   Section        8  entry9a.o(.ARM.Collect$$$$0000000B)
    .ARM.Collect$$$$0000000D                 0x08000140   Section        0  entry10a.o(.ARM.Collect$$$$0000000D)
    .ARM.Collect$$$$0000000F                 0x08000140   Section        0  entry11a.o(.ARM.Collect$$$$0000000F)
    .ARM.Collect$$$$00002712                 0x08000140   Section        4  entry2.o(.ARM.Collect$$$$00002712)
    __lit__00000000                          0x08000140   Data           4  entry2.o(.ARM.Collect$$$$00002712)
    .text                                    0x08000144   Section       36  startup_stm32f10x_hd.o(.text)
    .text                                    0x08000168   Section        0  strlen.o(.text)
    .text                                    0x08000176   Section        0  fadd.o(.text)
    .text                                    0x08000226   Section        0  dadd.o(.text)
    .text                                    0x08000374   Section        0  dmul.o(.text)
    .text                                    0x08000458   Section        0  ddiv.o(.text)
    .text                                    0x08000536   Section        0  fflti.o(.text)
    .text                                    0x08000548   Section        0  dfltui.o(.text)
    .text                                    0x08000562   Section        0  ffixi.o(.text)
    .text                                    0x08000594   Section        0  ffixui.o(.text)
    .text                                    0x080005bc   Section        0  dfixui.o(.text)
    .text                                    0x080005ee   Section        0  f2d.o(.text)
    .text                                    0x08000614   Section       48  cdrcmple.o(.text)
    .text                                    0x08000644   Section        0  d2f.o(.text)
    .text                                    0x0800067c   Section        0  uidiv.o(.text)
    .text                                    0x080006a8   Section        0  uldiv.o(.text)
    .text                                    0x0800070a   Section        0  llshl.o(.text)
    .text                                    0x08000728   Section        0  llushr.o(.text)
    .text                                    0x08000748   Section        0  llsshr.o(.text)
    .text                                    0x0800076c   Section        0  fepilogue.o(.text)
    .text                                    0x0800076c   Section        0  iusefp.o(.text)
    .text                                    0x080007da   Section        0  depilogue.o(.text)
    .text                                    0x08000894   Section        0  dsqrt.o(.text)
    .text                                    0x08000936   Section        0  dfixul.o(.text)
    .text                                    0x08000968   Section       36  init.o(.text)
    i.BusFault_Handler                       0x0800098c   Section        0  stm32f10x_it.o(i.BusFault_Handler)
    i.CalculateChecksum                      0x08000990   Section        0  uart.o(i.CalculateChecksum)
    i.DIR1                                   0x080009b0   Section        0  contral.o(i.DIR1)
    i.DIR2                                   0x080009d0   Section        0  contral.o(i.DIR2)
    i.DIR3                                   0x080009f4   Section        0  contral.o(i.DIR3)
    i.DIR4                                   0x08000a18   Section        0  contral.o(i.DIR4)
    i.DMA_ClearFlag                          0x08000a38   Section        0  stm32f10x_dma.o(i.DMA_ClearFlag)
    i.DMA_Cmd                                0x08000a54   Section        0  stm32f10x_dma.o(i.DMA_Cmd)
    i.DMA_DeInit                             0x08000a6c   Section        0  stm32f10x_dma.o(i.DMA_DeInit)
    i.DMA_Init                               0x08000bb8   Section        0  stm32f10x_dma.o(i.DMA_Init)
    i.DMA_SetCurrDataCounter                 0x08000bf4   Section        0  stm32f10x_dma.o(i.DMA_SetCurrDataCounter)
    i.DebugMon_Handler                       0x08000bf8   Section        0  stm32f10x_it.o(i.DebugMon_Handler)
    i.GPIO_Init                              0x08000bfa   Section        0  stm32f10x_gpio.o(i.GPIO_Init)
    i.GPIO_PinRemapConfig                    0x08000d10   Section        0  stm32f10x_gpio.o(i.GPIO_PinRemapConfig)
    i.GPIO_ResetBits                         0x08000da0   Section        0  stm32f10x_gpio.o(i.GPIO_ResetBits)
    i.GPIO_SetBits                           0x08000da4   Section        0  stm32f10x_gpio.o(i.GPIO_SetBits)
    i.GPIO_WriteBit                          0x08000da8   Section        0  stm32f10x_gpio.o(i.GPIO_WriteBit)
    i.HardFault_Handler                      0x08000db2   Section        0  stm32f10x_it.o(i.HardFault_Handler)
    i.KEY_Init                               0x08000db8   Section        0  key.o(i.KEY_Init)
    i.LED_Init                               0x08000e68   Section        0  led.o(i.LED_Init)
    i.MOTOR1_Init                            0x08000ec8   Section        0  motor.o(i.MOTOR1_Init)
    i.MOTOR3_Init                            0x08001010   Section        0  motor.o(i.MOTOR3_Init)
    i.MOTOR4_Init                            0x0800114c   Section        0  motor.o(i.MOTOR4_Init)
    i.MOTOR5_Init                            0x0800128c   Section        0  motor.o(i.MOTOR5_Init)
    i.MOTOR7_Init                            0x080013c8   Section        0  motor.o(i.MOTOR7_Init)
    i.MOTOR8_Init                            0x08001518   Section        0  motor.o(i.MOTOR8_Init)
    i.MOTOR_Angle                            0x08001658   Section        0  contral.o(i.MOTOR_Angle)
    i.MOTOR_Direction                        0x08001684   Section        0  contral.o(i.MOTOR_Direction)
    i.MOTOR_Displacement                     0x08001700   Section        0  contral.o(i.MOTOR_Displacement)
    i.MOTOR_Displacement_mm                  0x08001738   Section        0  contral.o(i.MOTOR_Displacement_mm)
    i.MOTOR_TURN                             0x08001778   Section        0  contral.o(i.MOTOR_TURN)
    i.MSD_Move                               0x080017b8   Section        0  contral.o(i.MSD_Move)
    i.MSD_Move1                              0x08001968   Section        0  contral.o(i.MSD_Move1)
    i.MSD_Move2                              0x08001af4   Section        0  contral.o(i.MSD_Move2)
    i.MSD_StepCounter                        0x08001c84   Section        0  contral.o(i.MSD_StepCounter)
    i.MSD_StepCounter1                       0x08001ca4   Section        0  contral.o(i.MSD_StepCounter1)
    i.MSD_StepCounter2                       0x08001cc4   Section        0  contral.o(i.MSD_StepCounter2)
    i.MemManage_Handler                      0x08001ce4   Section        0  stm32f10x_it.o(i.MemManage_Handler)
    i.Motor1_DIR                             0x08001ce8   Section        0  contral.o(i.Motor1_DIR)
    i.NMI_Handler                            0x08001d08   Section        0  stm32f10x_it.o(i.NMI_Handler)
    i.NVIC_Init                              0x08001d0c   Section        0  misc.o(i.NVIC_Init)
    i.NVIC_PriorityGroupConfig               0x08001d7c   Section        0  misc.o(i.NVIC_PriorityGroupConfig)
    i.OLED_Clear                             0x08001d90   Section        0  oled.o(i.OLED_Clear)
    i.OLED_GPIO_Init                         0x08001db8   Section        0  oled.o(i.OLED_GPIO_Init)
    i.OLED_I2C_SendByte                      0x08001e18   Section        0  oled.o(i.OLED_I2C_SendByte)
    i.OLED_I2C_Start                         0x08001e56   Section        0  oled.o(i.OLED_I2C_Start)
    i.OLED_I2C_Stop                          0x08001e72   Section        0  oled.o(i.OLED_I2C_Stop)
    i.OLED_Init                              0x08001e88   Section        0  oled.o(i.OLED_Init)
    i.OLED_SetCursor                         0x08001f22   Section        0  oled.o(i.OLED_SetCursor)
    i.OLED_Update                            0x08001f44   Section        0  oled.o(i.OLED_Update)
    i.OLED_W_SCL                             0x08001f6c   Section        0  oled.o(i.OLED_W_SCL)
    i.OLED_W_SDA                             0x08001f84   Section        0  oled.o(i.OLED_W_SDA)
    i.OLED_WriteCommand                      0x08001f9c   Section        0  oled.o(i.OLED_WriteCommand)
    i.OLED_WriteData                         0x08001fbc   Section        0  oled.o(i.OLED_WriteData)
    i.ParseData                              0x08001fec   Section        0  uart.o(i.ParseData)
    i.PendSV_Handler                         0x08002128   Section        0  stm32f10x_it.o(i.PendSV_Handler)
    i.RCC_AHBPeriphClockCmd                  0x0800212c   Section        0  stm32f10x_rcc.o(i.RCC_AHBPeriphClockCmd)
    i.RCC_APB1PeriphClockCmd                 0x0800214c   Section        0  stm32f10x_rcc.o(i.RCC_APB1PeriphClockCmd)
    i.RCC_APB2PeriphClockCmd                 0x0800216c   Section        0  stm32f10x_rcc.o(i.RCC_APB2PeriphClockCmd)
    i.RCC_GetClocksFreq                      0x0800218c   Section        0  stm32f10x_rcc.o(i.RCC_GetClocksFreq)
    i.SERVO2_CONTRAL                         0x08002260   Section        0  servo.o(i.SERVO2_CONTRAL)
    i.SERVO3_CONTRAL                         0x080022ac   Section        0  servo.o(i.SERVO3_CONTRAL)
    i.SPI_Cmd                                0x080022f8   Section        0  stm32f10x_spi.o(i.SPI_Cmd)
    i.SPI_I2S_DMACmd                         0x08002310   Section        0  stm32f10x_spi.o(i.SPI_I2S_DMACmd)
    i.SPI_Init                               0x08002322   Section        0  stm32f10x_spi.o(i.SPI_Init)
    i.SVC_Handler                            0x0800235e   Section        0  stm32f10x_it.o(i.SVC_Handler)
    i.Serial1_GetRxFlag                      0x08002360   Section        0  uart.o(i.Serial1_GetRxFlag)
    i.Servo2_Init                            0x0800237c   Section        0  servo.o(i.Servo2_Init)
    i.Servo3_Init                            0x0800241c   Section        0  servo.o(i.Servo3_Init)
    i.SetSysClock                            0x080024bc   Section        0  system_stm32f10x.o(i.SetSysClock)
    SetSysClock                              0x080024bd   Thumb Code     8  system_stm32f10x.o(i.SetSysClock)
    i.SetSysClockTo72                        0x080024c4   Section        0  system_stm32f10x.o(i.SetSysClockTo72)
    SetSysClockTo72                          0x080024c5   Thumb Code   214  system_stm32f10x.o(i.SetSysClockTo72)
    i.SysTick_CLKSourceConfig                0x080025a4   Section        0  misc.o(i.SysTick_CLKSourceConfig)
    i.SysTick_Handler                        0x080025cc   Section        0  stm32f10x_it.o(i.SysTick_Handler)
    i.SystemInit                             0x080025d0   Section        0  system_stm32f10x.o(i.SystemInit)
    i.TIM2_IRQHandler                        0x08002630   Section        0  motor.o(i.TIM2_IRQHandler)
    i.TIM3_IRQHandler                        0x08002850   Section        0  motor.o(i.TIM3_IRQHandler)
    i.TIM4_IRQHandler                        0x08002a8c   Section        0  motor.o(i.TIM4_IRQHandler)
    i.TIM6_COUNT_Init                        0x08002cac   Section        0  time_count.o(i.TIM6_COUNT_Init)
    i.TIM6_IRQHandler                        0x08002d14   Section        0  time_count.o(i.TIM6_IRQHandler)
    i.TIM_ARRPreloadConfig                   0x08002d5c   Section        0  stm32f10x_tim.o(i.TIM_ARRPreloadConfig)
    i.TIM_ClearITPendingBit                  0x08002d74   Section        0  stm32f10x_tim.o(i.TIM_ClearITPendingBit)
    i.TIM_Cmd                                0x08002d7a   Section        0  stm32f10x_tim.o(i.TIM_Cmd)
    i.TIM_GetITStatus                        0x08002d92   Section        0  stm32f10x_tim.o(i.TIM_GetITStatus)
    i.TIM_ITConfig                           0x08002db4   Section        0  stm32f10x_tim.o(i.TIM_ITConfig)
    i.TIM_OC1Init                            0x08002dc8   Section        0  stm32f10x_tim.o(i.TIM_OC1Init)
    i.TIM_OC1PreloadConfig                   0x08002e60   Section        0  stm32f10x_tim.o(i.TIM_OC1PreloadConfig)
    i.TIM_OC2Init                            0x08002e74   Section        0  stm32f10x_tim.o(i.TIM_OC2Init)
    i.TIM_OC2PreloadConfig                   0x08002f18   Section        0  stm32f10x_tim.o(i.TIM_OC2PreloadConfig)
    i.TIM_OC3Init                            0x08002f34   Section        0  stm32f10x_tim.o(i.TIM_OC3Init)
    i.TIM_OC3PreloadConfig                   0x08002fd4   Section        0  stm32f10x_tim.o(i.TIM_OC3PreloadConfig)
    i.TIM_OC4Init                            0x08002fe8   Section        0  stm32f10x_tim.o(i.TIM_OC4Init)
    i.TIM_OC4PreloadConfig                   0x08003064   Section        0  stm32f10x_tim.o(i.TIM_OC4PreloadConfig)
    i.TIM_OCStructInit                       0x0800307e   Section        0  stm32f10x_tim.o(i.TIM_OCStructInit)
    i.TIM_SetAutoreload                      0x08003092   Section        0  stm32f10x_tim.o(i.TIM_SetAutoreload)
    i.TIM_SetCompare1                        0x08003096   Section        0  stm32f10x_tim.o(i.TIM_SetCompare1)
    i.TIM_SetCompare2                        0x0800309a   Section        0  stm32f10x_tim.o(i.TIM_SetCompare2)
    i.TIM_SetCompare3                        0x0800309e   Section        0  stm32f10x_tim.o(i.TIM_SetCompare3)
    i.TIM_SetCompare4                        0x080030a2   Section        0  stm32f10x_tim.o(i.TIM_SetCompare4)
    i.TIM_TimeBaseInit                       0x080030a8   Section        0  stm32f10x_tim.o(i.TIM_TimeBaseInit)
    i.TIM_TimeBaseStructInit                 0x0800314c   Section        0  stm32f10x_tim.o(i.TIM_TimeBaseStructInit)
    i.TIM_UpdateRequestConfig                0x0800315e   Section        0  stm32f10x_tim.o(i.TIM_UpdateRequestConfig)
    i.UART1_Init                             0x08003178   Section        0  uart.o(i.UART1_Init)
    i.UART2_Init                             0x08003220   Section        0  uart.o(i.UART2_Init)
    i.UART3_Init                             0x080032d4   Section        0  uart.o(i.UART3_Init)
    i.UART4_IRQHandler                       0x08003384   Section        0  uart.o(i.UART4_IRQHandler)
    i.UART4_Init                             0x0800343c   Section        0  uart.o(i.UART4_Init)
    i.UART4_SendBits                         0x080034e4   Section        0  uart.o(i.UART4_SendBits)
    i.UART_SendPacket2UP                     0x08003504   Section        0  uart.o(i.UART_SendPacket2UP)
    i.USART1_IRQHandler                      0x0800351c   Section        0  uart.o(i.USART1_IRQHandler)
    i.USART1_SendBits                        0x080035b0   Section        0  uart.o(i.USART1_SendBits)
    i.USART2_IRQHandler                      0x080035d0   Section        0  uart.o(i.USART2_IRQHandler)
    i.USART3_IRQHandler                      0x08003674   Section        0  uart.o(i.USART3_IRQHandler)
    i.USART_ClearITPendingBit                0x08003708   Section        0  stm32f10x_usart.o(i.USART_ClearITPendingBit)
    i.USART_Cmd                              0x08003726   Section        0  stm32f10x_usart.o(i.USART_Cmd)
    i.USART_GetFlagStatus                    0x0800373e   Section        0  stm32f10x_usart.o(i.USART_GetFlagStatus)
    i.USART_GetITStatus                      0x08003750   Section        0  stm32f10x_usart.o(i.USART_GetITStatus)
    i.USART_ITConfig                         0x080037a4   Section        0  stm32f10x_usart.o(i.USART_ITConfig)
    i.USART_Init                             0x080037f0   Section        0  stm32f10x_usart.o(i.USART_Init)
    i.USART_ReceiveData                      0x080038c8   Section        0  stm32f10x_usart.o(i.USART_ReceiveData)
    i.USART_SendData                         0x080038d2   Section        0  stm32f10x_usart.o(i.USART_SendData)
    i.UsageFault_Handler                     0x080038da   Section        0  stm32f10x_it.o(i.UsageFault_Handler)
    i.__0vsprintf                            0x080038e0   Section        0  printfa.o(i.__0vsprintf)
    i.__scatterload_copy                     0x08003904   Section       14  handlers.o(i.__scatterload_copy)
    i.__scatterload_null                     0x08003912   Section        2  handlers.o(i.__scatterload_null)
    i.__scatterload_zeroinit                 0x08003914   Section       14  handlers.o(i.__scatterload_zeroinit)
    i.__set_errno                            0x08003924   Section        0  errno.o(i.__set_errno)
    i._fp_digits                             0x08003930   Section        0  printfa.o(i._fp_digits)
    _fp_digits                               0x08003931   Thumb Code   366  printfa.o(i._fp_digits)
    i._printf_core                           0x08003ab4   Section        0  printfa.o(i._printf_core)
    _printf_core                             0x08003ab5   Thumb Code  1744  printfa.o(i._printf_core)
    i._printf_post_padding                   0x08004190   Section        0  printfa.o(i._printf_post_padding)
    _printf_post_padding                     0x08004191   Thumb Code    36  printfa.o(i._printf_post_padding)
    i._printf_pre_padding                    0x080041b4   Section        0  printfa.o(i._printf_pre_padding)
    _printf_pre_padding                      0x080041b5   Thumb Code    46  printfa.o(i._printf_pre_padding)
    i._sputc                                 0x080041e2   Section        0  printfa.o(i._sputc)
    _sputc                                   0x080041e3   Thumb Code    10  printfa.o(i._sputc)
    i.abs_int                                0x080041ec   Section        0  contral.o(i.abs_int)
    i.arrive2_circle_capture                 0x080041fc   Section        0  contral_claw.o(i.arrive2_circle_capture)
    i.arrive2_circle_capture2                0x08004220   Section        0  contral_claw.o(i.arrive2_circle_capture2)
    i.arrive_block_down                      0x08004244   Section        0  contral_claw.o(i.arrive_block_down)
    i.arrive_block_get                       0x08004268   Section        0  contral_claw.o(i.arrive_block_get)
    i.arrive_block_put                       0x0800428c   Section        0  contral_claw.o(i.arrive_block_put)
    i.arrive_block_put2                      0x080042b0   Section        0  contral_claw.o(i.arrive_block_put2)
    i.arrive_block_put3                      0x080042d4   Section        0  contral_claw.o(i.arrive_block_put3)
    i.arrive_block_wait                      0x080042f8   Section        0  contral_claw.o(i.arrive_block_wait)
    i.arrive_camera                          0x0800431c   Section        0  contral_claw.o(i.arrive_camera)
    i.arrive_camera2                         0x08004340   Section        0  contral_claw.o(i.arrive_camera2)
    i.arrive_circle_capture                  0x08004364   Section        0  contral_claw.o(i.arrive_circle_capture)
    i.arrive_circle_capture2                 0x08004388   Section        0  contral_claw.o(i.arrive_circle_capture2)
    i.arrive_most_up                         0x080043ac   Section        0  contral_claw.o(i.arrive_most_up)
    i.claw_Init                              0x080043d0   Section        0  contral.o(i.claw_Init)
    i.claw_close                             0x080043f0   Section        0  contral.o(i.claw_close)
    i.claw_get_block                         0x08004414   Section        0  contral_claw.o(i.claw_get_block)
    i.claw_get_block2                        0x08004474   Section        0  contral_claw.o(i.claw_get_block2)
    i.claw_open                              0x080044c8   Section        0  contral.o(i.claw_open)
    i.claw_position                          0x080044ec   Section        0  contral_claw.o(i.claw_position)
    i.claw_position2                         0x08004570   Section        0  contral_claw.o(i.claw_position2)
    i.claw_put_block                         0x080045e0   Section        0  contral_claw.o(i.claw_put_block)
    i.claw_put_block2                        0x08004644   Section        0  contral_claw.o(i.claw_put_block2)
    i.claw_put_block3                        0x0800469e   Section        0  contral_claw.o(i.claw_put_block3)
    i.claw_turn0                             0x080046f0   Section        0  contral.o(i.claw_turn0)
    i.claw_turn129                           0x08004704   Section        0  contral.o(i.claw_turn129)
    i.contral_motor_Init                     0x08004718   Section        0  contral.o(i.contral_motor_Init)
    i.delay_init                             0x0800472c   Section        0  delay.o(i.delay_init)
    i.delay_ms                               0x08004770   Section        0  delay.o(i.delay_ms)
    i.main                                   0x080047bc   Section        0  main.o(i.main)
    i.max_Return                             0x080047ee   Section        0  contral.o(i.max_Return)
    i.sqrt                                   0x08004818   Section        0  sqrt.o(i.sqrt)
    i.support_turn120                        0x08004864   Section        0  contral.o(i.support_turn120)
    i.system_Init                            0x08004876   Section        0  system_init.o(i.system_Init)
    i.u2_printf                              0x080048b0   Section        0  uart.o(i.u2_printf)
    i.uart_handle                            0x08004944   Section        0  contral.o(i.uart_handle)
    i.ws2812_AllShutOff                      0x08004e98   Section        0  ws2812.o(i.ws2812_AllShutOff)
    i.ws2812_DMA_Init                        0x08004ed0   Section        0  ws2812.o(i.ws2812_DMA_Init)
    i.ws2812_GPIO_Init                       0x08004f28   Section        0  ws2812.o(i.ws2812_GPIO_Init)
    i.ws2812_Init                            0x08004f54   Section        0  ws2812.o(i.ws2812_Init)
    i.ws2812_SPI_Init                        0x08004f70   Section        0  ws2812.o(i.ws2812_SPI_Init)
    i.ws2812_Send_Data                       0x08004fd8   Section        0  ws2812.o(i.ws2812_Send_Data)
    .data                                    0x20000000   Section       13  main.o(.data)
    .data                                    0x20000010   Section       20  system_stm32f10x.o(.data)
    .data                                    0x20000024   Section        4  delay.o(.data)
    fac_us                                   0x20000024   Data           1  delay.o(.data)
    fac_ms                                   0x20000026   Data           2  delay.o(.data)
    .data                                    0x20000028   Section       20  stm32f10x_rcc.o(.data)
    APBAHBPrescTable                         0x20000028   Data          16  stm32f10x_rcc.o(.data)
    ADCPrescTable                            0x20000038   Data           4  stm32f10x_rcc.o(.data)
    .data                                    0x2000003c   Section       36  motor.o(.data)
    last_accel_delay                         0x2000003c   Data           4  motor.o(.data)
    step_count                               0x20000040   Data           4  motor.o(.data)
    rest                                     0x20000044   Data           4  motor.o(.data)
    last_accel_delay                         0x20000048   Data           4  motor.o(.data)
    step_count                               0x2000004c   Data           4  motor.o(.data)
    rest                                     0x20000050   Data           4  motor.o(.data)
    last_accel_delay                         0x20000054   Data           4  motor.o(.data)
    step_count                               0x20000058   Data           4  motor.o(.data)
    rest                                     0x2000005c   Data           4  motor.o(.data)
    .data                                    0x20000060   Section       45  uart.o(.data)
    RX1State                                 0x20000085   Data           1  uart.o(.data)
    pRx1Packet                               0x20000086   Data           1  uart.o(.data)
    RX2State                                 0x20000087   Data           1  uart.o(.data)
    pRx2Packet                               0x20000088   Data           1  uart.o(.data)
    RX3State                                 0x20000089   Data           1  uart.o(.data)
    pRx3Packet                               0x2000008a   Data           1  uart.o(.data)
    RX4State                                 0x2000008b   Data           1  uart.o(.data)
    pRx4Packet                               0x2000008c   Data           1  uart.o(.data)
    .data                                    0x20000090   Section       28  contral.o(.data)
    .data                                    0x200000ac   Section        1  time_count.o(.data)
    flag                                     0x200000ac   Data           1  time_count.o(.data)
    .data                                    0x200000ae   Section        6  contral_claw.o(.data)
    .data                                    0x200000b4   Section        4  errno.o(.data)
    _errno                                   0x200000b4   Data           4  errno.o(.data)
    .bss                                     0x200000b8   Section      233  uart.o(.bss)
    .bss                                     0x200001a4   Section       72  contral.o(.bss)
    .bss                                     0x200001ec   Section      362  ws2812.o(.bss)
    .bss                                     0x20000356   Section     1024  oled.o(.bss)
    STACK                                    0x20000758   Section     1024  startup_stm32f10x_hd.o(STACK)

    Global Symbols

    Symbol Name                              Value     Ov Type        Size  Object(Section)

    BuildAttributes$$THM_ISAv4$P$D$K$B$S$PE$A:L22UL41UL21$X:L11$S22US41US21$IEEE1$IW$USESV6$~STKCKD$USESV7$~SHL$OTIME$ROPI$IEEEX$EBA8$MICROLIB$REQ8$PRES8$EABIv2 0x00000000   Number         0  anon$$obj.o ABSOLUTE
    __ARM_use_no_argv                        0x00000000   Number         0  main.o ABSOLUTE
    __cpp_initialize__aeabi_                  - Undefined Weak Reference
    __cxa_finalize                            - Undefined Weak Reference
    __decompress                              - Undefined Weak Reference
    _clock_init                               - Undefined Weak Reference
    _microlib_exit                            - Undefined Weak Reference
    __Vectors_Size                           0x00000130   Number         0  startup_stm32f10x_hd.o ABSOLUTE
    __Vectors                                0x08000000   Data           4  startup_stm32f10x_hd.o(RESET)
    __Vectors_End                            0x08000130   Data           0  startup_stm32f10x_hd.o(RESET)
    __main                                   0x08000131   Thumb Code     0  entry.o(.ARM.Collect$$$$00000000)
    _main_stk                                0x08000131   Thumb Code     0  entry2.o(.ARM.Collect$$$$00000001)
    _main_scatterload                        0x08000135   Thumb Code     0  entry5.o(.ARM.Collect$$$$00000004)
    __main_after_scatterload                 0x08000139   Thumb Code     0  entry5.o(.ARM.Collect$$$$00000004)
    _main_clock                              0x08000139   Thumb Code     0  entry7b.o(.ARM.Collect$$$$00000008)
    _main_cpp_init                           0x08000139   Thumb Code     0  entry8b.o(.ARM.Collect$$$$0000000A)
    _main_init                               0x08000139   Thumb Code     0  entry9a.o(.ARM.Collect$$$$0000000B)
    __rt_final_cpp                           0x08000141   Thumb Code     0  entry10a.o(.ARM.Collect$$$$0000000D)
    __rt_final_exit                          0x08000141   Thumb Code     0  entry11a.o(.ARM.Collect$$$$0000000F)
    Reset_Handler                            0x08000145   Thumb Code     8  startup_stm32f10x_hd.o(.text)
    ADC1_2_IRQHandler                        0x0800015f   Thumb Code     0  startup_stm32f10x_hd.o(.text)
    ADC3_IRQHandler                          0x0800015f   Thumb Code     0  startup_stm32f10x_hd.o(.text)
    CAN1_RX1_IRQHandler                      0x0800015f   Thumb Code     0  startup_stm32f10x_hd.o(.text)
    CAN1_SCE_IRQHandler                      0x0800015f   Thumb Code     0  startup_stm32f10x_hd.o(.text)
    DMA1_Channel1_IRQHandler                 0x0800015f   Thumb Code     0  startup_stm32f10x_hd.o(.text)
    DMA1_Channel2_IRQHandler                 0x0800015f   Thumb Code     0  startup_stm32f10x_hd.o(.text)
    DMA1_Channel3_IRQHandler                 0x0800015f   Thumb Code     0  startup_stm32f10x_hd.o(.text)
    DMA1_Channel4_IRQHandler                 0x0800015f   Thumb Code     0  startup_stm32f10x_hd.o(.text)
    DMA1_Channel5_IRQHandler                 0x0800015f   Thumb Code     0  startup_stm32f10x_hd.o(.text)
    DMA1_Channel6_IRQHandler                 0x0800015f   Thumb Code     0  startup_stm32f10x_hd.o(.text)
    DMA1_Channel7_IRQHandler                 0x0800015f   Thumb Code     0  startup_stm32f10x_hd.o(.text)
    DMA2_Channel1_IRQHandler                 0x0800015f   Thumb Code     0  startup_stm32f10x_hd.o(.text)
    DMA2_Channel2_IRQHandler                 0x0800015f   Thumb Code     0  startup_stm32f10x_hd.o(.text)
    DMA2_Channel3_IRQHandler                 0x0800015f   Thumb Code     0  startup_stm32f10x_hd.o(.text)
    DMA2_Channel4_5_IRQHandler               0x0800015f   Thumb Code     0  startup_stm32f10x_hd.o(.text)
    EXTI0_IRQHandler                         0x0800015f   Thumb Code     0  startup_stm32f10x_hd.o(.text)
    EXTI15_10_IRQHandler                     0x0800015f   Thumb Code     0  startup_stm32f10x_hd.o(.text)
    EXTI1_IRQHandler                         0x0800015f   Thumb Code     0  startup_stm32f10x_hd.o(.text)
    EXTI2_IRQHandler                         0x0800015f   Thumb Code     0  startup_stm32f10x_hd.o(.text)
    EXTI3_IRQHandler                         0x0800015f   Thumb Code     0  startup_stm32f10x_hd.o(.text)
    EXTI4_IRQHandler                         0x0800015f   Thumb Code     0  startup_stm32f10x_hd.o(.text)
    EXTI9_5_IRQHandler                       0x0800015f   Thumb Code     0  startup_stm32f10x_hd.o(.text)
    FLASH_IRQHandler                         0x0800015f   Thumb Code     0  startup_stm32f10x_hd.o(.text)
    FSMC_IRQHandler                          0x0800015f   Thumb Code     0  startup_stm32f10x_hd.o(.text)
    I2C1_ER_IRQHandler                       0x0800015f   Thumb Code     0  startup_stm32f10x_hd.o(.text)
    I2C1_EV_IRQHandler                       0x0800015f   Thumb Code     0  startup_stm32f10x_hd.o(.text)
    I2C2_ER_IRQHandler                       0x0800015f   Thumb Code     0  startup_stm32f10x_hd.o(.text)
    I2C2_EV_IRQHandler                       0x0800015f   Thumb Code     0  startup_stm32f10x_hd.o(.text)
    PVD_IRQHandler                           0x0800015f   Thumb Code     0  startup_stm32f10x_hd.o(.text)
    RCC_IRQHandler                           0x0800015f   Thumb Code     0  startup_stm32f10x_hd.o(.text)
    RTCAlarm_IRQHandler                      0x0800015f   Thumb Code     0  startup_stm32f10x_hd.o(.text)
    RTC_IRQHandler                           0x0800015f   Thumb Code     0  startup_stm32f10x_hd.o(.text)
    SDIO_IRQHandler                          0x0800015f   Thumb Code     0  startup_stm32f10x_hd.o(.text)
    SPI1_IRQHandler                          0x0800015f   Thumb Code     0  startup_stm32f10x_hd.o(.text)
    SPI2_IRQHandler                          0x0800015f   Thumb Code     0  startup_stm32f10x_hd.o(.text)
    SPI3_IRQHandler                          0x0800015f   Thumb Code     0  startup_stm32f10x_hd.o(.text)
    TAMPER_IRQHandler                        0x0800015f   Thumb Code     0  startup_stm32f10x_hd.o(.text)
    TIM1_BRK_IRQHandler                      0x0800015f   Thumb Code     0  startup_stm32f10x_hd.o(.text)
    TIM1_CC_IRQHandler                       0x0800015f   Thumb Code     0  startup_stm32f10x_hd.o(.text)
    TIM1_TRG_COM_IRQHandler                  0x0800015f   Thumb Code     0  startup_stm32f10x_hd.o(.text)
    TIM1_UP_IRQHandler                       0x0800015f   Thumb Code     0  startup_stm32f10x_hd.o(.text)
    TIM5_IRQHandler                          0x0800015f   Thumb Code     0  startup_stm32f10x_hd.o(.text)
    TIM7_IRQHandler                          0x0800015f   Thumb Code     0  startup_stm32f10x_hd.o(.text)
    TIM8_BRK_IRQHandler                      0x0800015f   Thumb Code     0  startup_stm32f10x_hd.o(.text)
    TIM8_CC_IRQHandler                       0x0800015f   Thumb Code     0  startup_stm32f10x_hd.o(.text)
    TIM8_TRG_COM_IRQHandler                  0x0800015f   Thumb Code     0  startup_stm32f10x_hd.o(.text)
    TIM8_UP_IRQHandler                       0x0800015f   Thumb Code     0  startup_stm32f10x_hd.o(.text)
    UART5_IRQHandler                         0x0800015f   Thumb Code     0  startup_stm32f10x_hd.o(.text)
    USBWakeUp_IRQHandler                     0x0800015f   Thumb Code     0  startup_stm32f10x_hd.o(.text)
    USB_HP_CAN1_TX_IRQHandler                0x0800015f   Thumb Code     0  startup_stm32f10x_hd.o(.text)
    USB_LP_CAN1_RX0_IRQHandler               0x0800015f   Thumb Code     0  startup_stm32f10x_hd.o(.text)
    WWDG_IRQHandler                          0x0800015f   Thumb Code     0  startup_stm32f10x_hd.o(.text)
    strlen                                   0x08000169   Thumb Code    14  strlen.o(.text)
    __aeabi_fadd                             0x08000177   Thumb Code   164  fadd.o(.text)
    __aeabi_fsub                             0x0800021b   Thumb Code     6  fadd.o(.text)
    __aeabi_frsub                            0x08000221   Thumb Code     6  fadd.o(.text)
    __aeabi_dadd                             0x08000227   Thumb Code   322  dadd.o(.text)
    __aeabi_dsub                             0x08000369   Thumb Code     6  dadd.o(.text)
    __aeabi_drsub                            0x0800036f   Thumb Code     6  dadd.o(.text)
    __aeabi_dmul                             0x08000375   Thumb Code   228  dmul.o(.text)
    __aeabi_ddiv                             0x08000459   Thumb Code   222  ddiv.o(.text)
    __aeabi_i2f                              0x08000537   Thumb Code    18  fflti.o(.text)
    __aeabi_ui2d                             0x08000549   Thumb Code    26  dfltui.o(.text)
    __aeabi_f2iz                             0x08000563   Thumb Code    50  ffixi.o(.text)
    __aeabi_f2uiz                            0x08000595   Thumb Code    40  ffixui.o(.text)
    __aeabi_d2uiz                            0x080005bd   Thumb Code    50  dfixui.o(.text)
    __aeabi_f2d                              0x080005ef   Thumb Code    38  f2d.o(.text)
    __aeabi_cdrcmple                         0x08000615   Thumb Code    48  cdrcmple.o(.text)
    __aeabi_d2f                              0x08000645   Thumb Code    56  d2f.o(.text)
    __aeabi_uidiv                            0x0800067d   Thumb Code     0  uidiv.o(.text)
    __aeabi_uidivmod                         0x0800067d   Thumb Code    44  uidiv.o(.text)
    __aeabi_uldivmod                         0x080006a9   Thumb Code    98  uldiv.o(.text)
    __aeabi_llsl                             0x0800070b   Thumb Code    30  llshl.o(.text)
    _ll_shift_l                              0x0800070b   Thumb Code     0  llshl.o(.text)
    __aeabi_llsr                             0x08000729   Thumb Code    32  llushr.o(.text)
    _ll_ushift_r                             0x08000729   Thumb Code     0  llushr.o(.text)
    __aeabi_lasr                             0x08000749   Thumb Code    36  llsshr.o(.text)
    _ll_sshift_r                             0x08000749   Thumb Code     0  llsshr.o(.text)
    __I$use$fp                               0x0800076d   Thumb Code     0  iusefp.o(.text)
    _float_round                             0x0800076d   Thumb Code    18  fepilogue.o(.text)
    _float_epilogue                          0x0800077f   Thumb Code    92  fepilogue.o(.text)
    _double_round                            0x080007db   Thumb Code    30  depilogue.o(.text)
    _double_epilogue                         0x080007f9   Thumb Code   156  depilogue.o(.text)
    _dsqrt                                   0x08000895   Thumb Code   162  dsqrt.o(.text)
    __aeabi_d2ulz                            0x08000937   Thumb Code    48  dfixul.o(.text)
    __scatterload                            0x08000969   Thumb Code    28  init.o(.text)
    __scatterload_rt2                        0x08000969   Thumb Code     0  init.o(.text)
    BusFault_Handler                         0x0800098d   Thumb Code     4  stm32f10x_it.o(i.BusFault_Handler)
    CalculateChecksum                        0x08000991   Thumb Code    30  uart.o(i.CalculateChecksum)
    DIR1                                     0x080009b1   Thumb Code    26  contral.o(i.DIR1)
    DIR2                                     0x080009d1   Thumb Code    30  contral.o(i.DIR2)
    DIR3                                     0x080009f5   Thumb Code    30  contral.o(i.DIR3)
    DIR4                                     0x08000a19   Thumb Code    26  contral.o(i.DIR4)
    DMA_ClearFlag                            0x08000a39   Thumb Code    18  stm32f10x_dma.o(i.DMA_ClearFlag)
    DMA_Cmd                                  0x08000a55   Thumb Code    24  stm32f10x_dma.o(i.DMA_Cmd)
    DMA_DeInit                               0x08000a6d   Thumb Code   324  stm32f10x_dma.o(i.DMA_DeInit)
    DMA_Init                                 0x08000bb9   Thumb Code    60  stm32f10x_dma.o(i.DMA_Init)
    DMA_SetCurrDataCounter                   0x08000bf5   Thumb Code     4  stm32f10x_dma.o(i.DMA_SetCurrDataCounter)
    DebugMon_Handler                         0x08000bf9   Thumb Code     2  stm32f10x_it.o(i.DebugMon_Handler)
    GPIO_Init                                0x08000bfb   Thumb Code   278  stm32f10x_gpio.o(i.GPIO_Init)
    GPIO_PinRemapConfig                      0x08000d11   Thumb Code   138  stm32f10x_gpio.o(i.GPIO_PinRemapConfig)
    GPIO_ResetBits                           0x08000da1   Thumb Code     4  stm32f10x_gpio.o(i.GPIO_ResetBits)
    GPIO_SetBits                             0x08000da5   Thumb Code     4  stm32f10x_gpio.o(i.GPIO_SetBits)
    GPIO_WriteBit                            0x08000da9   Thumb Code    10  stm32f10x_gpio.o(i.GPIO_WriteBit)
    HardFault_Handler                        0x08000db3   Thumb Code     4  stm32f10x_it.o(i.HardFault_Handler)
    KEY_Init                                 0x08000db9   Thumb Code   164  key.o(i.KEY_Init)
    LED_Init                                 0x08000e69   Thumb Code    88  led.o(i.LED_Init)
    MOTOR1_Init                              0x08000ec9   Thumb Code   312  motor.o(i.MOTOR1_Init)
    MOTOR3_Init                              0x08001011   Thumb Code   300  motor.o(i.MOTOR3_Init)
    MOTOR4_Init                              0x0800114d   Thumb Code   302  motor.o(i.MOTOR4_Init)
    MOTOR5_Init                              0x0800128d   Thumb Code   298  motor.o(i.MOTOR5_Init)
    MOTOR7_Init                              0x080013c9   Thumb Code   314  motor.o(i.MOTOR7_Init)
    MOTOR8_Init                              0x08001519   Thumb Code   304  motor.o(i.MOTOR8_Init)
    MOTOR_Angle                              0x08001659   Thumb Code    40  contral.o(i.MOTOR_Angle)
    MOTOR_Direction                          0x08001685   Thumb Code   124  contral.o(i.MOTOR_Direction)
    MOTOR_Displacement                       0x08001701   Thumb Code    52  contral.o(i.MOTOR_Displacement)
    MOTOR_Displacement_mm                    0x08001739   Thumb Code    60  contral.o(i.MOTOR_Displacement_mm)
    MOTOR_TURN                               0x08001779   Thumb Code    64  contral.o(i.MOTOR_TURN)
    MSD_Move                                 0x080017b9   Thumb Code   406  contral.o(i.MSD_Move)
    MSD_Move1                                0x08001969   Thumb Code   374  contral.o(i.MSD_Move1)
    MSD_Move2                                0x08001af5   Thumb Code   374  contral.o(i.MSD_Move2)
    MSD_StepCounter                          0x08001c85   Thumb Code    28  contral.o(i.MSD_StepCounter)
    MSD_StepCounter1                         0x08001ca5   Thumb Code    28  contral.o(i.MSD_StepCounter1)
    MSD_StepCounter2                         0x08001cc5   Thumb Code    28  contral.o(i.MSD_StepCounter2)
    MemManage_Handler                        0x08001ce5   Thumb Code     4  stm32f10x_it.o(i.MemManage_Handler)
    Motor1_DIR                               0x08001ce9   Thumb Code    26  contral.o(i.Motor1_DIR)
    NMI_Handler                              0x08001d09   Thumb Code     2  stm32f10x_it.o(i.NMI_Handler)
    NVIC_Init                                0x08001d0d   Thumb Code   100  misc.o(i.NVIC_Init)
    NVIC_PriorityGroupConfig                 0x08001d7d   Thumb Code    10  misc.o(i.NVIC_PriorityGroupConfig)
    OLED_Clear                               0x08001d91   Thumb Code    36  oled.o(i.OLED_Clear)
    OLED_GPIO_Init                           0x08001db9   Thumb Code    92  oled.o(i.OLED_GPIO_Init)
    OLED_I2C_SendByte                        0x08001e19   Thumb Code    62  oled.o(i.OLED_I2C_SendByte)
    OLED_I2C_Start                           0x08001e57   Thumb Code    28  oled.o(i.OLED_I2C_Start)
    OLED_I2C_Stop                            0x08001e73   Thumb Code    22  oled.o(i.OLED_I2C_Stop)
    OLED_Init                                0x08001e89   Thumb Code   154  oled.o(i.OLED_Init)
    OLED_SetCursor                           0x08001f23   Thumb Code    34  oled.o(i.OLED_SetCursor)
    OLED_Update                              0x08001f45   Thumb Code    36  oled.o(i.OLED_Update)
    OLED_W_SCL                               0x08001f6d   Thumb Code    18  oled.o(i.OLED_W_SCL)
    OLED_W_SDA                               0x08001f85   Thumb Code    18  oled.o(i.OLED_W_SDA)
    OLED_WriteCommand                        0x08001f9d   Thumb Code    32  oled.o(i.OLED_WriteCommand)
    OLED_WriteData                           0x08001fbd   Thumb Code    46  oled.o(i.OLED_WriteData)
    ParseData                                0x08001fed   Thumb Code   288  uart.o(i.ParseData)
    PendSV_Handler                           0x08002129   Thumb Code     2  stm32f10x_it.o(i.PendSV_Handler)
    RCC_AHBPeriphClockCmd                    0x0800212d   Thumb Code    26  stm32f10x_rcc.o(i.RCC_AHBPeriphClockCmd)
    RCC_APB1PeriphClockCmd                   0x0800214d   Thumb Code    26  stm32f10x_rcc.o(i.RCC_APB1PeriphClockCmd)
    RCC_APB2PeriphClockCmd                   0x0800216d   Thumb Code    26  stm32f10x_rcc.o(i.RCC_APB2PeriphClockCmd)
    RCC_GetClocksFreq                        0x0800218d   Thumb Code   192  stm32f10x_rcc.o(i.RCC_GetClocksFreq)
    SERVO2_CONTRAL                           0x08002261   Thumb Code    60  servo.o(i.SERVO2_CONTRAL)
    SERVO3_CONTRAL                           0x080022ad   Thumb Code    60  servo.o(i.SERVO3_CONTRAL)
    SPI_Cmd                                  0x080022f9   Thumb Code    24  stm32f10x_spi.o(i.SPI_Cmd)
    SPI_I2S_DMACmd                           0x08002311   Thumb Code    18  stm32f10x_spi.o(i.SPI_I2S_DMACmd)
    SPI_Init                                 0x08002323   Thumb Code    60  stm32f10x_spi.o(i.SPI_Init)
    SVC_Handler                              0x0800235f   Thumb Code     2  stm32f10x_it.o(i.SVC_Handler)
    Serial1_GetRxFlag                        0x08002361   Thumb Code    22  uart.o(i.Serial1_GetRxFlag)
    Servo2_Init                              0x0800237d   Thumb Code   150  servo.o(i.Servo2_Init)
    Servo3_Init                              0x0800241d   Thumb Code   150  servo.o(i.Servo3_Init)
    SysTick_CLKSourceConfig                  0x080025a5   Thumb Code    40  misc.o(i.SysTick_CLKSourceConfig)
    SysTick_Handler                          0x080025cd   Thumb Code     2  stm32f10x_it.o(i.SysTick_Handler)
    SystemInit                               0x080025d1   Thumb Code    78  system_stm32f10x.o(i.SystemInit)
    TIM2_IRQHandler                          0x08002631   Thumb Code   524  motor.o(i.TIM2_IRQHandler)
    TIM3_IRQHandler                          0x08002851   Thumb Code   550  motor.o(i.TIM3_IRQHandler)
    TIM4_IRQHandler                          0x08002a8d   Thumb Code   524  motor.o(i.TIM4_IRQHandler)
    TIM6_COUNT_Init                          0x08002cad   Thumb Code   100  time_count.o(i.TIM6_COUNT_Init)
    TIM6_IRQHandler                          0x08002d15   Thumb Code    54  time_count.o(i.TIM6_IRQHandler)
    TIM_ARRPreloadConfig                     0x08002d5d   Thumb Code    24  stm32f10x_tim.o(i.TIM_ARRPreloadConfig)
    TIM_ClearITPendingBit                    0x08002d75   Thumb Code     6  stm32f10x_tim.o(i.TIM_ClearITPendingBit)
    TIM_Cmd                                  0x08002d7b   Thumb Code    24  stm32f10x_tim.o(i.TIM_Cmd)
    TIM_GetITStatus                          0x08002d93   Thumb Code    34  stm32f10x_tim.o(i.TIM_GetITStatus)
    TIM_ITConfig                             0x08002db5   Thumb Code    18  stm32f10x_tim.o(i.TIM_ITConfig)
    TIM_OC1Init                              0x08002dc9   Thumb Code   132  stm32f10x_tim.o(i.TIM_OC1Init)
    TIM_OC1PreloadConfig                     0x08002e61   Thumb Code    18  stm32f10x_tim.o(i.TIM_OC1PreloadConfig)
    TIM_OC2Init                              0x08002e75   Thumb Code   154  stm32f10x_tim.o(i.TIM_OC2Init)
    TIM_OC2PreloadConfig                     0x08002f19   Thumb Code    26  stm32f10x_tim.o(i.TIM_OC2PreloadConfig)
    TIM_OC3Init                              0x08002f35   Thumb Code   150  stm32f10x_tim.o(i.TIM_OC3Init)
    TIM_OC3PreloadConfig                     0x08002fd5   Thumb Code    18  stm32f10x_tim.o(i.TIM_OC3PreloadConfig)
    TIM_OC4Init                              0x08002fe9   Thumb Code   114  stm32f10x_tim.o(i.TIM_OC4Init)
    TIM_OC4PreloadConfig                     0x08003065   Thumb Code    26  stm32f10x_tim.o(i.TIM_OC4PreloadConfig)
    TIM_OCStructInit                         0x0800307f   Thumb Code    20  stm32f10x_tim.o(i.TIM_OCStructInit)
    TIM_SetAutoreload                        0x08003093   Thumb Code     4  stm32f10x_tim.o(i.TIM_SetAutoreload)
    TIM_SetCompare1                          0x08003097   Thumb Code     4  stm32f10x_tim.o(i.TIM_SetCompare1)
    TIM_SetCompare2                          0x0800309b   Thumb Code     4  stm32f10x_tim.o(i.TIM_SetCompare2)
    TIM_SetCompare3                          0x0800309f   Thumb Code     4  stm32f10x_tim.o(i.TIM_SetCompare3)
    TIM_SetCompare4                          0x080030a3   Thumb Code     6  stm32f10x_tim.o(i.TIM_SetCompare4)
    TIM_TimeBaseInit                         0x080030a9   Thumb Code   122  stm32f10x_tim.o(i.TIM_TimeBaseInit)
    TIM_TimeBaseStructInit                   0x0800314d   Thumb Code    18  stm32f10x_tim.o(i.TIM_TimeBaseStructInit)
    TIM_UpdateRequestConfig                  0x0800315f   Thumb Code    24  stm32f10x_tim.o(i.TIM_UpdateRequestConfig)
    UART1_Init                               0x08003179   Thumb Code   160  uart.o(i.UART1_Init)
    UART2_Init                               0x08003221   Thumb Code   172  uart.o(i.UART2_Init)
    UART3_Init                               0x080032d5   Thumb Code   168  uart.o(i.UART3_Init)
    UART4_IRQHandler                         0x08003385   Thumb Code   166  uart.o(i.UART4_IRQHandler)
    UART4_Init                               0x0800343d   Thumb Code   158  uart.o(i.UART4_Init)
    UART4_SendBits                           0x080034e5   Thumb Code    26  uart.o(i.UART4_SendBits)
    UART_SendPacket2UP                       0x08003505   Thumb Code    24  uart.o(i.UART_SendPacket2UP)
    USART1_IRQHandler                        0x0800351d   Thumb Code   128  uart.o(i.USART1_IRQHandler)
    USART1_SendBits                          0x080035b1   Thumb Code    26  uart.o(i.USART1_SendBits)
    USART2_IRQHandler                        0x080035d1   Thumb Code   142  uart.o(i.USART2_IRQHandler)
    USART3_IRQHandler                        0x08003675   Thumb Code   128  uart.o(i.USART3_IRQHandler)
    USART_ClearITPendingBit                  0x08003709   Thumb Code    30  stm32f10x_usart.o(i.USART_ClearITPendingBit)
    USART_Cmd                                0x08003727   Thumb Code    24  stm32f10x_usart.o(i.USART_Cmd)
    USART_GetFlagStatus                      0x0800373f   Thumb Code    18  stm32f10x_usart.o(i.USART_GetFlagStatus)
    USART_GetITStatus                        0x08003751   Thumb Code    84  stm32f10x_usart.o(i.USART_GetITStatus)
    USART_ITConfig                           0x080037a5   Thumb Code    74  stm32f10x_usart.o(i.USART_ITConfig)
    USART_Init                               0x080037f1   Thumb Code   210  stm32f10x_usart.o(i.USART_Init)
    USART_ReceiveData                        0x080038c9   Thumb Code    10  stm32f10x_usart.o(i.USART_ReceiveData)
    USART_SendData                           0x080038d3   Thumb Code     8  stm32f10x_usart.o(i.USART_SendData)
    UsageFault_Handler                       0x080038db   Thumb Code     4  stm32f10x_it.o(i.UsageFault_Handler)
    __0vsprintf                              0x080038e1   Thumb Code    30  printfa.o(i.__0vsprintf)
    __1vsprintf                              0x080038e1   Thumb Code     0  printfa.o(i.__0vsprintf)
    __2vsprintf                              0x080038e1   Thumb Code     0  printfa.o(i.__0vsprintf)
    __c89vsprintf                            0x080038e1   Thumb Code     0  printfa.o(i.__0vsprintf)
    vsprintf                                 0x080038e1   Thumb Code     0  printfa.o(i.__0vsprintf)
    __scatterload_copy                       0x08003905   Thumb Code    14  handlers.o(i.__scatterload_copy)
    __scatterload_null                       0x08003913   Thumb Code     2  handlers.o(i.__scatterload_null)
    __scatterload_zeroinit                   0x08003915   Thumb Code    14  handlers.o(i.__scatterload_zeroinit)
    __set_errno                              0x08003925   Thumb Code     6  errno.o(i.__set_errno)
    abs_int                                  0x080041ed   Thumb Code    16  contral.o(i.abs_int)
    arrive2_circle_capture                   0x080041fd   Thumb Code    32  contral_claw.o(i.arrive2_circle_capture)
    arrive2_circle_capture2                  0x08004221   Thumb Code    32  contral_claw.o(i.arrive2_circle_capture2)
    arrive_block_down                        0x08004245   Thumb Code    32  contral_claw.o(i.arrive_block_down)
    arrive_block_get                         0x08004269   Thumb Code    32  contral_claw.o(i.arrive_block_get)
    arrive_block_put                         0x0800428d   Thumb Code    32  contral_claw.o(i.arrive_block_put)
    arrive_block_put2                        0x080042b1   Thumb Code    32  contral_claw.o(i.arrive_block_put2)
    arrive_block_put3                        0x080042d5   Thumb Code    32  contral_claw.o(i.arrive_block_put3)
    arrive_block_wait                        0x080042f9   Thumb Code    32  contral_claw.o(i.arrive_block_wait)
    arrive_camera                            0x0800431d   Thumb Code    32  contral_claw.o(i.arrive_camera)
    arrive_camera2                           0x08004341   Thumb Code    32  contral_claw.o(i.arrive_camera2)
    arrive_circle_capture                    0x08004365   Thumb Code    32  contral_claw.o(i.arrive_circle_capture)
    arrive_circle_capture2                   0x08004389   Thumb Code    32  contral_claw.o(i.arrive_circle_capture2)
    arrive_most_up                           0x080043ad   Thumb Code    32  contral_claw.o(i.arrive_most_up)
    claw_Init                                0x080043d1   Thumb Code    26  contral.o(i.claw_Init)
    claw_close                               0x080043f1   Thumb Code    32  contral.o(i.claw_close)
    claw_get_block                           0x08004415   Thumb Code    96  contral_claw.o(i.claw_get_block)
    claw_get_block2                          0x08004475   Thumb Code    84  contral_claw.o(i.claw_get_block2)
    claw_open                                0x080044c9   Thumb Code    32  contral.o(i.claw_open)
    claw_position                            0x080044ed   Thumb Code   120  contral_claw.o(i.claw_position)
    claw_position2                           0x08004571   Thumb Code   100  contral_claw.o(i.claw_position2)
    claw_put_block                           0x080045e1   Thumb Code   100  contral_claw.o(i.claw_put_block)
    claw_put_block2                          0x08004645   Thumb Code    90  contral_claw.o(i.claw_put_block2)
    claw_put_block3                          0x0800469f   Thumb Code    82  contral_claw.o(i.claw_put_block3)
    claw_turn0                               0x080046f1   Thumb Code    14  contral.o(i.claw_turn0)
    claw_turn129                             0x08004705   Thumb Code    14  contral.o(i.claw_turn129)
    contral_motor_Init                       0x08004719   Thumb Code    20  contral.o(i.contral_motor_Init)
    delay_init                               0x0800472d   Thumb Code    50  delay.o(i.delay_init)
    delay_ms                                 0x08004771   Thumb Code    72  delay.o(i.delay_ms)
    main                                     0x080047bd   Thumb Code    50  main.o(i.main)
    max_Return                               0x080047ef   Thumb Code    42  contral.o(i.max_Return)
    sqrt                                     0x08004819   Thumb Code    76  sqrt.o(i.sqrt)
    support_turn120                          0x08004865   Thumb Code    18  contral.o(i.support_turn120)
    system_Init                              0x08004877   Thumb Code    58  system_init.o(i.system_Init)
    u2_printf                                0x080048b1   Thumb Code   138  uart.o(i.u2_printf)
    uart_handle                              0x08004945   Thumb Code  1346  contral.o(i.uart_handle)
    ws2812_AllShutOff                        0x08004e99   Thumb Code    52  ws2812.o(i.ws2812_AllShutOff)
    ws2812_DMA_Init                          0x08004ed1   Thumb Code    74  ws2812.o(i.ws2812_DMA_Init)
    ws2812_GPIO_Init                         0x08004f29   Thumb Code    38  ws2812.o(i.ws2812_GPIO_Init)
    ws2812_Init                              0x08004f55   Thumb Code    26  ws2812.o(i.ws2812_Init)
    ws2812_SPI_Init                          0x08004f71   Thumb Code    98  ws2812.o(i.ws2812_SPI_Init)
    ws2812_Send_Data                         0x08004fd9   Thumb Code    38  ws2812.o(i.ws2812_Send_Data)
    Region$$Table$$Base                      0x08005004   Number         0  anon$$obj.o(Region$$Table)
    Region$$Table$$Limit                     0x08005024   Number         0  anon$$obj.o(Region$$Table)
    global_angle                             0x20000000   Data           4  main.o(.data)
    angular_velocity_y                       0x20000004   Data           4  main.o(.data)
    angular_velocity_z                       0x20000008   Data           4  main.o(.data)
    new_data_received                        0x2000000c   Data           1  main.o(.data)
    SystemCoreClock                          0x20000010   Data           4  system_stm32f10x.o(.data)
    AHBPrescTable                            0x20000014   Data          16  system_stm32f10x.o(.data)
    Serial_Flag                              0x20000060   Data           1  uart.o(.data)
    Serial_Flag2                             0x20000061   Data           1  uart.o(.data)
    Serial_Flag3                             0x20000062   Data           1  uart.o(.data)
    Serial_Flag4                             0x20000063   Data           1  uart.o(.data)
    Serial_TXPacket                          0x20000064   Data           3  uart.o(.data)
    Serial_RXPacket                          0x20000067   Data           8  uart.o(.data)
    Serial2_TXPacket                         0x2000006f   Data           3  uart.o(.data)
    Serial2_RXPacket                         0x20000072   Data           8  uart.o(.data)
    Serial3_TXPacket                         0x2000007a   Data           3  uart.o(.data)
    Serial3_HW101_Angle                      0x2000007d   Data           2  uart.o(.data)
    Serial4_TXPacket                         0x2000007f   Data           4  uart.o(.data)
    Serial4_HW101_Angle                      0x20000083   Data           2  uart.o(.data)
    servo_angle1                             0x20000090   Data           1  contral.o(.data)
    servo_angle2                             0x20000091   Data           1  contral.o(.data)
    servo_angle3                             0x20000092   Data           1  contral.o(.data)
    stepPosition                             0x20000094   Data           4  contral.o(.data)
    stepPosition1                            0x20000098   Data           4  contral.o(.data)
    stepPosition2                            0x2000009c   Data           4  contral.o(.data)
    distance                                 0x200000a0   Data           4  contral.o(.data)
    angle_temp                               0x200000a4   Data           2  contral.o(.data)
    distance1                                0x200000a8   Data           4  contral.o(.data)
    claw                                     0x200000ae   Data           6  contral_claw.o(.data)
    Serial3_RXPacket                         0x200000b8   Data          11  uart.o(.bss)
    Serial4_RXPacket                         0x200000c3   Data          11  uart.o(.bss)
    Rx4Packet                                0x200000ce   Data          11  uart.o(.bss)
    USART2_TX_BUF                            0x200000d9   Data         100  uart.o(.bss)
    UART4_RX_BUF                             0x2000013d   Data         100  uart.o(.bss)
    srd                                      0x200001a4   Data          24  contral.o(.bss)
    srd1                                     0x200001bc   Data          24  contral.o(.bss)
    srd2                                     0x200001d4   Data          24  contral.o(.bss)
    ws2812_data_buffer                       0x200001ec   Data         336  ws2812.o(.bss)
    hsv_color                                0x2000033c   Data          12  ws2812.o(.bss)
    tmp_flag                                 0x20000348   Data          14  ws2812.o(.bss)
    OLED_DisplayBuf                          0x20000356   Data        1024  oled.o(.bss)
    __initial_sp                             0x20000b58   Data           0  startup_stm32f10x_hd.o(STACK)



==============================================================================

Memory Map of the image

  Image Entry point : 0x08000145

  Load Region LR_1 (Base: 0x08000000, Size: 0x000050dc, Max: 0xffffffff, ABSOLUTE)

    Execution Region ER_RO (Exec base: 0x08000000, Load base: 0x08000000, Size: 0x00005024, Max: 0xffffffff, ABSOLUTE)

    Exec Addr    Load Addr    Size         Type   Attr      Idx    E Section Name        Object

    0x08000000   0x08000000   0x00000130   Data   RO          357    RESET               startup_stm32f10x_hd.o
    0x08000130   0x08000130   0x00000000   Code   RO         4526  * .ARM.Collect$$$$00000000  mc_w.l(entry.o)
    0x08000130   0x08000130   0x00000004   Code   RO         4631    .ARM.Collect$$$$00000001  mc_w.l(entry2.o)
    0x08000134   0x08000134   0x00000004   Code   RO         4634    .ARM.Collect$$$$00000004  mc_w.l(entry5.o)
    0x08000138   0x08000138   0x00000000   Code   RO         4636    .ARM.Collect$$$$00000008  mc_w.l(entry7b.o)
    0x08000138   0x08000138   0x00000000   Code   RO         4638    .ARM.Collect$$$$0000000A  mc_w.l(entry8b.o)
    0x08000138   0x08000138   0x00000008   Code   RO         4639    .ARM.Collect$$$$0000000B  mc_w.l(entry9a.o)
    0x08000140   0x08000140   0x00000000   Code   RO         4641    .ARM.Collect$$$$0000000D  mc_w.l(entry10a.o)
    0x08000140   0x08000140   0x00000000   Code   RO         4643    .ARM.Collect$$$$0000000F  mc_w.l(entry11a.o)
    0x08000140   0x08000140   0x00000004   Code   RO         4632    .ARM.Collect$$$$00002712  mc_w.l(entry2.o)
    0x08000144   0x08000144   0x00000024   Code   RO          358  * .text               startup_stm32f10x_hd.o
    0x08000168   0x08000168   0x0000000e   Code   RO         4534    .text               mc_w.l(strlen.o)
    0x08000176   0x08000176   0x000000b0   Code   RO         4566    .text               mf_w.l(fadd.o)
    0x08000226   0x08000226   0x0000014e   Code   RO         4572    .text               mf_w.l(dadd.o)
    0x08000374   0x08000374   0x000000e4   Code   RO         4574    .text               mf_w.l(dmul.o)
    0x08000458   0x08000458   0x000000de   Code   RO         4576    .text               mf_w.l(ddiv.o)
    0x08000536   0x08000536   0x00000012   Code   RO         4578    .text               mf_w.l(fflti.o)
    0x08000548   0x08000548   0x0000001a   Code   RO         4584    .text               mf_w.l(dfltui.o)
    0x08000562   0x08000562   0x00000032   Code   RO         4586    .text               mf_w.l(ffixi.o)
    0x08000594   0x08000594   0x00000028   Code   RO         4588    .text               mf_w.l(ffixui.o)
    0x080005bc   0x080005bc   0x00000032   Code   RO         4592    .text               mf_w.l(dfixui.o)
    0x080005ee   0x080005ee   0x00000026   Code   RO         4594    .text               mf_w.l(f2d.o)
    0x08000614   0x08000614   0x00000030   Code   RO         4598    .text               mf_w.l(cdrcmple.o)
    0x08000644   0x08000644   0x00000038   Code   RO         4600    .text               mf_w.l(d2f.o)
    0x0800067c   0x0800067c   0x0000002c   Code   RO         4646    .text               mc_w.l(uidiv.o)
    0x080006a8   0x080006a8   0x00000062   Code   RO         4648    .text               mc_w.l(uldiv.o)
    0x0800070a   0x0800070a   0x0000001e   Code   RO         4650    .text               mc_w.l(llshl.o)
    0x08000728   0x08000728   0x00000020   Code   RO         4652    .text               mc_w.l(llushr.o)
    0x08000748   0x08000748   0x00000024   Code   RO         4654    .text               mc_w.l(llsshr.o)
    0x0800076c   0x0800076c   0x00000000   Code   RO         4663    .text               mc_w.l(iusefp.o)
    0x0800076c   0x0800076c   0x0000006e   Code   RO         4664    .text               mf_w.l(fepilogue.o)
    0x080007da   0x080007da   0x000000ba   Code   RO         4666    .text               mf_w.l(depilogue.o)
    0x08000894   0x08000894   0x000000a2   Code   RO         4668    .text               mf_w.l(dsqrt.o)
    0x08000936   0x08000936   0x00000030   Code   RO         4672    .text               mf_w.l(dfixul.o)
    0x08000966   0x08000966   0x00000002   PAD
    0x08000968   0x08000968   0x00000024   Code   RO         4678    .text               mc_w.l(init.o)
    0x0800098c   0x0800098c   0x00000004   Code   RO          161    i.BusFault_Handler  stm32f10x_it.o
    0x08000990   0x08000990   0x0000001e   Code   RO         3455    i.CalculateChecksum  uart.o
    0x080009ae   0x080009ae   0x00000002   PAD
    0x080009b0   0x080009b0   0x00000020   Code   RO         3653    i.DIR1              contral.o
    0x080009d0   0x080009d0   0x00000024   Code   RO         3654    i.DIR2              contral.o
    0x080009f4   0x080009f4   0x00000024   Code   RO         3655    i.DIR3              contral.o
    0x08000a18   0x08000a18   0x00000020   Code   RO         3656    i.DIR4              contral.o
    0x08000a38   0x08000a38   0x0000001c   Code   RO         1087    i.DMA_ClearFlag     stm32f10x_dma.o
    0x08000a54   0x08000a54   0x00000018   Code   RO         1089    i.DMA_Cmd           stm32f10x_dma.o
    0x08000a6c   0x08000a6c   0x0000014c   Code   RO         1090    i.DMA_DeInit        stm32f10x_dma.o
    0x08000bb8   0x08000bb8   0x0000003c   Code   RO         1095    i.DMA_Init          stm32f10x_dma.o
    0x08000bf4   0x08000bf4   0x00000004   Code   RO         1096    i.DMA_SetCurrDataCounter  stm32f10x_dma.o
    0x08000bf8   0x08000bf8   0x00000002   Code   RO          162    i.DebugMon_Handler  stm32f10x_it.o
    0x08000bfa   0x08000bfa   0x00000116   Code   RO         1513    i.GPIO_Init         stm32f10x_gpio.o
    0x08000d10   0x08000d10   0x00000090   Code   RO         1515    i.GPIO_PinRemapConfig  stm32f10x_gpio.o
    0x08000da0   0x08000da0   0x00000004   Code   RO         1520    i.GPIO_ResetBits    stm32f10x_gpio.o
    0x08000da4   0x08000da4   0x00000004   Code   RO         1521    i.GPIO_SetBits      stm32f10x_gpio.o
    0x08000da8   0x08000da8   0x0000000a   Code   RO         1524    i.GPIO_WriteBit     stm32f10x_gpio.o
    0x08000db2   0x08000db2   0x00000004   Code   RO          163    i.HardFault_Handler  stm32f10x_it.o
    0x08000db6   0x08000db6   0x00000002   PAD
    0x08000db8   0x08000db8   0x000000b0   Code   RO         3418    i.KEY_Init          key.o
    0x08000e68   0x08000e68   0x00000060   Code   RO         3406    i.LED_Init          led.o
    0x08000ec8   0x08000ec8   0x00000148   Code   RO         3329    i.MOTOR1_Init       motor.o
    0x08001010   0x08001010   0x0000013c   Code   RO         3331    i.MOTOR3_Init       motor.o
    0x0800114c   0x0800114c   0x00000140   Code   RO         3332    i.MOTOR4_Init       motor.o
    0x0800128c   0x0800128c   0x0000013c   Code   RO         3333    i.MOTOR5_Init       motor.o
    0x080013c8   0x080013c8   0x00000150   Code   RO         3335    i.MOTOR7_Init       motor.o
    0x08001518   0x08001518   0x00000140   Code   RO         3336    i.MOTOR8_Init       motor.o
    0x08001658   0x08001658   0x0000002c   Code   RO         3657    i.MOTOR_Angle       contral.o
    0x08001684   0x08001684   0x0000007c   Code   RO         3658    i.MOTOR_Direction   contral.o
    0x08001700   0x08001700   0x00000038   Code   RO         3659    i.MOTOR_Displacement  contral.o
    0x08001738   0x08001738   0x00000040   Code   RO         3660    i.MOTOR_Displacement_mm  contral.o
    0x08001778   0x08001778   0x00000040   Code   RO         3661    i.MOTOR_TURN        contral.o
    0x080017b8   0x080017b8   0x000001b0   Code   RO         3662    i.MSD_Move          contral.o
    0x08001968   0x08001968   0x0000018c   Code   RO         3663    i.MSD_Move1         contral.o
    0x08001af4   0x08001af4   0x00000190   Code   RO         3664    i.MSD_Move2         contral.o
    0x08001c84   0x08001c84   0x00000020   Code   RO         3665    i.MSD_StepCounter   contral.o
    0x08001ca4   0x08001ca4   0x00000020   Code   RO         3666    i.MSD_StepCounter1  contral.o
    0x08001cc4   0x08001cc4   0x00000020   Code   RO         3667    i.MSD_StepCounter2  contral.o
    0x08001ce4   0x08001ce4   0x00000004   Code   RO          164    i.MemManage_Handler  stm32f10x_it.o
    0x08001ce8   0x08001ce8   0x00000020   Code   RO         3668    i.Motor1_DIR        contral.o
    0x08001d08   0x08001d08   0x00000002   Code   RO          165    i.NMI_Handler       stm32f10x_it.o
    0x08001d0a   0x08001d0a   0x00000002   PAD
    0x08001d0c   0x08001d0c   0x00000070   Code   RO          362    i.NVIC_Init         misc.o
    0x08001d7c   0x08001d7c   0x00000014   Code   RO          363    i.NVIC_PriorityGroupConfig  misc.o
    0x08001d90   0x08001d90   0x00000028   Code   RO         4266    i.OLED_Clear        oled.o
    0x08001db8   0x08001db8   0x00000060   Code   RO         4275    i.OLED_GPIO_Init    oled.o
    0x08001e18   0x08001e18   0x0000003e   Code   RO         4277    i.OLED_I2C_SendByte  oled.o
    0x08001e56   0x08001e56   0x0000001c   Code   RO         4278    i.OLED_I2C_Start    oled.o
    0x08001e72   0x08001e72   0x00000016   Code   RO         4279    i.OLED_I2C_Stop     oled.o
    0x08001e88   0x08001e88   0x0000009a   Code   RO         4280    i.OLED_Init         oled.o
    0x08001f22   0x08001f22   0x00000022   Code   RO         4286    i.OLED_SetCursor    oled.o
    0x08001f44   0x08001f44   0x00000028   Code   RO         4296    i.OLED_Update       oled.o
    0x08001f6c   0x08001f6c   0x00000018   Code   RO         4298    i.OLED_W_SCL        oled.o
    0x08001f84   0x08001f84   0x00000018   Code   RO         4299    i.OLED_W_SDA        oled.o
    0x08001f9c   0x08001f9c   0x00000020   Code   RO         4300    i.OLED_WriteCommand  oled.o
    0x08001fbc   0x08001fbc   0x0000002e   Code   RO         4301    i.OLED_WriteData    oled.o
    0x08001fea   0x08001fea   0x00000002   PAD
    0x08001fec   0x08001fec   0x0000013c   Code   RO         3456    i.ParseData         uart.o
    0x08002128   0x08002128   0x00000002   Code   RO          166    i.PendSV_Handler    stm32f10x_it.o
    0x0800212a   0x0800212a   0x00000002   PAD
    0x0800212c   0x0800212c   0x00000020   Code   RO         1928    i.RCC_AHBPeriphClockCmd  stm32f10x_rcc.o
    0x0800214c   0x0800214c   0x00000020   Code   RO         1929    i.RCC_APB1PeriphClockCmd  stm32f10x_rcc.o
    0x0800216c   0x0800216c   0x00000020   Code   RO         1931    i.RCC_APB2PeriphClockCmd  stm32f10x_rcc.o
    0x0800218c   0x0800218c   0x000000d4   Code   RO         1939    i.RCC_GetClocksFreq  stm32f10x_rcc.o
    0x08002260   0x08002260   0x0000004c   Code   RO         3908    i.SERVO2_CONTRAL    servo.o
    0x080022ac   0x080022ac   0x0000004c   Code   RO         3909    i.SERVO3_CONTRAL    servo.o
    0x080022f8   0x080022f8   0x00000018   Code   RO         2408    i.SPI_Cmd           stm32f10x_spi.o
    0x08002310   0x08002310   0x00000012   Code   RO         2414    i.SPI_I2S_DMACmd    stm32f10x_spi.o
    0x08002322   0x08002322   0x0000003c   Code   RO         2421    i.SPI_Init          stm32f10x_spi.o
    0x0800235e   0x0800235e   0x00000002   Code   RO          167    i.SVC_Handler       stm32f10x_it.o
    0x08002360   0x08002360   0x0000001c   Code   RO         3457    i.Serial1_GetRxFlag  uart.o
    0x0800237c   0x0800237c   0x000000a0   Code   RO         3911    i.Servo2_Init       servo.o
    0x0800241c   0x0800241c   0x000000a0   Code   RO         3912    i.Servo3_Init       servo.o
    0x080024bc   0x080024bc   0x00000008   Code   RO          250    i.SetSysClock       system_stm32f10x.o
    0x080024c4   0x080024c4   0x000000e0   Code   RO          251    i.SetSysClockTo72   system_stm32f10x.o
    0x080025a4   0x080025a4   0x00000028   Code   RO          366    i.SysTick_CLKSourceConfig  misc.o
    0x080025cc   0x080025cc   0x00000002   Code   RO          168    i.SysTick_Handler   stm32f10x_it.o
    0x080025ce   0x080025ce   0x00000002   PAD
    0x080025d0   0x080025d0   0x00000060   Code   RO          253    i.SystemInit        system_stm32f10x.o
    0x08002630   0x08002630   0x00000220   Code   RO         3337    i.TIM2_IRQHandler   motor.o
    0x08002850   0x08002850   0x0000023c   Code   RO         3338    i.TIM3_IRQHandler   motor.o
    0x08002a8c   0x08002a8c   0x00000220   Code   RO         3339    i.TIM4_IRQHandler   motor.o
    0x08002cac   0x08002cac   0x00000068   Code   RO         3949    i.TIM6_COUNT_Init   time_count.o
    0x08002d14   0x08002d14   0x00000048   Code   RO         3950    i.TIM6_IRQHandler   time_count.o
    0x08002d5c   0x08002d5c   0x00000018   Code   RO         2551    i.TIM_ARRPreloadConfig  stm32f10x_tim.o
    0x08002d74   0x08002d74   0x00000006   Code   RO         2558    i.TIM_ClearITPendingBit  stm32f10x_tim.o
    0x08002d7a   0x08002d7a   0x00000018   Code   RO         2563    i.TIM_Cmd           stm32f10x_tim.o
    0x08002d92   0x08002d92   0x00000022   Code   RO         2584    i.TIM_GetITStatus   stm32f10x_tim.o
    0x08002db4   0x08002db4   0x00000012   Code   RO         2588    i.TIM_ITConfig      stm32f10x_tim.o
    0x08002dc6   0x08002dc6   0x00000002   PAD
    0x08002dc8   0x08002dc8   0x00000098   Code   RO         2592    i.TIM_OC1Init       stm32f10x_tim.o
    0x08002e60   0x08002e60   0x00000012   Code   RO         2595    i.TIM_OC1PreloadConfig  stm32f10x_tim.o
    0x08002e72   0x08002e72   0x00000002   PAD
    0x08002e74   0x08002e74   0x000000a4   Code   RO         2597    i.TIM_OC2Init       stm32f10x_tim.o
    0x08002f18   0x08002f18   0x0000001a   Code   RO         2600    i.TIM_OC2PreloadConfig  stm32f10x_tim.o
    0x08002f32   0x08002f32   0x00000002   PAD
    0x08002f34   0x08002f34   0x000000a0   Code   RO         2602    i.TIM_OC3Init       stm32f10x_tim.o
    0x08002fd4   0x08002fd4   0x00000012   Code   RO         2605    i.TIM_OC3PreloadConfig  stm32f10x_tim.o
    0x08002fe6   0x08002fe6   0x00000002   PAD
    0x08002fe8   0x08002fe8   0x0000007c   Code   RO         2607    i.TIM_OC4Init       stm32f10x_tim.o
    0x08003064   0x08003064   0x0000001a   Code   RO         2609    i.TIM_OC4PreloadConfig  stm32f10x_tim.o
    0x0800307e   0x0800307e   0x00000014   Code   RO         2610    i.TIM_OCStructInit  stm32f10x_tim.o
    0x08003092   0x08003092   0x00000004   Code   RO         2622    i.TIM_SetAutoreload  stm32f10x_tim.o
    0x08003096   0x08003096   0x00000004   Code   RO         2624    i.TIM_SetCompare1   stm32f10x_tim.o
    0x0800309a   0x0800309a   0x00000004   Code   RO         2625    i.TIM_SetCompare2   stm32f10x_tim.o
    0x0800309e   0x0800309e   0x00000004   Code   RO         2626    i.TIM_SetCompare3   stm32f10x_tim.o
    0x080030a2   0x080030a2   0x00000006   Code   RO         2627    i.TIM_SetCompare4   stm32f10x_tim.o
    0x080030a8   0x080030a8   0x000000a4   Code   RO         2634    i.TIM_TimeBaseInit  stm32f10x_tim.o
    0x0800314c   0x0800314c   0x00000012   Code   RO         2635    i.TIM_TimeBaseStructInit  stm32f10x_tim.o
    0x0800315e   0x0800315e   0x00000018   Code   RO         2637    i.TIM_UpdateRequestConfig  stm32f10x_tim.o
    0x08003176   0x08003176   0x00000002   PAD
    0x08003178   0x08003178   0x000000a8   Code   RO         3462    i.UART1_Init        uart.o
    0x08003220   0x08003220   0x000000b4   Code   RO         3466    i.UART2_Init        uart.o
    0x080032d4   0x080032d4   0x000000b0   Code   RO         3467    i.UART3_Init        uart.o
    0x08003384   0x08003384   0x000000b8   Code   RO         3469    i.UART4_IRQHandler  uart.o
    0x0800343c   0x0800343c   0x000000a8   Code   RO         3470    i.UART4_Init        uart.o
    0x080034e4   0x080034e4   0x00000020   Code   RO         3472    i.UART4_SendBits    uart.o
    0x08003504   0x08003504   0x00000018   Code   RO         3474    i.UART_SendPacket2UP  uart.o
    0x0800351c   0x0800351c   0x00000094   Code   RO         3476    i.USART1_IRQHandler  uart.o
    0x080035b0   0x080035b0   0x00000020   Code   RO         3477    i.USART1_SendBits   uart.o
    0x080035d0   0x080035d0   0x000000a4   Code   RO         3478    i.USART2_IRQHandler  uart.o
    0x08003674   0x08003674   0x00000094   Code   RO         3480    i.USART3_IRQHandler  uart.o
    0x08003708   0x08003708   0x0000001e   Code   RO         3096    i.USART_ClearITPendingBit  stm32f10x_usart.o
    0x08003726   0x08003726   0x00000018   Code   RO         3099    i.USART_Cmd         stm32f10x_usart.o
    0x0800373e   0x0800373e   0x00000012   Code   RO         3102    i.USART_GetFlagStatus  stm32f10x_usart.o
    0x08003750   0x08003750   0x00000054   Code   RO         3103    i.USART_GetITStatus  stm32f10x_usart.o
    0x080037a4   0x080037a4   0x0000004a   Code   RO         3105    i.USART_ITConfig    stm32f10x_usart.o
    0x080037ee   0x080037ee   0x00000002   PAD
    0x080037f0   0x080037f0   0x000000d8   Code   RO         3106    i.USART_Init        stm32f10x_usart.o
    0x080038c8   0x080038c8   0x0000000a   Code   RO         3113    i.USART_ReceiveData  stm32f10x_usart.o
    0x080038d2   0x080038d2   0x00000008   Code   RO         3116    i.USART_SendData    stm32f10x_usart.o
    0x080038da   0x080038da   0x00000004   Code   RO          169    i.UsageFault_Handler  stm32f10x_it.o
    0x080038de   0x080038de   0x00000002   PAD
    0x080038e0   0x080038e0   0x00000024   Code   RO         4545    i.__0vsprintf       mc_w.l(printfa.o)
    0x08003904   0x08003904   0x0000000e   Code   RO         4684    i.__scatterload_copy  mc_w.l(handlers.o)
    0x08003912   0x08003912   0x00000002   Code   RO         4685    i.__scatterload_null  mc_w.l(handlers.o)
    0x08003914   0x08003914   0x0000000e   Code   RO         4686    i.__scatterload_zeroinit  mc_w.l(handlers.o)
    0x08003922   0x08003922   0x00000002   PAD
    0x08003924   0x08003924   0x0000000c   Code   RO         4658    i.__set_errno       mc_w.l(errno.o)
    0x08003930   0x08003930   0x00000184   Code   RO         4546    i._fp_digits        mc_w.l(printfa.o)
    0x08003ab4   0x08003ab4   0x000006dc   Code   RO         4547    i._printf_core      mc_w.l(printfa.o)
    0x08004190   0x08004190   0x00000024   Code   RO         4548    i._printf_post_padding  mc_w.l(printfa.o)
    0x080041b4   0x080041b4   0x0000002e   Code   RO         4549    i._printf_pre_padding  mc_w.l(printfa.o)
    0x080041e2   0x080041e2   0x0000000a   Code   RO         4551    i._sputc            mc_w.l(printfa.o)
    0x080041ec   0x080041ec   0x00000010   Code   RO         3669    i.abs_int           contral.o
    0x080041fc   0x080041fc   0x00000024   Code   RO         3968    i.arrive2_circle_capture  contral_claw.o
    0x08004220   0x08004220   0x00000024   Code   RO         3969    i.arrive2_circle_capture2  contral_claw.o
    0x08004244   0x08004244   0x00000024   Code   RO         3970    i.arrive_block_down  contral_claw.o
    0x08004268   0x08004268   0x00000024   Code   RO         3971    i.arrive_block_get  contral_claw.o
    0x0800428c   0x0800428c   0x00000024   Code   RO         3972    i.arrive_block_put  contral_claw.o
    0x080042b0   0x080042b0   0x00000024   Code   RO         3973    i.arrive_block_put2  contral_claw.o
    0x080042d4   0x080042d4   0x00000024   Code   RO         3974    i.arrive_block_put3  contral_claw.o
    0x080042f8   0x080042f8   0x00000024   Code   RO         3975    i.arrive_block_wait  contral_claw.o
    0x0800431c   0x0800431c   0x00000024   Code   RO         3976    i.arrive_camera     contral_claw.o
    0x08004340   0x08004340   0x00000024   Code   RO         3977    i.arrive_camera2    contral_claw.o
    0x08004364   0x08004364   0x00000024   Code   RO         3978    i.arrive_circle_capture  contral_claw.o
    0x08004388   0x08004388   0x00000024   Code   RO         3979    i.arrive_circle_capture2  contral_claw.o
    0x080043ac   0x080043ac   0x00000024   Code   RO         3980    i.arrive_most_up    contral_claw.o
    0x080043d0   0x080043d0   0x00000020   Code   RO         3670    i.claw_Init         contral.o
    0x080043f0   0x080043f0   0x00000024   Code   RO         3671    i.claw_close        contral.o
    0x08004414   0x08004414   0x00000060   Code   RO         3981    i.claw_get_block    contral_claw.o
    0x08004474   0x08004474   0x00000054   Code   RO         3982    i.claw_get_block2   contral_claw.o
    0x080044c8   0x080044c8   0x00000024   Code   RO         3677    i.claw_open         contral.o
    0x080044ec   0x080044ec   0x00000084   Code   RO         3983    i.claw_position     contral_claw.o
    0x08004570   0x08004570   0x00000070   Code   RO         3984    i.claw_position2    contral_claw.o
    0x080045e0   0x080045e0   0x00000064   Code   RO         3985    i.claw_put_block    contral_claw.o
    0x08004644   0x08004644   0x0000005a   Code   RO         3986    i.claw_put_block2   contral_claw.o
    0x0800469e   0x0800469e   0x00000052   Code   RO         3987    i.claw_put_block3   contral_claw.o
    0x080046f0   0x080046f0   0x00000014   Code   RO         3680    i.claw_turn0        contral.o
    0x08004704   0x08004704   0x00000014   Code   RO         3681    i.claw_turn129      contral.o
    0x08004718   0x08004718   0x00000014   Code   RO         3685    i.contral_motor_Init  contral.o
    0x0800472c   0x0800472c   0x00000044   Code   RO          284    i.delay_init        delay.o
    0x08004770   0x08004770   0x0000004c   Code   RO          285    i.delay_ms          delay.o
    0x080047bc   0x080047bc   0x00000032   Code   RO            1    i.main              main.o
    0x080047ee   0x080047ee   0x0000002a   Code   RO         3686    i.max_Return        contral.o
    0x08004818   0x08004818   0x0000004c   Code   RO         4519    i.sqrt              m_ws.l(sqrt.o)
    0x08004864   0x08004864   0x00000012   Code   RO         3687    i.support_turn120   contral.o
    0x08004876   0x08004876   0x0000003a   Code   RO         3895    i.system_Init       system_init.o
    0x080048b0   0x080048b0   0x00000094   Code   RO         3483    i.u2_printf         uart.o
    0x08004944   0x08004944   0x00000554   Code   RO         3688    i.uart_handle       contral.o
    0x08004e98   0x08004e98   0x00000038   Code   RO         4110    i.ws2812_AllShutOff  ws2812.o
    0x08004ed0   0x08004ed0   0x00000058   Code   RO         4112    i.ws2812_DMA_Init   ws2812.o
    0x08004f28   0x08004f28   0x0000002c   Code   RO         4113    i.ws2812_GPIO_Init  ws2812.o
    0x08004f54   0x08004f54   0x0000001a   Code   RO         4114    i.ws2812_Init       ws2812.o
    0x08004f6e   0x08004f6e   0x00000002   PAD
    0x08004f70   0x08004f70   0x00000068   Code   RO         4117    i.ws2812_SPI_Init   ws2812.o
    0x08004fd8   0x08004fd8   0x0000002c   Code   RO         4118    i.ws2812_Send_Data  ws2812.o
    0x08005004   0x08005004   0x00000020   Data   RO         4682    Region$$Table       anon$$obj.o


    Execution Region ER_RW (Exec base: 0x20000000, Load base: 0x08005024, Size: 0x000000b8, Max: 0xffffffff, ABSOLUTE)

    Exec Addr    Load Addr    Size         Type   Attr      Idx    E Section Name        Object

    0x20000000   0x08005024   0x0000000d   Data   RW            2    .data               main.o
    0x2000000d   0x08005031   0x00000003   PAD
    0x20000010   0x08005034   0x00000014   Data   RW          254    .data               system_stm32f10x.o
    0x20000024   0x08005048   0x00000004   Data   RW          287    .data               delay.o
    0x20000028   0x0800504c   0x00000014   Data   RW         1959    .data               stm32f10x_rcc.o
    0x2000003c   0x08005060   0x00000024   Data   RW         3340    .data               motor.o
    0x20000060   0x08005084   0x0000002d   Data   RW         3485    .data               uart.o
    0x2000008d   0x080050b1   0x00000003   PAD
    0x20000090   0x080050b4   0x0000001c   Data   RW         3691    .data               contral.o
    0x200000ac   0x080050d0   0x00000001   Data   RW         3951    .data               time_count.o
    0x200000ad   0x080050d1   0x00000001   PAD
    0x200000ae   0x080050d2   0x00000006   Data   RW         3988    .data               contral_claw.o
    0x200000b4   0x080050d8   0x00000004   Data   RW         4659    .data               mc_w.l(errno.o)


    Execution Region ER_ZI (Exec base: 0x200000b8, Load base: 0x080050dc, Size: 0x00000aa0, Max: 0xffffffff, ABSOLUTE)

    Exec Addr    Load Addr    Size         Type   Attr      Idx    E Section Name        Object

    0x200000b8        -       0x000000e9   Zero   RW         3484    .bss                uart.o
    0x200001a1   0x080050dc   0x00000003   PAD
    0x200001a4        -       0x00000048   Zero   RW         3690    .bss                contral.o
    0x200001ec        -       0x0000016a   Zero   RW         4123    .bss                ws2812.o
    0x20000356        -       0x00000400   Zero   RW         4303    .bss                oled.o
    0x20000756   0x080050dc   0x00000002   PAD
    0x20000758        -       0x00000400   Zero   RW          355    STACK               startup_stm32f10x_hd.o


==============================================================================

Image component sizes


      Code (inc. data)   RO Data    RW Data    ZI Data      Debug   Object Name

      3448        240          0         28         72      17441   contral.o
      1164         76          0          6          0      11220   contral_claw.o
       144         22          0          4          0       1160   delay.o
       176         12          0          0          0        543   key.o
        96          8          0          0          0        495   led.o
        50          0          0         13          0     271282   main.o
       172         22          0          0          0       2001   misc.o
      3596        168          0         36          0       6918   motor.o
       602         24          0          0       1024       7015   oled.o
       472         52          0          0          0       2374   servo.o
        36          8        304          0       1024        784   startup_stm32f10x_hd.o
       448         18          0          0          0       4415   stm32f10x_dma.o
       440          6          0          0          0       4370   stm32f10x_gpio.o
        26          0          0          0          0       3578   stm32f10x_it.o
       308         38          0         20          0       4922   stm32f10x_rcc.o
       102          0          0          0          0       2662   stm32f10x_spi.o
      1042         92          0          0          0      13339   stm32f10x_tim.o
       464          6          0          0          0       6675   stm32f10x_usart.o
         0          0          0          0          0         32   sys.o
        58          0          0          0          0        510   system_init.o
       328         28          0         20          0       2017   system_stm32f10x.o
       176         22          0          1          0       1064   time_count.o
      1946        170          0         45        233      11683   uart.o
       362         36          0          0        362       3842   ws2812.o

    ----------------------------------------------------------------------
     15684       1048        336        180       2720     380342   Object Totals
         0          0         32          0          0          0   (incl. Generated)
        28          0          0          7          5          0   (incl. Padding)

    ----------------------------------------------------------------------

      Code (inc. data)   RO Data    RW Data    ZI Data      Debug   Library Member Name

        76          0          0          0          0         84   sqrt.o
         0          0          0          0          0          0   entry.o
         0          0          0          0          0          0   entry10a.o
         0          0          0          0          0          0   entry11a.o
         8          4          0          0          0          0   entry2.o
         4          0          0          0          0          0   entry5.o
         0          0          0          0          0          0   entry7b.o
         0          0          0          0          0          0   entry8b.o
         8          4          0          0          0          0   entry9a.o
        12          6          0          4          0         68   errno.o
        30          0          0          0          0          0   handlers.o
        36          8          0          0          0         68   init.o
         0          0          0          0          0          0   iusefp.o
        30          0          0          0          0         68   llshl.o
        36          0          0          0          0         68   llsshr.o
        32          0          0          0          0         68   llushr.o
      2272         86          0          0          0        516   printfa.o
        14          0          0          0          0         68   strlen.o
        44          0          0          0          0         80   uidiv.o
        98          0          0          0          0         92   uldiv.o
        48          0          0          0          0         68   cdrcmple.o
        56          0          0          0          0         88   d2f.o
       334          0          0          0          0        148   dadd.o
       222          0          0          0          0        100   ddiv.o
       186          0          0          0          0        176   depilogue.o
        50          0          0          0          0         76   dfixui.o
        48          0          0          0          0         68   dfixul.o
        26          0          0          0          0         76   dfltui.o
       228          0          0          0          0         96   dmul.o
       162          0          0          0          0        100   dsqrt.o
        38          0          0          0          0         68   f2d.o
       176          0          0          0          0        140   fadd.o
       110          0          0          0          0        168   fepilogue.o
        50          0          0          0          0         68   ffixi.o
        40          0          0          0          0         68   ffixui.o
        18          0          0          0          0         68   fflti.o

    ----------------------------------------------------------------------
      4496        108          0          4          0       2756   Library Totals
         4          0          0          0          0          0   (incl. Padding)

    ----------------------------------------------------------------------

      Code (inc. data)   RO Data    RW Data    ZI Data      Debug   Library Name

        76          0          0          0          0         84   m_ws.l
      2624        108          0          4          0       1096   mc_w.l
      1792          0          0          0          0       1576   mf_w.l

    ----------------------------------------------------------------------
      4496        108          0          4          0       2756   Library Totals

    ----------------------------------------------------------------------

==============================================================================


      Code (inc. data)   RO Data    RW Data    ZI Data      Debug   

     20180       1156        336        184       2720     373526   Grand Totals
     20180       1156        336        184       2720     373526   ELF Image Totals
     20180       1156        336        184          0          0   ROM Totals

==============================================================================

    Total RO  Size (Code + RO Data)                20516 (  20.04kB)
    Total RW  Size (RW Data + ZI Data)              2904 (   2.84kB)
    Total ROM Size (Code + RO Data + RW Data)      20700 (  20.21kB)

==============================================================================

