Component: ARM Compiler 5.06 update 5 (build 528) Tool: armlink [4d35e2]

==============================================================================

Section Cross References

    main.o(i.main) refers to system_init.o(i.system_Init) for system_Init
    main.o(i.main) refers to contral.o(i.contral_motor_Init) for contral_motor_Init
    main.o(i.main) refers to contral.o(i.claw_Init) for claw_Init
    main.o(i.main) refers to motor.o(i.MOTOR5_Init) for MOTOR5_Init
    main.o(i.main) refers to contral_claw.o(i.arrive_most_up) for arrive_most_up
    main.o(i.main) refers to delay.o(i.delay_ms) for delay_ms
    main.o(i.main) refers to contral.o(i.claw_turn129) for claw_turn129
    main.o(i.main) refers to contral_claw.o(i.arrive_block_down) for arrive_block_down
    main.o(i.main) refers to contral.o(i.uart_screen) for uart_screen
    main.o(i.main) refers to uart.o(i.Serial1_GetRxFlag) for Serial1_GetRxFlag
    main.o(i.main) refers to contral.o(i.uart_handle) for uart_handle
    main.o(i.main) refers to uart.o(i.UART_SendPacket2UP) for UART_SendPacket2UP
    system_stm32f10x.o(i.SetSysClock) refers to system_stm32f10x.o(i.SetSysClockTo72) for SetSysClockTo72
    system_stm32f10x.o(i.SystemCoreClockUpdate) refers to system_stm32f10x.o(.data) for SystemCoreClock
    system_stm32f10x.o(i.SystemInit) refers to system_stm32f10x.o(i.SetSysClock) for SetSysClock
    delay.o(i.delay_init) refers to misc.o(i.SysTick_CLKSourceConfig) for SysTick_CLKSourceConfig
    delay.o(i.delay_init) refers to system_stm32f10x.o(.data) for SystemCoreClock
    delay.o(i.delay_init) refers to delay.o(.data) for fac_us
    delay.o(i.delay_ms) refers to delay.o(.data) for fac_ms
    delay.o(i.delay_us) refers to delay.o(.data) for fac_us
    startup_stm32f10x_hd.o(RESET) refers to startup_stm32f10x_hd.o(STACK) for __initial_sp
    startup_stm32f10x_hd.o(RESET) refers to startup_stm32f10x_hd.o(.text) for Reset_Handler
    startup_stm32f10x_hd.o(RESET) refers to stm32f10x_it.o(i.NMI_Handler) for NMI_Handler
    startup_stm32f10x_hd.o(RESET) refers to stm32f10x_it.o(i.HardFault_Handler) for HardFault_Handler
    startup_stm32f10x_hd.o(RESET) refers to stm32f10x_it.o(i.MemManage_Handler) for MemManage_Handler
    startup_stm32f10x_hd.o(RESET) refers to stm32f10x_it.o(i.BusFault_Handler) for BusFault_Handler
    startup_stm32f10x_hd.o(RESET) refers to stm32f10x_it.o(i.UsageFault_Handler) for UsageFault_Handler
    startup_stm32f10x_hd.o(RESET) refers to stm32f10x_it.o(i.SVC_Handler) for SVC_Handler
    startup_stm32f10x_hd.o(RESET) refers to stm32f10x_it.o(i.DebugMon_Handler) for DebugMon_Handler
    startup_stm32f10x_hd.o(RESET) refers to stm32f10x_it.o(i.PendSV_Handler) for PendSV_Handler
    startup_stm32f10x_hd.o(RESET) refers to stm32f10x_it.o(i.SysTick_Handler) for SysTick_Handler
    startup_stm32f10x_hd.o(RESET) refers to motor.o(i.TIM2_IRQHandler) for TIM2_IRQHandler
    startup_stm32f10x_hd.o(RESET) refers to motor.o(i.TIM3_IRQHandler) for TIM3_IRQHandler
    startup_stm32f10x_hd.o(RESET) refers to motor.o(i.TIM4_IRQHandler) for TIM4_IRQHandler
    startup_stm32f10x_hd.o(RESET) refers to uart.o(i.USART1_IRQHandler) for USART1_IRQHandler
    startup_stm32f10x_hd.o(RESET) refers to uart.o(i.USART2_IRQHandler) for USART2_IRQHandler
    startup_stm32f10x_hd.o(RESET) refers to uart.o(i.USART3_IRQHandler) for USART3_IRQHandler
    startup_stm32f10x_hd.o(RESET) refers to time_count.o(i.TIM6_IRQHandler) for TIM6_IRQHandler
    startup_stm32f10x_hd.o(.text) refers to system_stm32f10x.o(i.SystemInit) for SystemInit
    startup_stm32f10x_hd.o(.text) refers to entry.o(.ARM.Collect$$$$00000000) for __main
    stm32f10x_adc.o(i.ADC_DeInit) refers to stm32f10x_rcc.o(i.RCC_APB2PeriphResetCmd) for RCC_APB2PeriphResetCmd
    stm32f10x_bkp.o(i.BKP_DeInit) refers to stm32f10x_rcc.o(i.RCC_BackupResetCmd) for RCC_BackupResetCmd
    stm32f10x_can.o(i.CAN_DeInit) refers to stm32f10x_rcc.o(i.RCC_APB1PeriphResetCmd) for RCC_APB1PeriphResetCmd
    stm32f10x_can.o(i.CAN_GetITStatus) refers to stm32f10x_can.o(i.CheckITStatus) for CheckITStatus
    stm32f10x_cec.o(i.CEC_DeInit) refers to stm32f10x_rcc.o(i.RCC_APB1PeriphResetCmd) for RCC_APB1PeriphResetCmd
    stm32f10x_dac.o(i.DAC_DeInit) refers to stm32f10x_rcc.o(i.RCC_APB1PeriphResetCmd) for RCC_APB1PeriphResetCmd
    stm32f10x_flash.o(i.FLASH_EnableWriteProtection) refers to stm32f10x_flash.o(i.FLASH_WaitForLastOperation) for FLASH_WaitForLastOperation
    stm32f10x_flash.o(i.FLASH_EraseAllBank1Pages) refers to stm32f10x_flash.o(i.FLASH_WaitForLastBank1Operation) for FLASH_WaitForLastBank1Operation
    stm32f10x_flash.o(i.FLASH_EraseAllPages) refers to stm32f10x_flash.o(i.FLASH_WaitForLastOperation) for FLASH_WaitForLastOperation
    stm32f10x_flash.o(i.FLASH_EraseOptionBytes) refers to stm32f10x_flash.o(i.FLASH_GetReadOutProtectionStatus) for FLASH_GetReadOutProtectionStatus
[...]
    Removing ws2812.o(.data), (6 bytes).
    Removing fadd.o(.text), (176 bytes).
    Removing fmul.o(.text), (100 bytes).
    Removing fdiv.o(.text), (124 bytes).
    Removing fflti.o(.text), (18 bytes).
    Removing ffltui.o(.text), (10 bytes).
    Removing dfixi.o(.text), (62 bytes).
    Removing f2d.o(.text), (38 bytes).
    Removing cfcmple.o(.text), (20 bytes).
    Removing cfrcmple.o(.text), (20 bytes).
    Removing cdcmple.o(.text), (48 bytes).

501 unused section(s) (total 26444 bytes) removed from the image.

==============================================================================

Image Symbol Table

    Local Symbols

    Symbol Name                              Value     Ov Type        Size  Object(Section)

    ../clib/microlib/division.c              0x00000000   Number         0  uidiv.o ABSOLUTE
    ../clib/microlib/division.c              0x00000000   Number         0  uldiv.o ABSOLUTE
    ../clib/microlib/errno.c                 0x00000000   Number         0  errno.o ABSOLUTE
    ../clib/microlib/init/entry.s            0x00000000   Number         0  entry7a.o ABSOLUTE
    ../clib/microlib/init/entry.s            0x00000000   Number         0  entry8b.o ABSOLUTE
    ../clib/microlib/init/entry.s            0x00000000   Number         0  entry11b.o ABSOLUTE
    ../clib/microlib/init/entry.s            0x00000000   Number         0  entry.o ABSOLUTE
    ../clib/microlib/init/entry.s            0x00000000   Number         0  entry2.o ABSOLUTE
    ../clib/microlib/init/entry.s            0x00000000   Number         0  entry9a.o ABSOLUTE
    ../clib/microlib/init/entry.s            0x00000000   Number         0  entry5.o ABSOLUTE
    ../clib/microlib/init/entry.s            0x00000000   Number         0  entry7b.o ABSOLUTE
    ../clib/microlib/init/entry.s            0x00000000   Number         0  entry8a.o ABSOLUTE
    ../clib/microlib/init/entry.s            0x00000000   Number         0  entry9b.o ABSOLUTE
    ../clib/microlib/init/entry.s            0x00000000   Number         0  entry10a.o ABSOLUTE
    ../clib/microlib/init/entry.s            0x00000000   Number         0  entry10b.o ABSOLUTE
    ../clib/microlib/init/entry.s            0x00000000   Number         0  entry11a.o ABSOLUTE
    ../clib/microlib/longlong.c              0x00000000   Number         0  llsshr.o ABSOLUTE
    ../clib/microlib/longlong.c              0x00000000   Number         0  llushr.o ABSOLUTE
    ../clib/microlib/longlong.c              0x00000000   Number         0  llshl.o ABSOLUTE
    ../clib/microlib/printf/printf.c         0x00000000   Number         0  printfa.o ABSOLUTE
    ../clib/microlib/stdio/streams.c         0x00000000   Number         0  stdout.o ABSOLUTE
    ../clib/microlib/stdlib/rand.c           0x00000000   Number         0  rand.o ABSOLUTE
    ../clib/microlib/string/memset.c         0x00000000   Number         0  memseta.o ABSOLUTE
    ../clib/microlib/string/strlen.c         0x00000000   Number         0  strlen.o ABSOLUTE
    ../clib/microlib/stubs.s                 0x00000000   Number         0  iusefp.o ABSOLUTE
    ../fplib/microlib/d2f.c                  0x00000000   Number         0  d2f.o ABSOLUTE
    ../fplib/microlib/f2d.c                  0x00000000   Number         0  f2d.o ABSOLUTE
    ../fplib/microlib/fpadd.c                0x00000000   Number         0  dadd.o ABSOLUTE
    ../fplib/microlib/fpadd.c                0x00000000   Number         0  fadd.o ABSOLUTE
    ../fplib/microlib/fpdiv.c                0x00000000   Number         0  fdiv.o ABSOLUTE
    ../fplib/microlib/fpdiv.c                0x00000000   Number         0  ddiv.o ABSOLUTE
    ../fplib/microlib/fpepilogue.c           0x00000000   Number         0  depilogue.o ABSOLUTE
    ../fplib/microlib/fpepilogue.c           0x00000000   Number         0  fepilogue.o ABSOLUTE
    ../fplib/microlib/fpfix.c                0x00000000   Number         0  dfixul.o ABSOLUTE
    ../fplib/microlib/fpfix.c                0x00000000   Number         0  dfixui.o ABSOLUTE
    ../fplib/microlib/fpfix.c                0x00000000   Number         0  dfixi.o ABSOLUTE
    ../fplib/microlib/fpfix.c                0x00000000   Number         0  ffixui.o ABSOLUTE
    ../fplib/microlib/fpflt.c                0x00000000   Number         0  ffltui.o ABSOLUTE
    ../fplib/microlib/fpflt.c                0x00000000   Number         0  fflti.o ABSOLUTE
    ../fplib/microlib/fpflt.c                0x00000000   Number         0  dfltui.o ABSOLUTE
    ../fplib/microlib/fpmul.c                0x00000000   Number         0  dmul.o ABSOLUTE
    ../fplib/microlib/fpmul.c                0x00000000   Number         0  fmul.o ABSOLUTE
    ../fplib/microlib/fpsqrt.c               0x00000000   Number         0  dsqrt.o ABSOLUTE
    ../mathlib/floor.c                       0x00000000   Number         0  floor.o ABSOLUTE
    ../mathlib/sqrt.c                        0x00000000   Number         0  sqrt.o ABSOLUTE
    ../mathlib/sqrt.c                        0x00000000   Number         0  sqrt_x.o ABSOLUTE
    ..\CORE\core_cm3.c                       0x00000000   Number         0  core_cm3.o ABSOLUTE
    ..\CORE\startup_stm32f10x_hd.s           0x00000000   Number         0  startup_stm32f10x_hd.o ABSOLUTE
    ..\HARDWARE\CONTRAL\contral.c            0x00000000   Number         0  contral.o ABSOLUTE
    ..\HARDWARE\CONTRAL_CLAW\contral_claw.c  0x00000000   Number         0  contral_claw.o ABSOLUTE
    ..\HARDWARE\COUNT\time_count.c           0x00000000   Number         0  time_count.o ABSOLUTE
    ..\HARDWARE\HWT101.c                     0x00000000   Number         0  hwt101.o ABSOLUTE
    ..\HARDWARE\KEY\key.c                    0x00000000   Number         0  key.o ABSOLUTE
    ..\HARDWARE\LED\led.c                    0x00000000   Number         0  led.o ABSOLUTE
    ..\HARDWARE\MOTOR\motor.c                0x00000000   Number         0  motor.o ABSOLUTE
    ..\HARDWARE\OLED\oled.c                  0x00000000   Number         0  oled.o ABSOLUTE
    ..\HARDWARE\SERVO\servo.c                0x00000000   Number         0  servo.o ABSOLUTE
    ..\HARDWARE\SYSTEM_INIT\system_init.c    0x00000000   Number         0  system_init.o ABSOLUTE
    ..\HARDWARE\UART\uart.c                  0x00000000   Number         0  uart.o ABSOLUTE
    ..\HARDWARE\WS2812\ws2812.c              0x00000000   Number         0  ws2812.o ABSOLUTE
    ..\STM32F10x_FWLib\src\misc.c            0x00000000   Number         0  misc.o ABSOLUTE
    ..\STM32F10x_FWLib\src\stm32f10x_adc.c   0x00000000   Number         0  stm32f10x_adc.o ABSOLUTE
    ..\STM32F10x_FWLib\src\stm32f10x_bkp.c   0x00000000   Number         0  stm32f10x_bkp.o ABSOLUTE
    ..\STM32F10x_FWLib\src\stm32f10x_can.c   0x00000000   Number         0  stm32f10x_can.o ABSOLUTE
    ..\STM32F10x_FWLib\src\stm32f10x_cec.c   0x00000000   Number         0  stm32f10x_cec.o ABSOLUTE
    ..\STM32F10x_FWLib\src\stm32f10x_crc.c   0x00000000   Number         0  stm32f10x_crc.o ABSOLUTE
    ..\STM32F10x_FWLib\src\stm32f10x_dac.c   0x00000000   Number         0  stm32f10x_dac.o ABSOLUTE
    ..\STM32F10x_FWLib\src\stm32f10x_dbgmcu.c 0x00000000   Number         0  stm32f10x_dbgmcu.o ABSOLUTE
    ..\STM32F10x_FWLib\src\stm32f10x_dma.c   0x00000000   Number         0  stm32f10x_dma.o ABSOLUTE
    ..\STM32F10x_FWLib\src\stm32f10x_exti.c  0x00000000   Number         0  stm32f10x_exti.o ABSOLUTE
    ..\STM32F10x_FWLib\src\stm32f10x_flash.c 0x00000000   Number         0  stm32f10x_flash.o ABSOLUTE
    ..\STM32F10x_FWLib\src\stm32f10x_fsmc.c  0x00000000   Number         0  stm32f10x_fsmc.o ABSOLUTE
    ..\STM32F10x_FWLib\src\stm32f10x_gpio.c  0x00000000   Number         0  stm32f10x_gpio.o ABSOLUTE
    ..\STM32F10x_FWLib\src\stm32f10x_i2c.c   0x00000000   Number         0  stm32f10x_i2c.o ABSOLUTE
    ..\STM32F10x_FWLib\src\stm32f10x_iwdg.c  0x00000000   Number         0  stm32f10x_iwdg.o ABSOLUTE
    ..\STM32F10x_FWLib\src\stm32f10x_pwr.c   0x00000000   Number         0  stm32f10x_pwr.o ABSOLUTE
    ..\STM32F10x_FWLib\src\stm32f10x_rcc.c   0x00000000   Number         0  stm32f10x_rcc.o ABSOLUTE
    ..\STM32F10x_FWLib\src\stm32f10x_rtc.c   0x00000000   Number         0  stm32f10x_rtc.o ABSOLUTE
    ..\STM32F10x_FWLib\src\stm32f10x_sdio.c  0x00000000   Number         0  stm32f10x_sdio.o ABSOLUTE
    ..\STM32F10x_FWLib\src\stm32f10x_spi.c   0x00000000   Number         0  stm32f10x_spi.o ABSOLUTE
    ..\STM32F10x_FWLib\src\stm32f10x_tim.c   0x00000000   Number         0  stm32f10x_tim.o ABSOLUTE
    ..\STM32F10x_FWLib\src\stm32f10x_usart.c 0x00000000   Number         0  stm32f10x_usart.o ABSOLUTE
    ..\STM32F10x_FWLib\src\stm32f10x_wwdg.c  0x00000000   Number         0  stm32f10x_wwdg.o ABSOLUTE
    ..\SYSTEM\delay\delay.c                  0x00000000   Number         0  delay.o ABSOLUTE
    ..\SYSTEM\sys\sys.c                      0x00000000   Number         0  sys.o ABSOLUTE
    ..\SYSTEM\usart\usart.c                  0x00000000   Number         0  usart.o ABSOLUTE
    ..\\CORE\\core_cm3.c                     0x00000000   Number         0  core_cm3.o ABSOLUTE
    ..\\SYSTEM\\sys\\sys.c                   0x00000000   Number         0  sys.o ABSOLUTE
    cdcmple.s                                0x00000000   Number         0  cdcmple.o ABSOLUTE
    cdrcmple.s                               0x00000000   Number         0  cdrcmple.o ABSOLUTE
    cfcmple.s                                0x00000000   Number         0  cfcmple.o ABSOLUTE
    cfrcmple.s                               0x00000000   Number         0  cfrcmple.o ABSOLUTE
    dc.s                                     0x00000000   Number         0  dc.o ABSOLUTE
    handlers.s                               0x00000000   Number         0  handlers.o ABSOLUTE
    init.s                                   0x00000000   Number         0  init.o ABSOLUTE
    main.c                                   0x00000000   Number         0  main.o ABSOLUTE
    stm32f10x_it.c                           0x00000000   Number         0  stm32f10x_it.o ABSOLUTE
    system_stm32f10x.c                       0x00000000   Number         0  system_stm32f10x.o ABSOLUTE
    RESET                                    0x08000000   Section      304  startup_stm32f10x_hd.o(RESET)
    .ARM.Collect$$$$00000000                 0x08000130   Section        0  entry.o(.ARM.Collect$$$$00000000)
    .ARM.Collect$$$$00000001                 0x08000130   Section        4  entry2.o(.ARM.Collect$$$$00000001)
    .ARM.Collect$$$$00000004                 0x08000134   Section        4  entry5.o(.ARM.Collect$$$$00000004)
    .ARM.Collect$$$$00000008                 0x08000138   Section        0  entry7b.o(.ARM.Collect$$$$00000008)
    .ARM.Collect$$$$0000000A                 0x08000138   Section        0  entry8b.o(.ARM.Collect$$$$0000000A)
    .ARM.Collect$$$$0000000B                 0x08000138   Section        8  entry9a.o(.ARM.Collect$$$$0000000B)
    .ARM.Collect$$$$0000000D                 0x08000140   Section        0  entry10a.o(.ARM.Collect$$$$0000000D)
    .ARM.Collect$$$$0000000F                 0x08000140   Section        0  entry11a.o(.ARM.Collect$$$$0000000F)
    .ARM.Collect$$$$00002712                 0x08000140   Section        4  entry2.o(.ARM.Collect$$$$00002712)
    __lit__00000000                          0x08000140   Data           4  entry2.o(.ARM.Collect$$$$00002712)
    .text                                    0x08000144   Section       36  startup_stm32f10x_hd.o(.text)
    .text                                    0x08000168   Section        0  strlen.o(.text)
    .text                                    0x08000176   Section        0  dadd.o(.text)
    .text                                    0x080002c4   Section        0  dmul.o(.text)
    .text                                    0x080003a8   Section        0  ddiv.o(.text)
    .text                                    0x08000486   Section        0  dfltui.o(.text)
    .text                                    0x080004a0   Section        0  ffixui.o(.text)
    .text                                    0x080004c8   Section        0  dfixui.o(.text)
    .text                                    0x080004fa   Section        0  d2f.o(.text)
    .text                                    0x08000532   Section        0  uidiv.o(.text)
    .text                                    0x0800055e   Section        0  uldiv.o(.text)
    .text                                    0x080005c0   Section        0  llshl.o(.text)
    .text                                    0x080005de   Section        0  llushr.o(.text)
    .text                                    0x080005fe   Section        0  llsshr.o(.text)
    .text                                    0x08000622   Section        0  fepilogue.o(.text)
    .text                                    0x08000622   Section        0  iusefp.o(.text)
    .text                                    0x08000690   Section        0  depilogue.o(.text)
    .text                                    0x0800074a   Section        0  dsqrt.o(.text)
    .text                                    0x080007ec   Section        0  dfixul.o(.text)
    .text                                    0x0800081c   Section       48  cdrcmple.o(.text)
    .text                                    0x0800084c   Section       36  init.o(.text)
    i.BusFault_Handler                       0x08000870   Section        0  stm32f10x_it.o(i.BusFault_Handler)
    i.DIR1                                   0x08000874   Section        0  contral.o(i.DIR1)
    i.DIR2                                   0x08000894   Section        0  contral.o(i.DIR2)
    i.DIR3                                   0x080008b8   Section        0  contral.o(i.DIR3)
    i.DIR4                                   0x080008dc   Section        0  contral.o(i.DIR4)
    i.DMA_ClearFlag                          0x080008fc   Section        0  stm32f10x_dma.o(i.DMA_ClearFlag)
    i.DMA_Cmd                                0x08000918   Section        0  stm32f10x_dma.o(i.DMA_Cmd)
    i.DMA_DeInit                             0x08000930   Section        0  stm32f10x_dma.o(i.DMA_DeInit)
    i.DMA_Init                               0x08000a7c   Section        0  stm32f10x_dma.o(i.DMA_Init)
    i.DMA_SetCurrDataCounter                 0x08000ab8   Section        0  stm32f10x_dma.o(i.DMA_SetCurrDataCounter)
    i.DebugMon_Handler                       0x08000abc   Section        0  stm32f10x_it.o(i.DebugMon_Handler)
    i.GPIO_Init                              0x08000abe   Section        0  stm32f10x_gpio.o(i.GPIO_Init)
    i.GPIO_PinRemapConfig                    0x08000bd4   Section        0  stm32f10x_gpio.o(i.GPIO_PinRemapConfig)
    i.GPIO_ResetBits                         0x08000c64   Section        0  stm32f10x_gpio.o(i.GPIO_ResetBits)
    i.GPIO_SetBits                           0x08000c68   Section        0  stm32f10x_gpio.o(i.GPIO_SetBits)
    i.HardFault_Handler                      0x08000c6c   Section        0  stm32f10x_it.o(i.HardFault_Handler)
    i.KEY_Init                               0x08000c70   Section        0  key.o(i.KEY_Init)
    i.LED_Init                               0x08000d20   Section        0  led.o(i.LED_Init)
    i.MOTOR1_Init                            0x08000d80   Section        0  motor.o(i.MOTOR1_Init)
    i.MOTOR3_Init                            0x08000ec8   Section        0  motor.o(i.MOTOR3_Init)
    i.MOTOR4_Init                            0x08001004   Section        0  motor.o(i.MOTOR4_Init)
    i.MOTOR5_Init                            0x08001144   Section        0  motor.o(i.MOTOR5_Init)
    i.MOTOR7_Init                            0x08001280   Section        0  motor.o(i.MOTOR7_Init)
    i.MOTOR8_Init                            0x080013d0   Section        0  motor.o(i.MOTOR8_Init)
    i.MOTOR_Angle                            0x08001510   Section        0  contral.o(i.MOTOR_Angle)
    i.MOTOR_Direction                        0x0800153c   Section        0  contral.o(i.MOTOR_Direction)
    i.MOTOR_Displacement                     0x080015b8   Section        0  contral.o(i.MOTOR_Displacement)
    i.MOTOR_Displacement_mm                  0x080015f0   Section        0  contral.o(i.MOTOR_Displacement_mm)
    i.MOTOR_TURN                             0x08001630   Section        0  contral.o(i.MOTOR_TURN)
    i.MSD_Move                               0x08001670   Section        0  contral.o(i.MSD_Move)
    i.MSD_Move1                              0x08001820   Section        0  contral.o(i.MSD_Move1)
    i.MSD_Move2                              0x080019ac   Section        0  contral.o(i.MSD_Move2)
    i.MSD_StepCounter                        0x08001b3c   Section        0  contral.o(i.MSD_StepCounter)
    i.MSD_StepCounter1                       0x08001b5c   Section        0  contral.o(i.MSD_StepCounter1)
    i.MSD_StepCounter2                       0x08001b7c   Section        0  contral.o(i.MSD_StepCounter2)
    i.MemManage_Handler                      0x08001b9c   Section        0  stm32f10x_it.o(i.MemManage_Handler)
    i.Motor1_DIR                             0x08001ba0   Section        0  contral.o(i.Motor1_DIR)
    i.NMI_Handler                            0x08001bc0   Section        0  stm32f10x_it.o(i.NMI_Handler)
    i.NVIC_Init                              0x08001bc4   Section        0  misc.o(i.NVIC_Init)
    i.NVIC_PriorityGroupConfig               0x08001c34   Section        0  misc.o(i.NVIC_PriorityGroupConfig)
    i.OLED_IIC_Start                         0x08001c48   Section        0  oled.o(i.OLED_IIC_Start)
    i.OLED_IIC_Stop                          0x08001c78   Section        0  oled.o(i.OLED_IIC_Stop)
    i.OLED_IIC_Wait_Ack                      0x08001ca0   Section        0  oled.o(i.OLED_IIC_Wait_Ack)
    i.OLED_Init                              0x08001cbc   Section        0  oled.o(i.OLED_Init)
    i.OLED_WR_Byte                           0x08001dd4   Section        0  oled.o(i.OLED_WR_Byte)
    i.OLED_Write_IIC_Byte                    0x08001dec   Section        0  oled.o(i.OLED_Write_IIC_Byte)
    i.OLED_Write_IIC_Command                 0x08001e48   Section        0  oled.o(i.OLED_Write_IIC_Command)
    i.OLED_Write_IIC_Data                    0x08001e74   Section        0  oled.o(i.OLED_Write_IIC_Data)
    i.PendSV_Handler                         0x08001ea0   Section        0  stm32f10x_it.o(i.PendSV_Handler)
    i.RCC_AHBPeriphClockCmd                  0x08001ea4   Section        0  stm32f10x_rcc.o(i.RCC_AHBPeriphClockCmd)
    i.RCC_APB1PeriphClockCmd                 0x08001ec4   Section        0  stm32f10x_rcc.o(i.RCC_APB1PeriphClockCmd)
    i.RCC_APB2PeriphClockCmd                 0x08001ee4   Section        0  stm32f10x_rcc.o(i.RCC_APB2PeriphClockCmd)
    i.RCC_GetClocksFreq                      0x08001f04   Section        0  stm32f10x_rcc.o(i.RCC_GetClocksFreq)
    i.SERVO2_CONTRAL                         0x08001fd8   Section        0  servo.o(i.SERVO2_CONTRAL)
    i.SERVO3_CONTRAL                         0x08002024   Section        0  servo.o(i.SERVO3_CONTRAL)
    i.SPI_Cmd                                0x08002070   Section        0  stm32f10x_spi.o(i.SPI_Cmd)
    i.SPI_I2S_DMACmd                         0x08002088   Section        0  stm32f10x_spi.o(i.SPI_I2S_DMACmd)
    i.SPI_Init                               0x0800209a   Section        0  stm32f10x_spi.o(i.SPI_Init)
    i.SVC_Handler                            0x080020d6   Section        0  stm32f10x_it.o(i.SVC_Handler)
    i.Serial1_GetRxFlag                      0x080020d8   Section        0  uart.o(i.Serial1_GetRxFlag)
    i.Servo2_Init                            0x080020f4   Section        0  servo.o(i.Servo2_Init)
    i.Servo3_Init                            0x08002194   Section        0  servo.o(i.Servo3_Init)
    i.SetSysClock                            0x08002234   Section        0  system_stm32f10x.o(i.SetSysClock)
    SetSysClock                              0x08002235   Thumb Code     8  system_stm32f10x.o(i.SetSysClock)
    i.SetSysClockTo72                        0x0800223c   Section        0  system_stm32f10x.o(i.SetSysClockTo72)
    SetSysClockTo72                          0x0800223d   Thumb Code   214  system_stm32f10x.o(i.SetSysClockTo72)
    i.SysTick_CLKSourceConfig                0x0800231c   Section        0  misc.o(i.SysTick_CLKSourceConfig)
    i.SysTick_Handler                        0x08002344   Section        0  stm32f10x_it.o(i.SysTick_Handler)
    i.SystemInit                             0x08002348   Section        0  system_stm32f10x.o(i.SystemInit)
    i.TIM2_IRQHandler                        0x080023a8   Section        0  motor.o(i.TIM2_IRQHandler)
    i.TIM3_IRQHandler                        0x080025c8   Section        0  motor.o(i.TIM3_IRQHandler)
    i.TIM4_IRQHandler                        0x08002804   Section        0  motor.o(i.TIM4_IRQHandler)
    i.TIM6_COUNT_Init                        0x08002a24   Section        0  time_count.o(i.TIM6_COUNT_Init)
    i.TIM6_IRQHandler                        0x08002a8c   Section        0  time_count.o(i.TIM6_IRQHandler)
    i.TIM_ARRPreloadConfig                   0x08002ad4   Section        0  stm32f10x_tim.o(i.TIM_ARRPreloadConfig)
    i.TIM_ClearITPendingBit                  0x08002aec   Section        0  stm32f10x_tim.o(i.TIM_ClearITPendingBit)
    i.TIM_Cmd                                0x08002af2   Section        0  stm32f10x_tim.o(i.TIM_Cmd)
    i.TIM_GetITStatus                        0x08002b0a   Section        0  stm32f10x_tim.o(i.TIM_GetITStatus)
    i.TIM_ITConfig                           0x08002b2c   Section        0  stm32f10x_tim.o(i.TIM_ITConfig)
    i.TIM_OC1Init                            0x08002b40   Section        0  stm32f10x_tim.o(i.TIM_OC1Init)
    i.TIM_OC1PreloadConfig                   0x08002bd8   Section        0  stm32f10x_tim.o(i.TIM_OC1PreloadConfig)
    i.TIM_OC2Init                            0x08002bec   Section        0  stm32f10x_tim.o(i.TIM_OC2Init)
    i.TIM_OC2PreloadConfig                   0x08002c90   Section        0  stm32f10x_tim.o(i.TIM_OC2PreloadConfig)
    i.TIM_OC3Init                            0x08002cac   Section        0  stm32f10x_tim.o(i.TIM_OC3Init)
    i.TIM_OC3PreloadConfig                   0x08002d4c   Section        0  stm32f10x_tim.o(i.TIM_OC3PreloadConfig)
    i.TIM_OC4Init                            0x08002d60   Section        0  stm32f10x_tim.o(i.TIM_OC4Init)
    i.TIM_OC4PreloadConfig                   0x08002ddc   Section        0  stm32f10x_tim.o(i.TIM_OC4PreloadConfig)
    i.TIM_OCStructInit                       0x08002df6   Section        0  stm32f10x_tim.o(i.TIM_OCStructInit)
    i.TIM_SetAutoreload                      0x08002e0a   Section        0  stm32f10x_tim.o(i.TIM_SetAutoreload)
    i.TIM_SetCompare1                        0x08002e0e   Section        0  stm32f10x_tim.o(i.TIM_SetCompare1)
    i.TIM_SetCompare2                        0x08002e12   Section        0  stm32f10x_tim.o(i.TIM_SetCompare2)
    i.TIM_SetCompare3                        0x08002e16   Section        0  stm32f10x_tim.o(i.TIM_SetCompare3)
    i.TIM_SetCompare4                        0x08002e1a   Section        0  stm32f10x_tim.o(i.TIM_SetCompare4)
    i.TIM_TimeBaseInit                       0x08002e20   Section        0  stm32f10x_tim.o(i.TIM_TimeBaseInit)
    i.TIM_TimeBaseStructInit                 0x08002ec4   Section        0  stm32f10x_tim.o(i.TIM_TimeBaseStructInit)
    i.TIM_UpdateRequestConfig                0x08002ed6   Section        0  stm32f10x_tim.o(i.TIM_UpdateRequestConfig)
    i.UART1_Init                             0x08002ef0   Section        0  uart.o(i.UART1_Init)
    i.UART2_Init                             0x08002f98   Section        0  uart.o(i.UART2_Init)
    i.UART_SendPacket2UP                     0x0800304c   Section        0  uart.o(i.UART_SendPacket2UP)
    i.UART_SendPacket3UP                     0x08003064   Section        0  uart.o(i.UART_SendPacket3UP)
    i.USART1_IRQHandler                      0x0800307c   Section        0  uart.o(i.USART1_IRQHandler)
    i.USART1_SendBits                        0x08003110   Section        0  uart.o(i.USART1_SendBits)
    i.USART2_IRQHandler                      0x08003130   Section        0  uart.o(i.USART2_IRQHandler)
    i.USART3_IRQHandler                      0x080031d4   Section        0  uart.o(i.USART3_IRQHandler)
    i.USART_ClearITPendingBit                0x08003268   Section        0  stm32f10x_usart.o(i.USART_ClearITPendingBit)
    i.USART_Cmd                              0x08003286   Section        0  stm32f10x_usart.o(i.USART_Cmd)
    i.USART_GetFlagStatus                    0x0800329e   Section        0  stm32f10x_usart.o(i.USART_GetFlagStatus)
    i.USART_GetITStatus                      0x080032b8   Section        0  stm32f10x_usart.o(i.USART_GetITStatus)
    i.USART_ITConfig                         0x0800330c   Section        0  stm32f10x_usart.o(i.USART_ITConfig)
    i.USART_Init                             0x08003358   Section        0  stm32f10x_usart.o(i.USART_Init)
    i.USART_ReceiveData                      0x08003430   Section        0  stm32f10x_usart.o(i.USART_ReceiveData)
    i.USART_SendData                         0x0800343a   Section        0  stm32f10x_usart.o(i.USART_SendData)
    i.UsageFault_Handler                     0x08003442   Section        0  stm32f10x_it.o(i.UsageFault_Handler)
    i.__0vsprintf                            0x08003448   Section        0  printfa.o(i.__0vsprintf)
    i.__scatterload_copy                     0x0800346c   Section       14  handlers.o(i.__scatterload_copy)
    i.__scatterload_null                     0x0800347a   Section        2  handlers.o(i.__scatterload_null)
    i.__scatterload_zeroinit                 0x0800347c   Section       14  handlers.o(i.__scatterload_zeroinit)
    i.__set_errno                            0x0800348c   Section        0  errno.o(i.__set_errno)
    i._fp_digits                             0x08003498   Section        0  printfa.o(i._fp_digits)
    _fp_digits                               0x08003499   Thumb Code   366  printfa.o(i._fp_digits)
    i._printf_core                           0x0800361c   Section        0  printfa.o(i._printf_core)
    _printf_core                             0x0800361d   Thumb Code  1744  printfa.o(i._printf_core)
    i._printf_post_padding                   0x08003cf8   Section        0  printfa.o(i._printf_post_padding)
    _printf_post_padding                     0x08003cf9   Thumb Code    36  printfa.o(i._printf_post_padding)
    i._printf_pre_padding                    0x08003d1c   Section        0  printfa.o(i._printf_pre_padding)
    _printf_pre_padding                      0x08003d1d   Thumb Code    46  printfa.o(i._printf_pre_padding)
    i._sputc                                 0x08003d4a   Section        0  printfa.o(i._sputc)
    _sputc                                   0x08003d4b   Thumb Code    10  printfa.o(i._sputc)
    i.abs_int                                0x08003d54   Section        0  contral.o(i.abs_int)
    i.arrive2_circle_capture                 0x08003d64   Section        0  contral_claw.o(i.arrive2_circle_capture)
    i.arrive2_circle_capture2                0x08003d88   Section        0  contral_claw.o(i.arrive2_circle_capture2)
    i.arrive_block_down                      0x08003dac   Section        0  contral_claw.o(i.arrive_block_down)
    i.arrive_block_get                       0x08003dd0   Section        0  contral_claw.o(i.arrive_block_get)
    i.arrive_block_put                       0x08003df4   Section        0  contral_claw.o(i.arrive_block_put)
    i.arrive_block_put2                      0x08003e18   Section        0  contral_claw.o(i.arrive_block_put2)
    i.arrive_block_put3                      0x08003e3c   Section        0  contral_claw.o(i.arrive_block_put3)
    i.arrive_block_wait                      0x08003e60   Section        0  contral_claw.o(i.arrive_block_wait)
    i.arrive_camera                          0x08003e84   Section        0  contral_claw.o(i.arrive_camera)
    i.arrive_camera2                         0x08003ea8   Section        0  contral_claw.o(i.arrive_camera2)
    i.arrive_circle_capture                  0x08003ecc   Section        0  contral_claw.o(i.arrive_circle_capture)
    i.arrive_circle_capture2                 0x08003ef0   Section        0  contral_claw.o(i.arrive_circle_capture2)
    i.arrive_most_up                         0x08003f14   Section        0  contral_claw.o(i.arrive_most_up)
    i.claw_Init                              0x08003f38   Section        0  contral.o(i.claw_Init)
    i.claw_close                             0x08003f58   Section        0  contral.o(i.claw_close)
    i.claw_get_block                         0x08003f7c   Section        0  contral_claw.o(i.claw_get_block)
    i.claw_get_block2                        0x08003fdc   Section        0  contral_claw.o(i.claw_get_block2)
    i.claw_open                              0x0800401c   Section        0  contral.o(i.claw_open)
    i.claw_position                          0x08004040   Section        0  contral_claw.o(i.claw_position)
    i.claw_position2                         0x080040c4   Section        0  contral_claw.o(i.claw_position2)
    i.claw_put_block                         0x08004134   Section        0  contral_claw.o(i.claw_put_block)
    i.claw_put_block2                        0x08004198   Section        0  contral_claw.o(i.claw_put_block2)
    i.claw_put_block3                        0x080041ea   Section        0  contral_claw.o(i.claw_put_block3)
    i.claw_turn0                             0x0800423c   Section        0  contral.o(i.claw_turn0)
    i.claw_turn129                           0x08004250   Section        0  contral.o(i.claw_turn129)
    i.contral_motor_Init                     0x08004264   Section        0  contral.o(i.contral_motor_Init)
    i.delay_init                             0x08004278   Section        0  delay.o(i.delay_init)
    i.delay_ms                               0x080042bc   Section        0  delay.o(i.delay_ms)
    i.main                                   0x08004308   Section        0  main.o(i.main)
    i.max_Return                             0x08004346   Section        0  contral.o(i.max_Return)
    i.sqrt                                   0x08004370   Section        0  sqrt.o(i.sqrt)
    i.support_turn120                        0x080043bc   Section        0  contral.o(i.support_turn120)
    i.system_Init                            0x080043ce   Section        0  system_init.o(i.system_Init)
    i.u2_printf                              0x08004400   Section        0  uart.o(i.u2_printf)
    i.uart_handle                            0x08004494   Section        0  contral.o(i.uart_handle)
    i.uart_screen                            0x080048bc   Section        0  contral.o(i.uart_screen)
    i.ws2812_AllShutOff                      0x080048d4   Section        0  ws2812.o(i.ws2812_AllShutOff)
    i.ws2812_DMA_Init                        0x0800490c   Section        0  ws2812.o(i.ws2812_DMA_Init)
    i.ws2812_GPIO_Init                       0x08004964   Section        0  ws2812.o(i.ws2812_GPIO_Init)
    i.ws2812_Init                            0x08004990   Section        0  ws2812.o(i.ws2812_Init)
    i.ws2812_SPI_Init                        0x080049ac   Section        0  ws2812.o(i.ws2812_SPI_Init)
    i.ws2812_Send_Data                       0x08004a14   Section        0  ws2812.o(i.ws2812_Send_Data)
    .data                                    0x20000000   Section       20  system_stm32f10x.o(.data)
    .data                                    0x20000014   Section        4  delay.o(.data)
    fac_us                                   0x20000014   Data           1  delay.o(.data)
    fac_ms                                   0x20000016   Data           2  delay.o(.data)
    .data                                    0x20000018   Section       20  stm32f10x_rcc.o(.data)
    APBAHBPrescTable                         0x20000018   Data          16  stm32f10x_rcc.o(.data)
    ADCPrescTable                            0x20000028   Data           4  stm32f10x_rcc.o(.data)
    .data                                    0x2000002c   Section       36  motor.o(.data)
    last_accel_delay                         0x2000002c   Data           4  motor.o(.data)
    step_count                               0x20000030   Data           4  motor.o(.data)
    rest                                     0x20000034   Data           4  motor.o(.data)
    last_accel_delay                         0x20000038   Data           4  motor.o(.data)
    step_count                               0x2000003c   Data           4  motor.o(.data)
    rest                                     0x20000040   Data           4  motor.o(.data)
    last_accel_delay                         0x20000044   Data           4  motor.o(.data)
    step_count                               0x20000048   Data           4  motor.o(.data)
    rest                                     0x2000004c   Data           4  motor.o(.data)
    .data                                    0x20000050   Section       34  uart.o(.data)
    RX1State                                 0x2000006c   Data           1  uart.o(.data)
    pRx1Packet                               0x2000006d   Data           1  uart.o(.data)
    RX2State                                 0x2000006e   Data           1  uart.o(.data)
    pRx2Packet                               0x2000006f   Data           1  uart.o(.data)
    RX3State                                 0x20000070   Data           1  uart.o(.data)
    pRx3Packet                               0x20000071   Data           1  uart.o(.data)
    .data                                    0x20000074   Section       28  contral.o(.data)
    .data                                    0x20000090   Section        1  time_count.o(.data)
    flag                                     0x20000090   Data           1  time_count.o(.data)
    .data                                    0x20000092   Section        6  contral_claw.o(.data)
    .data                                    0x20000098   Section        4  errno.o(.data)
    _errno                                   0x20000098   Data           4  errno.o(.data)
    .bss                                     0x2000009c   Section      111  uart.o(.bss)
    .bss                                     0x2000010c   Section       72  contral.o(.bss)
    .bss                                     0x20000154   Section      362  ws2812.o(.bss)
    STACK                                    0x200002c0   Section     1024  startup_stm32f10x_hd.o(STACK)

    Global Symbols

    Symbol Name                              Value     Ov Type        Size  Object(Section)

    BuildAttributes$$THM_ISAv4$P$D$K$B$S$PE$A:L22UL41UL21$X:L11$S22US41US21$IEEE1$IW$USESV6$~STKCKD$USESV7$~SHL$OTIME$ROPI$IEEEJ$EBA8$MICROLIB$REQ8$PRES8$EABIv2 0x00000000   Number         0  anon$$obj.o ABSOLUTE
    __ARM_use_no_argv                        0x00000000   Number         0  main.o ABSOLUTE
    __cpp_initialize__aeabi_                  - Undefined Weak Reference
    __cxa_finalize                            - Undefined Weak Reference
    __decompress                              - Undefined Weak Reference
    _clock_init                               - Undefined Weak Reference
    _microlib_exit                            - Undefined Weak Reference
    __Vectors_Size                           0x00000130   Number         0  startup_stm32f10x_hd.o ABSOLUTE
    __Vectors                                0x08000000   Data           4  startup_stm32f10x_hd.o(RESET)
    __Vectors_End                            0x08000130   Data           0  startup_stm32f10x_hd.o(RESET)
    __main                                   0x08000131   Thumb Code     0  entry.o(.ARM.Collect$$$$00000000)
    _main_stk                                0x08000131   Thumb Code     0  entry2.o(.ARM.Collect$$$$00000001)
    _main_scatterload                        0x08000135   Thumb Code     0  entry5.o(.ARM.Collect$$$$00000004)
    __main_after_scatterload                 0x08000139   Thumb Code     0  entry5.o(.ARM.Collect$$$$00000004)
    _main_clock                              0x08000139   Thumb Code     0  entry7b.o(.ARM.Collect$$$$00000008)
    _main_cpp_init                           0x08000139   Thumb Code     0  entry8b.o(.ARM.Collect$$$$0000000A)
    _main_init                               0x08000139   Thumb Code     0  entry9a.o(.ARM.Collect$$$$0000000B)
    __rt_final_cpp                           0x08000141   Thumb Code     0  entry10a.o(.ARM.Collect$$$$0000000D)
    __rt_final_exit                          0x08000141   Thumb Code     0  entry11a.o(.ARM.Collect$$$$0000000F)
    Reset_Handler                            0x08000145   Thumb Code     8  startup_stm32f10x_hd.o(.text)
    ADC1_2_IRQHandler                        0x0800015f   Thumb Code     0  startup_stm32f10x_hd.o(.text)
    ADC3_IRQHandler                          0x0800015f   Thumb Code     0  startup_stm32f10x_hd.o(.text)
    CAN1_RX1_IRQHandler                      0x0800015f   Thumb Code     0  startup_stm32f10x_hd.o(.text)
    CAN1_SCE_IRQHandler                      0x0800015f   Thumb Code     0  startup_stm32f10x_hd.o(.text)
    DMA1_Channel1_IRQHandler                 0x0800015f   Thumb Code     0  startup_stm32f10x_hd.o(.text)
    DMA1_Channel2_IRQHandler                 0x0800015f   Thumb Code     0  startup_stm32f10x_hd.o(.text)
    DMA1_Channel3_IRQHandler                 0x0800015f   Thumb Code     0  startup_stm32f10x_hd.o(.text)
    DMA1_Channel4_IRQHandler                 0x0800015f   Thumb Code     0  startup_stm32f10x_hd.o(.text)
    DMA1_Channel5_IRQHandler                 0x0800015f   Thumb Code     0  startup_stm32f10x_hd.o(.text)
    DMA1_Channel6_IRQHandler                 0x0800015f   Thumb Code     0  startup_stm32f10x_hd.o(.text)
    DMA1_Channel7_IRQHandler                 0x0800015f   Thumb Code     0  startup_stm32f10x_hd.o(.text)
    DMA2_Channel1_IRQHandler                 0x0800015f   Thumb Code     0  startup_stm32f10x_hd.o(.text)
    DMA2_Channel2_IRQHandler                 0x0800015f   Thumb Code     0  startup_stm32f10x_hd.o(.text)
    DMA2_Channel3_IRQHandler                 0x0800015f   Thumb Code     0  startup_stm32f10x_hd.o(.text)
    DMA2_Channel4_5_IRQHandler               0x0800015f   Thumb Code     0  startup_stm32f10x_hd.o(.text)
    EXTI0_IRQHandler                         0x0800015f   Thumb Code     0  startup_stm32f10x_hd.o(.text)
    EXTI15_10_IRQHandler                     0x0800015f   Thumb Code     0  startup_stm32f10x_hd.o(.text)
    EXTI1_IRQHandler                         0x0800015f   Thumb Code     0  startup_stm32f10x_hd.o(.text)
    EXTI2_IRQHandler                         0x0800015f   Thumb Code     0  startup_stm32f10x_hd.o(.text)
    EXTI3_IRQHandler                         0x0800015f   Thumb Code     0  startup_stm32f10x_hd.o(.text)
    EXTI4_IRQHandler                         0x0800015f   Thumb Code     0  startup_stm32f10x_hd.o(.text)
    EXTI9_5_IRQHandler                       0x0800015f   Thumb Code     0  startup_stm32f10x_hd.o(.text)
    FLASH_IRQHandler                         0x0800015f   Thumb Code     0  startup_stm32f10x_hd.o(.text)
    FSMC_IRQHandler                          0x0800015f   Thumb Code     0  startup_stm32f10x_hd.o(.text)
    I2C1_ER_IRQHandler                       0x0800015f   Thumb Code     0  startup_stm32f10x_hd.o(.text)
    I2C1_EV_IRQHandler                       0x0800015f   Thumb Code     0  startup_stm32f10x_hd.o(.text)
    I2C2_ER_IRQHandler                       0x0800015f   Thumb Code     0  startup_stm32f10x_hd.o(.text)
    I2C2_EV_IRQHandler                       0x0800015f   Thumb Code     0  startup_stm32f10x_hd.o(.text)
    PVD_IRQHandler                           0x0800015f   Thumb Code     0  startup_stm32f10x_hd.o(.text)
    RCC_IRQHandler                           0x0800015f   Thumb Code     0  startup_stm32f10x_hd.o(.text)
    RTCAlarm_IRQHandler                      0x0800015f   Thumb Code     0  startup_stm32f10x_hd.o(.text)
    RTC_IRQHandler                           0x0800015f   Thumb Code     0  startup_stm32f10x_hd.o(.text)
    SDIO_IRQHandler                          0x0800015f   Thumb Code     0  startup_stm32f10x_hd.o(.text)
    SPI1_IRQHandler                          0x0800015f   Thumb Code     0  startup_stm32f10x_hd.o(.text)
    SPI2_IRQHandler                          0x0800015f   Thumb Code     0  startup_stm32f10x_hd.o(.text)
    SPI3_IRQHandler                          0x0800015f   Thumb Code     0  startup_stm32f10x_hd.o(.text)
    TAMPER_IRQHandler                        0x0800015f   Thumb Code     0  startup_stm32f10x_hd.o(.text)
    TIM1_BRK_IRQHandler                      0x0800015f   Thumb Code     0  startup_stm32f10x_hd.o(.text)
    TIM1_CC_IRQHandler                       0x0800015f   Thumb Code     0  startup_stm32f10x_hd.o(.text)
    TIM1_TRG_COM_IRQHandler                  0x0800015f   Thumb Code     0  startup_stm32f10x_hd.o(.text)
    TIM1_UP_IRQHandler                       0x0800015f   Thumb Code     0  startup_stm32f10x_hd.o(.text)
    TIM5_IRQHandler                          0x0800015f   Thumb Code     0  startup_stm32f10x_hd.o(.text)
    TIM7_IRQHandler                          0x0800015f   Thumb Code     0  startup_stm32f10x_hd.o(.text)
    TIM8_BRK_IRQHandler                      0x0800015f   Thumb Code     0  startup_stm32f10x_hd.o(.text)
    TIM8_CC_IRQHandler                       0x0800015f   Thumb Code     0  startup_stm32f10x_hd.o(.text)
    TIM8_TRG_COM_IRQHandler                  0x0800015f   Thumb Code     0  startup_stm32f10x_hd.o(.text)
    TIM8_UP_IRQHandler                       0x0800015f   Thumb Code     0  startup_stm32f10x_hd.o(.text)
    UART4_IRQHandler                         0x0800015f   Thumb Code     0  startup_stm32f10x_hd.o(.text)
    UART5_IRQHandler                         0x0800015f   Thumb Code     0  startup_stm32f10x_hd.o(.text)
    USBWakeUp_IRQHandler                     0x0800015f   Thumb Code     0  startup_stm32f10x_hd.o(.text)
    USB_HP_CAN1_TX_IRQHandler                0x0800015f   Thumb Code     0  startup_stm32f10x_hd.o(.text)
    USB_LP_CAN1_RX0_IRQHandler               0x0800015f   Thumb Code     0  startup_stm32f10x_hd.o(.text)
    WWDG_IRQHandler                          0x0800015f   Thumb Code     0  startup_stm32f10x_hd.o(.text)
    strlen                                   0x08000169   Thumb Code    14  strlen.o(.text)
    __aeabi_dadd                             0x08000177   Thumb Code   322  dadd.o(.text)
    __aeabi_dsub                             0x080002b9   Thumb Code     6  dadd.o(.text)
    __aeabi_drsub                            0x080002bf   Thumb Code     6  dadd.o(.text)
    __aeabi_dmul                             0x080002c5   Thumb Code   228  dmul.o(.text)
    __aeabi_ddiv                             0x080003a9   Thumb Code   222  ddiv.o(.text)
    __aeabi_ui2d                             0x08000487   Thumb Code    26  dfltui.o(.text)
    __aeabi_f2uiz                            0x080004a1   Thumb Code    40  ffixui.o(.text)
    __aeabi_d2uiz                            0x080004c9   Thumb Code    50  dfixui.o(.text)
    __aeabi_d2f                              0x080004fb   Thumb Code    56  d2f.o(.text)
    __aeabi_uidiv                            0x08000533   Thumb Code     0  uidiv.o(.text)
    __aeabi_uidivmod                         0x08000533   Thumb Code    44  uidiv.o(.text)
    __aeabi_uldivmod                         0x0800055f   Thumb Code    98  uldiv.o(.text)
    __aeabi_llsl                             0x080005c1   Thumb Code    30  llshl.o(.text)
    _ll_shift_l                              0x080005c1   Thumb Code     0  llshl.o(.text)
    __aeabi_llsr                             0x080005df   Thumb Code    32  llushr.o(.text)
    _ll_ushift_r                             0x080005df   Thumb Code     0  llushr.o(.text)
    __aeabi_lasr                             0x080005ff   Thumb Code    36  llsshr.o(.text)
    _ll_sshift_r                             0x080005ff   Thumb Code     0  llsshr.o(.text)
    __I$use$fp                               0x08000623   Thumb Code     0  iusefp.o(.text)
    _float_round                             0x08000623   Thumb Code    18  fepilogue.o(.text)
    _float_epilogue                          0x08000635   Thumb Code    92  fepilogue.o(.text)
    _double_round                            0x08000691   Thumb Code    30  depilogue.o(.text)
    _double_epilogue                         0x080006af   Thumb Code   156  depilogue.o(.text)
    _dsqrt                                   0x0800074b   Thumb Code   162  dsqrt.o(.text)
    __aeabi_d2ulz                            0x080007ed   Thumb Code    48  dfixul.o(.text)
    __aeabi_cdrcmple                         0x0800081d   Thumb Code    48  cdrcmple.o(.text)
    __scatterload                            0x0800084d   Thumb Code    28  init.o(.text)
    __scatterload_rt2                        0x0800084d   Thumb Code     0  init.o(.text)
    BusFault_Handler                         0x08000871   Thumb Code     4  stm32f10x_it.o(i.BusFault_Handler)
    DIR1                                     0x08000875   Thumb Code    26  contral.o(i.DIR1)
    DIR2                                     0x08000895   Thumb Code    30  contral.o(i.DIR2)
    DIR3                                     0x080008b9   Thumb Code    30  contral.o(i.DIR3)
    DIR4                                     0x080008dd   Thumb Code    26  contral.o(i.DIR4)
    DMA_ClearFlag                            0x080008fd   Thumb Code    18  stm32f10x_dma.o(i.DMA_ClearFlag)
    DMA_Cmd                                  0x08000919   Thumb Code    24  stm32f10x_dma.o(i.DMA_Cmd)
    DMA_DeInit                               0x08000931   Thumb Code   324  stm32f10x_dma.o(i.DMA_DeInit)
    DMA_Init                                 0x08000a7d   Thumb Code    60  stm32f10x_dma.o(i.DMA_Init)
    DMA_SetCurrDataCounter                   0x08000ab9   Thumb Code     4  stm32f10x_dma.o(i.DMA_SetCurrDataCounter)
    DebugMon_Handler                         0x08000abd   Thumb Code     2  stm32f10x_it.o(i.DebugMon_Handler)
    GPIO_Init                                0x08000abf   Thumb Code   278  stm32f10x_gpio.o(i.GPIO_Init)
    GPIO_PinRemapConfig                      0x08000bd5   Thumb Code   138  stm32f10x_gpio.o(i.GPIO_PinRemapConfig)
    GPIO_ResetBits                           0x08000c65   Thumb Code     4  stm32f10x_gpio.o(i.GPIO_ResetBits)
    GPIO_SetBits                             0x08000c69   Thumb Code     4  stm32f10x_gpio.o(i.GPIO_SetBits)
    HardFault_Handler                        0x08000c6d   Thumb Code     4  stm32f10x_it.o(i.HardFault_Handler)
    KEY_Init                                 0x08000c71   Thumb Code   164  key.o(i.KEY_Init)
    LED_Init                                 0x08000d21   Thumb Code    88  led.o(i.LED_Init)
    MOTOR1_Init                              0x08000d81   Thumb Code   312  motor.o(i.MOTOR1_Init)
    MOTOR3_Init                              0x08000ec9   Thumb Code   300  motor.o(i.MOTOR3_Init)
    MOTOR4_Init                              0x08001005   Thumb Code   302  motor.o(i.MOTOR4_Init)
    MOTOR5_Init                              0x08001145   Thumb Code   298  motor.o(i.MOTOR5_Init)
    MOTOR7_Init                              0x08001281   Thumb Code   314  motor.o(i.MOTOR7_Init)
    MOTOR8_Init                              0x080013d1   Thumb Code   304  motor.o(i.MOTOR8_Init)
    MOTOR_Angle                              0x08001511   Thumb Code    40  contral.o(i.MOTOR_Angle)
    MOTOR_Direction                          0x0800153d   Thumb Code   124  contral.o(i.MOTOR_Direction)
    MOTOR_Displacement                       0x080015b9   Thumb Code    52  contral.o(i.MOTOR_Displacement)
    MOTOR_Displacement_mm                    0x080015f1   Thumb Code    60  contral.o(i.MOTOR_Displacement_mm)
    MOTOR_TURN                               0x08001631   Thumb Code    64  contral.o(i.MOTOR_TURN)
    MSD_Move                                 0x08001671   Thumb Code   406  contral.o(i.MSD_Move)
    MSD_Move1                                0x08001821   Thumb Code   374  contral.o(i.MSD_Move1)
    MSD_Move2                                0x080019ad   Thumb Code   374  contral.o(i.MSD_Move2)
    MSD_StepCounter                          0x08001b3d   Thumb Code    28  contral.o(i.MSD_StepCounter)
    MSD_StepCounter1                         0x08001b5d   Thumb Code    28  contral.o(i.MSD_StepCounter1)
    MSD_StepCounter2                         0x08001b7d   Thumb Code    28  contral.o(i.MSD_StepCounter2)
    MemManage_Handler                        0x08001b9d   Thumb Code     4  stm32f10x_it.o(i.MemManage_Handler)
    Motor1_DIR                               0x08001ba1   Thumb Code    26  contral.o(i.Motor1_DIR)
    NMI_Handler                              0x08001bc1   Thumb Code     2  stm32f10x_it.o(i.NMI_Handler)
    NVIC_Init                                0x08001bc5   Thumb Code   100  misc.o(i.NVIC_Init)
    NVIC_PriorityGroupConfig                 0x08001c35   Thumb Code    10  misc.o(i.NVIC_PriorityGroupConfig)
    OLED_IIC_Start                           0x08001c49   Thumb Code    44  oled.o(i.OLED_IIC_Start)
    OLED_IIC_Stop                            0x08001c79   Thumb Code    34  oled.o(i.OLED_IIC_Stop)
    OLED_IIC_Wait_Ack                        0x08001ca1   Thumb Code    24  oled.o(i.OLED_IIC_Wait_Ack)
    OLED_Init                                0x08001cbd   Thumb Code   274  oled.o(i.OLED_Init)
    OLED_WR_Byte                             0x08001dd5   Thumb Code    24  oled.o(i.OLED_WR_Byte)
    OLED_Write_IIC_Byte                      0x08001ded   Thumb Code    88  oled.o(i.OLED_Write_IIC_Byte)
    OLED_Write_IIC_Command                   0x08001e49   Thumb Code    44  oled.o(i.OLED_Write_IIC_Command)
    OLED_Write_IIC_Data                      0x08001e75   Thumb Code    44  oled.o(i.OLED_Write_IIC_Data)
    PendSV_Handler                           0x08001ea1   Thumb Code     2  stm32f10x_it.o(i.PendSV_Handler)
    RCC_AHBPeriphClockCmd                    0x08001ea5   Thumb Code    26  stm32f10x_rcc.o(i.RCC_AHBPeriphClockCmd)
    RCC_APB1PeriphClockCmd                   0x08001ec5   Thumb Code    26  stm32f10x_rcc.o(i.RCC_APB1PeriphClockCmd)
    RCC_APB2PeriphClockCmd                   0x08001ee5   Thumb Code    26  stm32f10x_rcc.o(i.RCC_APB2PeriphClockCmd)
    RCC_GetClocksFreq                        0x08001f05   Thumb Code   192  stm32f10x_rcc.o(i.RCC_GetClocksFreq)
    SERVO2_CONTRAL                           0x08001fd9   Thumb Code    60  servo.o(i.SERVO2_CONTRAL)
    SERVO3_CONTRAL                           0x08002025   Thumb Code    60  servo.o(i.SERVO3_CONTRAL)
    SPI_Cmd                                  0x08002071   Thumb Code    24  stm32f10x_spi.o(i.SPI_Cmd)
    SPI_I2S_DMACmd                           0x08002089   Thumb Code    18  stm32f10x_spi.o(i.SPI_I2S_DMACmd)
    SPI_Init                                 0x0800209b   Thumb Code    60  stm32f10x_spi.o(i.SPI_Init)
    SVC_Handler                              0x080020d7   Thumb Code     2  stm32f10x_it.o(i.SVC_Handler)
    Serial1_GetRxFlag                        0x080020d9   Thumb Code    22  uart.o(i.Serial1_GetRxFlag)
    Servo2_Init                              0x080020f5   Thumb Code   150  servo.o(i.Servo2_Init)
    Servo3_Init                              0x08002195   Thumb Code   150  servo.o(i.Servo3_Init)
    SysTick_CLKSourceConfig                  0x0800231d   Thumb Code    40  misc.o(i.SysTick_CLKSourceConfig)
    SysTick_Handler                          0x08002345   Thumb Code     2  stm32f10x_it.o(i.SysTick_Handler)
    SystemInit                               0x08002349   Thumb Code    78  system_stm32f10x.o(i.SystemInit)
    TIM2_IRQHandler                          0x080023a9   Thumb Code   524  motor.o(i.TIM2_IRQHandler)
    TIM3_IRQHandler                          0x080025c9   Thumb Code   550  motor.o(i.TIM3_IRQHandler)
    TIM4_IRQHandler                          0x08002805   Thumb Code   524  motor.o(i.TIM4_IRQHandler)
    TIM6_COUNT_Init                          0x08002a25   Thumb Code   100  time_count.o(i.TIM6_COUNT_Init)
    TIM6_IRQHandler                          0x08002a8d   Thumb Code    54  time_count.o(i.TIM6_IRQHandler)
    TIM_ARRPreloadConfig                     0x08002ad5   Thumb Code    24  stm32f10x_tim.o(i.TIM_ARRPreloadConfig)
    TIM_ClearITPendingBit                    0x08002aed   Thumb Code     6  stm32f10x_tim.o(i.TIM_ClearITPendingBit)
    TIM_Cmd                                  0x08002af3   Thumb Code    24  stm32f10x_tim.o(i.TIM_Cmd)
    TIM_GetITStatus                          0x08002b0b   Thumb Code    34  stm32f10x_tim.o(i.TIM_GetITStatus)
    TIM_ITConfig                             0x08002b2d   Thumb Code    18  stm32f10x_tim.o(i.TIM_ITConfig)
    TIM_OC1Init                              0x08002b41   Thumb Code   132  stm32f10x_tim.o(i.TIM_OC1Init)
    TIM_OC1PreloadConfig                     0x08002bd9   Thumb Code    18  stm32f10x_tim.o(i.TIM_OC1PreloadConfig)
    TIM_OC2Init                              0x08002bed   Thumb Code   154  stm32f10x_tim.o(i.TIM_OC2Init)
    TIM_OC2PreloadConfig                     0x08002c91   Thumb Code    26  stm32f10x_tim.o(i.TIM_OC2PreloadConfig)
    TIM_OC3Init                              0x08002cad   Thumb Code   150  stm32f10x_tim.o(i.TIM_OC3Init)
    TIM_OC3PreloadConfig                     0x08002d4d   Thumb Code    18  stm32f10x_tim.o(i.TIM_OC3PreloadConfig)
    TIM_OC4Init                              0x08002d61   Thumb Code   114  stm32f10x_tim.o(i.TIM_OC4Init)
    TIM_OC4PreloadConfig                     0x08002ddd   Thumb Code    26  stm32f10x_tim.o(i.TIM_OC4PreloadConfig)
    TIM_OCStructInit                         0x08002df7   Thumb Code    20  stm32f10x_tim.o(i.TIM_OCStructInit)
    TIM_SetAutoreload                        0x08002e0b   Thumb Code     4  stm32f10x_tim.o(i.TIM_SetAutoreload)
    TIM_SetCompare1                          0x08002e0f   Thumb Code     4  stm32f10x_tim.o(i.TIM_SetCompare1)
    TIM_SetCompare2                          0x08002e13   Thumb Code     4  stm32f10x_tim.o(i.TIM_SetCompare2)
    TIM_SetCompare3                          0x08002e17   Thumb Code     4  stm32f10x_tim.o(i.TIM_SetCompare3)
    TIM_SetCompare4                          0x08002e1b   Thumb Code     6  stm32f10x_tim.o(i.TIM_SetCompare4)
    TIM_TimeBaseInit                         0x08002e21   Thumb Code   122  stm32f10x_tim.o(i.TIM_TimeBaseInit)
    TIM_TimeBaseStructInit                   0x08002ec5   Thumb Code    18  stm32f10x_tim.o(i.TIM_TimeBaseStructInit)
    TIM_UpdateRequestConfig                  0x08002ed7   Thumb Code    24  stm32f10x_tim.o(i.TIM_UpdateRequestConfig)
    UART1_Init                               0x08002ef1   Thumb Code   160  uart.o(i.UART1_Init)
    UART2_Init                               0x08002f99   Thumb Code   172  uart.o(i.UART2_Init)
    UART_SendPacket2UP                       0x0800304d   Thumb Code    24  uart.o(i.UART_SendPacket2UP)
    UART_SendPacket3UP                       0x08003065   Thumb Code    24  uart.o(i.UART_SendPacket3UP)
    USART1_IRQHandler                        0x0800307d   Thumb Code   128  uart.o(i.USART1_IRQHandler)
    USART1_SendBits                          0x08003111   Thumb Code    26  uart.o(i.USART1_SendBits)
    USART2_IRQHandler                        0x08003131   Thumb Code   142  uart.o(i.USART2_IRQHandler)
    USART3_IRQHandler                        0x080031d5   Thumb Code   128  uart.o(i.USART3_IRQHandler)
    USART_ClearITPendingBit                  0x08003269   Thumb Code    30  stm32f10x_usart.o(i.USART_ClearITPendingBit)
    USART_Cmd                                0x08003287   Thumb Code    24  stm32f10x_usart.o(i.USART_Cmd)
    USART_GetFlagStatus                      0x0800329f   Thumb Code    26  stm32f10x_usart.o(i.USART_GetFlagStatus)
    USART_GetITStatus                        0x080032b9   Thumb Code    84  stm32f10x_usart.o(i.USART_GetITStatus)
    USART_ITConfig                           0x0800330d   Thumb Code    74  stm32f10x_usart.o(i.USART_ITConfig)
    USART_Init                               0x08003359   Thumb Code   210  stm32f10x_usart.o(i.USART_Init)
    USART_ReceiveData                        0x08003431   Thumb Code    10  stm32f10x_usart.o(i.USART_ReceiveData)
    USART_SendData                           0x0800343b   Thumb Code     8  stm32f10x_usart.o(i.USART_SendData)
    UsageFault_Handler                       0x08003443   Thumb Code     4  stm32f10x_it.o(i.UsageFault_Handler)
    __0vsprintf                              0x08003449   Thumb Code    30  printfa.o(i.__0vsprintf)
    __1vsprintf                              0x08003449   Thumb Code     0  printfa.o(i.__0vsprintf)
    __2vsprintf                              0x08003449   Thumb Code     0  printfa.o(i.__0vsprintf)
    __c89vsprintf                            0x08003449   Thumb Code     0  printfa.o(i.__0vsprintf)
    vsprintf                                 0x08003449   Thumb Code     0  printfa.o(i.__0vsprintf)
    __scatterload_copy                       0x0800346d   Thumb Code    14  handlers.o(i.__scatterload_copy)
    __scatterload_null                       0x0800347b   Thumb Code     2  handlers.o(i.__scatterload_null)
    __scatterload_zeroinit                   0x0800347d   Thumb Code    14  handlers.o(i.__scatterload_zeroinit)
    __set_errno                              0x0800348d   Thumb Code     6  errno.o(i.__set_errno)
    abs_int                                  0x08003d55   Thumb Code    16  contral.o(i.abs_int)
    arrive2_circle_capture                   0x08003d65   Thumb Code    32  contral_claw.o(i.arrive2_circle_capture)
    arrive2_circle_capture2                  0x08003d89   Thumb Code    32  contral_claw.o(i.arrive2_circle_capture2)
    arrive_block_down                        0x08003dad   Thumb Code    32  contral_claw.o(i.arrive_block_down)
    arrive_block_get                         0x08003dd1   Thumb Code    32  contral_claw.o(i.arrive_block_get)
    arrive_block_put                         0x08003df5   Thumb Code    32  contral_claw.o(i.arrive_block_put)
    arrive_block_put2                        0x08003e19   Thumb Code    32  contral_claw.o(i.arrive_block_put2)
    arrive_block_put3                        0x08003e3d   Thumb Code    32  contral_claw.o(i.arrive_block_put3)
    arrive_block_wait                        0x08003e61   Thumb Code    32  contral_claw.o(i.arrive_block_wait)
    arrive_camera                            0x08003e85   Thumb Code    32  contral_claw.o(i.arrive_camera)
    arrive_camera2                           0x08003ea9   Thumb Code    32  contral_claw.o(i.arrive_camera2)
    arrive_circle_capture                    0x08003ecd   Thumb Code    32  contral_claw.o(i.arrive_circle_capture)
    arrive_circle_capture2                   0x08003ef1   Thumb Code    32  contral_claw.o(i.arrive_circle_capture2)
    arrive_most_up                           0x08003f15   Thumb Code    32  contral_claw.o(i.arrive_most_up)
    claw_Init                                0x08003f39   Thumb Code    26  contral.o(i.claw_Init)
    claw_close                               0x08003f59   Thumb Code    32  contral.o(i.claw_close)
    claw_get_block                           0x08003f7d   Thumb Code    96  contral_claw.o(i.claw_get_block)
    claw_get_block2                          0x08003fdd   Thumb Code    64  contral_claw.o(i.claw_get_block2)
    claw_open                                0x0800401d   Thumb Code    32  contral.o(i.claw_open)
    claw_position                            0x08004041   Thumb Code   120  contral_claw.o(i.claw_position)
    claw_position2                           0x080040c5   Thumb Code   100  contral_claw.o(i.claw_position2)
    claw_put_block                           0x08004135   Thumb Code   100  contral_claw.o(i.claw_put_block)
    claw_put_block2                          0x08004199   Thumb Code    82  contral_claw.o(i.claw_put_block2)
    claw_put_block3                          0x080041eb   Thumb Code    82  contral_claw.o(i.claw_put_block3)
    claw_turn0                               0x0800423d   Thumb Code    14  contral.o(i.claw_turn0)
    claw_turn129                             0x08004251   Thumb Code    14  contral.o(i.claw_turn129)
    contral_motor_Init                       0x08004265   Thumb Code    20  contral.o(i.contral_motor_Init)
    delay_init                               0x08004279   Thumb Code    50  delay.o(i.delay_init)
    delay_ms                                 0x080042bd   Thumb Code    72  delay.o(i.delay_ms)
    main                                     0x08004309   Thumb Code    62  main.o(i.main)
    max_Return                               0x08004347   Thumb Code    42  contral.o(i.max_Return)
    sqrt                                     0x08004371   Thumb Code    76  sqrt.o(i.sqrt)
    support_turn120                          0x080043bd   Thumb Code    18  contral.o(i.support_turn120)
    system_Init                              0x080043cf   Thumb Code    50  system_init.o(i.system_Init)
    u2_printf                                0x08004401   Thumb Code   138  uart.o(i.u2_printf)
    uart_handle                              0x08004495   Thumb Code  1064  contral.o(i.uart_handle)
    uart_screen                              0x080048bd   Thumb Code    20  contral.o(i.uart_screen)
    ws2812_AllShutOff                        0x080048d5   Thumb Code    52  ws2812.o(i.ws2812_AllShutOff)
    ws2812_DMA_Init                          0x0800490d   Thumb Code    74  ws2812.o(i.ws2812_DMA_Init)
    ws2812_GPIO_Init                         0x08004965   Thumb Code    38  ws2812.o(i.ws2812_GPIO_Init)
    ws2812_Init                              0x08004991   Thumb Code    26  ws2812.o(i.ws2812_Init)
    ws2812_SPI_Init                          0x080049ad   Thumb Code    98  ws2812.o(i.ws2812_SPI_Init)
    ws2812_Send_Data                         0x08004a15   Thumb Code    38  ws2812.o(i.ws2812_Send_Data)
    Region$$Table$$Base                      0x08004a40   Number         0  anon$$obj.o(Region$$Table)
    Region$$Table$$Limit                     0x08004a60   Number         0  anon$$obj.o(Region$$Table)
    SystemCoreClock                          0x20000000   Data           4  system_stm32f10x.o(.data)
    AHBPrescTable                            0x20000004   Data          16  system_stm32f10x.o(.data)
    Serial_Flag                              0x20000050   Data           1  uart.o(.data)
    Serial_TXPacket                          0x20000051   Data           3  uart.o(.data)
    Serial_RXPacket                          0x20000054   Data           8  uart.o(.data)
    Serial2_TXPacket                         0x2000005c   Data           3  uart.o(.data)
    Serial2_RXPacket                         0x2000005f   Data           8  uart.o(.data)
    Serial3_TXPacket                         0x20000067   Data           3  uart.o(.data)
    Serial3_HW101_Angle                      0x2000006a   Data           2  uart.o(.data)
    servo_angle1                             0x20000074   Data           1  contral.o(.data)
    servo_angle2                             0x20000075   Data           1  contral.o(.data)
    servo_angle3                             0x20000076   Data           1  contral.o(.data)
    stepPosition                             0x20000078   Data           4  contral.o(.data)
    stepPosition1                            0x2000007c   Data           4  contral.o(.data)
    stepPosition2                            0x20000080   Data           4  contral.o(.data)
    distance                                 0x20000084   Data           4  contral.o(.data)
    angle_temp                               0x20000088   Data           2  contral.o(.data)
    distance1                                0x2000008c   Data           4  contral.o(.data)
    claw                                     0x20000092   Data           6  contral_claw.o(.data)
    Serial3_RXPacket                         0x2000009c   Data          11  uart.o(.bss)
    USART2_TX_BUF                            0x200000a7   Data         100  uart.o(.bss)
    srd                                      0x2000010c   Data          24  contral.o(.bss)
    srd1                                     0x20000124   Data          24  contral.o(.bss)
    srd2                                     0x2000013c   Data          24  contral.o(.bss)
    ws2812_data_buffer                       0x20000154   Data         336  ws2812.o(.bss)
    hsv_color                                0x200002a4   Data          12  ws2812.o(.bss)
    tmp_flag                                 0x200002b0   Data          14  ws2812.o(.bss)
    __initial_sp                             0x200006c0   Data           0  startup_stm32f10x_hd.o(STACK)



==============================================================================

Memory Map of the image

  Image Entry point : 0x08000145

  Load Region LR_1 (Base: 0x08000000, Size: 0x00004afc, Max: 0xffffffff, ABSOLUTE)

    Execution Region ER_RO (Exec base: 0x08000000, Load base: 0x08000000, Size: 0x00004a60, Max: 0xffffffff, ABSOLUTE)

    Exec Addr    Load Addr    Size         Type   Attr      Idx    E Section Name        Object

    0x08000000   0x08000000   0x00000130   Data   RO          353    RESET               startup_stm32f10x_hd.o
    0x08000130   0x08000130   0x00000000   Code   RO         4322  * .ARM.Collect$$$$00000000  mc_w.l(entry.o)
    0x08000130   0x08000130   0x00000004   Code   RO         4392    .ARM.Collect$$$$00000001  mc_w.l(entry2.o)
    0x08000134   0x08000134   0x00000004   Code   RO         4395    .ARM.Collect$$$$00000004  mc_w.l(entry5.o)
    0x08000138   0x08000138   0x00000000   Code   RO         4397    .ARM.Collect$$$$00000008  mc_w.l(entry7b.o)
    0x08000138   0x08000138   0x00000000   Code   RO         4399    .ARM.Collect$$$$0000000A  mc_w.l(entry8b.o)
    0x08000138   0x08000138   0x00000008   Code   RO         4400    .ARM.Collect$$$$0000000B  mc_w.l(entry9a.o)
    0x08000140   0x08000140   0x00000000   Code   RO         4402    .ARM.Collect$$$$0000000D  mc_w.l(entry10a.o)
    0x08000140   0x08000140   0x00000000   Code   RO         4404    .ARM.Collect$$$$0000000F  mc_w.l(entry11a.o)
    0x08000140   0x08000140   0x00000004   Code   RO         4393    .ARM.Collect$$$$00002712  mc_w.l(entry2.o)
    0x08000144   0x08000144   0x00000024   Code   RO          354  * .text               startup_stm32f10x_hd.o
    0x08000168   0x08000168   0x0000000e   Code   RO         4330    .text               mc_w.l(strlen.o)
    0x08000176   0x08000176   0x0000014e   Code   RO         4366    .text               mf_w.l(dadd.o)
    0x080002c4   0x080002c4   0x000000e4   Code   RO         4368    .text               mf_w.l(dmul.o)
    0x080003a8   0x080003a8   0x000000de   Code   RO         4370    .text               mf_w.l(ddiv.o)
    0x08000486   0x08000486   0x0000001a   Code   RO         4376    .text               mf_w.l(dfltui.o)
    0x080004a0   0x080004a0   0x00000028   Code   RO         4378    .text               mf_w.l(ffixui.o)
    0x080004c8   0x080004c8   0x00000032   Code   RO         4382    .text               mf_w.l(dfixui.o)
    0x080004fa   0x080004fa   0x00000038   Code   RO         4386    .text               mf_w.l(d2f.o)
    0x08000532   0x08000532   0x0000002c   Code   RO         4407    .text               mc_w.l(uidiv.o)
    0x0800055e   0x0800055e   0x00000062   Code   RO         4409    .text               mc_w.l(uldiv.o)
    0x080005c0   0x080005c0   0x0000001e   Code   RO         4411    .text               mc_w.l(llshl.o)
    0x080005de   0x080005de   0x00000020   Code   RO         4413    .text               mc_w.l(llushr.o)
    0x080005fe   0x080005fe   0x00000024   Code   RO         4415    .text               mc_w.l(llsshr.o)
    0x08000622   0x08000622   0x00000000   Code   RO         4424    .text               mc_w.l(iusefp.o)
    0x08000622   0x08000622   0x0000006e   Code   RO         4425    .text               mf_w.l(fepilogue.o)
    0x08000690   0x08000690   0x000000ba   Code   RO         4427    .text               mf_w.l(depilogue.o)
    0x0800074a   0x0800074a   0x000000a2   Code   RO         4429    .text               mf_w.l(dsqrt.o)
    0x080007ec   0x080007ec   0x00000030   Code   RO         4431    .text               mf_w.l(dfixul.o)
    0x0800081c   0x0800081c   0x00000030   Code   RO         4435    .text               mf_w.l(cdrcmple.o)
    0x0800084c   0x0800084c   0x00000024   Code   RO         4437    .text               mc_w.l(init.o)
    0x08000870   0x08000870   0x00000004   Code   RO          157    i.BusFault_Handler  stm32f10x_it.o
    0x08000874   0x08000874   0x00000020   Code   RO         3694    i.DIR1              contral.o
    0x08000894   0x08000894   0x00000024   Code   RO         3695    i.DIR2              contral.o
    0x080008b8   0x080008b8   0x00000024   Code   RO         3696    i.DIR3              contral.o
    0x080008dc   0x080008dc   0x00000020   Code   RO         3697    i.DIR4              contral.o
    0x080008fc   0x080008fc   0x0000001c   Code   RO         1083    i.DMA_ClearFlag     stm32f10x_dma.o
    0x08000918   0x08000918   0x00000018   Code   RO         1085    i.DMA_Cmd           stm32f10x_dma.o
    0x08000930   0x08000930   0x0000014c   Code   RO         1086    i.DMA_DeInit        stm32f10x_dma.o
    0x08000a7c   0x08000a7c   0x0000003c   Code   RO         1091    i.DMA_Init          stm32f10x_dma.o
    0x08000ab8   0x08000ab8   0x00000004   Code   RO         1092    i.DMA_SetCurrDataCounter  stm32f10x_dma.o
    0x08000abc   0x08000abc   0x00000002   Code   RO          158    i.DebugMon_Handler  stm32f10x_it.o
    0x08000abe   0x08000abe   0x00000116   Code   RO         1509    i.GPIO_Init         stm32f10x_gpio.o
    0x08000bd4   0x08000bd4   0x00000090   Code   RO         1511    i.GPIO_PinRemapConfig  stm32f10x_gpio.o
    0x08000c64   0x08000c64   0x00000004   Code   RO         1516    i.GPIO_ResetBits    stm32f10x_gpio.o
    0x08000c68   0x08000c68   0x00000004   Code   RO         1517    i.GPIO_SetBits      stm32f10x_gpio.o
    0x08000c6c   0x08000c6c   0x00000004   Code   RO          159    i.HardFault_Handler  stm32f10x_it.o
    0x08000c70   0x08000c70   0x000000b0   Code   RO         3410    i.KEY_Init          key.o
    0x08000d20   0x08000d20   0x00000060   Code   RO         3398    i.LED_Init          led.o
    0x08000d80   0x08000d80   0x00000148   Code   RO         3325    i.MOTOR1_Init       motor.o
    0x08000ec8   0x08000ec8   0x0000013c   Code   RO         3327    i.MOTOR3_Init       motor.o
    0x08001004   0x08001004   0x00000140   Code   RO         3328    i.MOTOR4_Init       motor.o
    0x08001144   0x08001144   0x0000013c   Code   RO         3329    i.MOTOR5_Init       motor.o
    0x08001280   0x08001280   0x00000150   Code   RO         3331    i.MOTOR7_Init       motor.o
    0x080013d0   0x080013d0   0x00000140   Code   RO         3332    i.MOTOR8_Init       motor.o
    0x08001510   0x08001510   0x0000002c   Code   RO         3698    i.MOTOR_Angle       contral.o
    0x0800153c   0x0800153c   0x0000007c   Code   RO         3699    i.MOTOR_Direction   contral.o
    0x080015b8   0x080015b8   0x00000038   Code   RO         3700    i.MOTOR_Displacement  contral.o
    0x080015f0   0x080015f0   0x00000040   Code   RO         3701    i.MOTOR_Displacement_mm  contral.o
    0x08001630   0x08001630   0x00000040   Code   RO         3702    i.MOTOR_TURN        contral.o
    0x08001670   0x08001670   0x000001b0   Code   RO         3703    i.MSD_Move          contral.o
    0x08001820   0x08001820   0x0000018c   Code   RO         3704    i.MSD_Move1         contral.o
    0x080019ac   0x080019ac   0x00000190   Code   RO         3705    i.MSD_Move2         contral.o
    0x08001b3c   0x08001b3c   0x00000020   Code   RO         3706    i.MSD_StepCounter   contral.o
    0x08001b5c   0x08001b5c   0x00000020   Code   RO         3707    i.MSD_StepCounter1  contral.o
    0x08001b7c   0x08001b7c   0x00000020   Code   RO         3708    i.MSD_StepCounter2  contral.o
    0x08001b9c   0x08001b9c   0x00000004   Code   RO          160    i.MemManage_Handler  stm32f10x_it.o
    0x08001ba0   0x08001ba0   0x00000020   Code   RO         3709    i.Motor1_DIR        contral.o
    0x08001bc0   0x08001bc0   0x00000002   Code   RO          161    i.NMI_Handler       stm32f10x_it.o
    0x08001bc2   0x08001bc2   0x00000002   PAD
    0x08001bc4   0x08001bc4   0x00000070   Code   RO          358    i.NVIC_Init         misc.o
    0x08001c34   0x08001c34   0x00000014   Code   RO          359    i.NVIC_PriorityGroupConfig  misc.o
    0x08001c48   0x08001c48   0x00000030   Code   RO         3597    i.OLED_IIC_Start    oled.o
    0x08001c78   0x08001c78   0x00000028   Code   RO         3598    i.OLED_IIC_Stop     oled.o
    0x08001ca0   0x08001ca0   0x0000001c   Code   RO         3599    i.OLED_IIC_Wait_Ack  oled.o
    0x08001cbc   0x08001cbc   0x00000118   Code   RO         3600    i.OLED_Init         oled.o
    0x08001dd4   0x08001dd4   0x00000018   Code   RO         3605    i.OLED_WR_Byte      oled.o
    0x08001dec   0x08001dec   0x0000005c   Code   RO         3606    i.OLED_Write_IIC_Byte  oled.o
    0x08001e48   0x08001e48   0x0000002c   Code   RO         3607    i.OLED_Write_IIC_Command  oled.o
    0x08001e74   0x08001e74   0x0000002c   Code   RO         3608    i.OLED_Write_IIC_Data  oled.o
    0x08001ea0   0x08001ea0   0x00000002   Code   RO          162    i.PendSV_Handler    stm32f10x_it.o
    0x08001ea2   0x08001ea2   0x00000002   PAD
    0x08001ea4   0x08001ea4   0x00000020   Code   RO         1924    i.RCC_AHBPeriphClockCmd  stm32f10x_rcc.o
    0x08001ec4   0x08001ec4   0x00000020   Code   RO         1925    i.RCC_APB1PeriphClockCmd  stm32f10x_rcc.o
    0x08001ee4   0x08001ee4   0x00000020   Code   RO         1927    i.RCC_APB2PeriphClockCmd  stm32f10x_rcc.o
    0x08001f04   0x08001f04   0x000000d4   Code   RO         1935    i.RCC_GetClocksFreq  stm32f10x_rcc.o
    0x08001fd8   0x08001fd8   0x0000004c   Code   RO         3967    i.SERVO2_CONTRAL    servo.o
    0x08002024   0x08002024   0x0000004c   Code   RO         3968    i.SERVO3_CONTRAL    servo.o
    0x08002070   0x08002070   0x00000018   Code   RO         2404    i.SPI_Cmd           stm32f10x_spi.o
    0x08002088   0x08002088   0x00000012   Code   RO         2410    i.SPI_I2S_DMACmd    stm32f10x_spi.o
    0x0800209a   0x0800209a   0x0000003c   Code   RO         2417    i.SPI_Init          stm32f10x_spi.o
    0x080020d6   0x080020d6   0x00000002   Code   RO          163    i.SVC_Handler       stm32f10x_it.o
    0x080020d8   0x080020d8   0x0000001c   Code   RO         3447    i.Serial1_GetRxFlag  uart.o
    0x080020f4   0x080020f4   0x000000a0   Code   RO         3970    i.Servo2_Init       servo.o
    0x08002194   0x08002194   0x000000a0   Code   RO         3971    i.Servo3_Init       servo.o
    0x08002234   0x08002234   0x00000008   Code   RO          246    i.SetSysClock       system_stm32f10x.o
    0x0800223c   0x0800223c   0x000000e0   Code   RO          247    i.SetSysClockTo72   system_stm32f10x.o
    0x0800231c   0x0800231c   0x00000028   Code   RO          362    i.SysTick_CLKSourceConfig  misc.o
    0x08002344   0x08002344   0x00000002   Code   RO          164    i.SysTick_Handler   stm32f10x_it.o
    0x08002346   0x08002346   0x00000002   PAD
    0x08002348   0x08002348   0x00000060   Code   RO          249    i.SystemInit        system_stm32f10x.o
    0x080023a8   0x080023a8   0x00000220   Code   RO         3333    i.TIM2_IRQHandler   motor.o
    0x080025c8   0x080025c8   0x0000023c   Code   RO         3334    i.TIM3_IRQHandler   motor.o
    0x08002804   0x08002804   0x00000220   Code   RO         3335    i.TIM4_IRQHandler   motor.o
    0x08002a24   0x08002a24   0x00000068   Code   RO         4008    i.TIM6_COUNT_Init   time_count.o
    0x08002a8c   0x08002a8c   0x00000048   Code   RO         4009    i.TIM6_IRQHandler   time_count.o
    0x08002ad4   0x08002ad4   0x00000018   Code   RO         2547    i.TIM_ARRPreloadConfig  stm32f10x_tim.o
    0x08002aec   0x08002aec   0x00000006   Code   RO         2554    i.TIM_ClearITPendingBit  stm32f10x_tim.o
    0x08002af2   0x08002af2   0x00000018   Code   RO         2559    i.TIM_Cmd           stm32f10x_tim.o
    0x08002b0a   0x08002b0a   0x00000022   Code   RO         2580    i.TIM_GetITStatus   stm32f10x_tim.o
    0x08002b2c   0x08002b2c   0x00000012   Code   RO         2584    i.TIM_ITConfig      stm32f10x_tim.o
    0x08002b3e   0x08002b3e   0x00000002   PAD
    0x08002b40   0x08002b40   0x00000098   Code   RO         2588    i.TIM_OC1Init       stm32f10x_tim.o
    0x08002bd8   0x08002bd8   0x00000012   Code   RO         2591    i.TIM_OC1PreloadConfig  stm32f10x_tim.o
    0x08002bea   0x08002bea   0x00000002   PAD
    0x08002bec   0x08002bec   0x000000a4   Code   RO         2593    i.TIM_OC2Init       stm32f10x_tim.o
    0x08002c90   0x08002c90   0x0000001a   Code   RO         2596    i.TIM_OC2PreloadConfig  stm32f10x_tim.o
    0x08002caa   0x08002caa   0x00000002   PAD
    0x08002cac   0x08002cac   0x000000a0   Code   RO         2598    i.TIM_OC3Init       stm32f10x_tim.o
    0x08002d4c   0x08002d4c   0x00000012   Code   RO         2601    i.TIM_OC3PreloadConfig  stm32f10x_tim.o
    0x08002d5e   0x08002d5e   0x00000002   PAD
    0x08002d60   0x08002d60   0x0000007c   Code   RO         2603    i.TIM_OC4Init       stm32f10x_tim.o
    0x08002ddc   0x08002ddc   0x0000001a   Code   RO         2605    i.TIM_OC4PreloadConfig  stm32f10x_tim.o
    0x08002df6   0x08002df6   0x00000014   Code   RO         2606    i.TIM_OCStructInit  stm32f10x_tim.o
    0x08002e0a   0x08002e0a   0x00000004   Code   RO         2618    i.TIM_SetAutoreload  stm32f10x_tim.o
    0x08002e0e   0x08002e0e   0x00000004   Code   RO         2620    i.TIM_SetCompare1   stm32f10x_tim.o
    0x08002e12   0x08002e12   0x00000004   Code   RO         2621    i.TIM_SetCompare2   stm32f10x_tim.o
    0x08002e16   0x08002e16   0x00000004   Code   RO         2622    i.TIM_SetCompare3   stm32f10x_tim.o
    0x08002e1a   0x08002e1a   0x00000006   Code   RO         2623    i.TIM_SetCompare4   stm32f10x_tim.o
    0x08002e20   0x08002e20   0x000000a4   Code   RO         2630    i.TIM_TimeBaseInit  stm32f10x_tim.o
    0x08002ec4   0x08002ec4   0x00000012   Code   RO         2631    i.TIM_TimeBaseStructInit  stm32f10x_tim.o
    0x08002ed6   0x08002ed6   0x00000018   Code   RO         2633    i.TIM_UpdateRequestConfig  stm32f10x_tim.o
    0x08002eee   0x08002eee   0x00000002   PAD
    0x08002ef0   0x08002ef0   0x000000a8   Code   RO         3450    i.UART1_Init        uart.o
    0x08002f98   0x08002f98   0x000000b4   Code   RO         3454    i.UART2_Init        uart.o
    0x0800304c   0x0800304c   0x00000018   Code   RO         3458    i.UART_SendPacket2UP  uart.o
    0x08003064   0x08003064   0x00000018   Code   RO         3459    i.UART_SendPacket3UP  uart.o
    0x0800307c   0x0800307c   0x00000094   Code   RO         3460    i.USART1_IRQHandler  uart.o
    0x08003110   0x08003110   0x00000020   Code   RO         3461    i.USART1_SendBits   uart.o
    0x08003130   0x08003130   0x000000a4   Code   RO         3462    i.USART2_IRQHandler  uart.o
    0x080031d4   0x080031d4   0x00000094   Code   RO         3464    i.USART3_IRQHandler  uart.o
    0x08003268   0x08003268   0x0000001e   Code   RO         3092    i.USART_ClearITPendingBit  stm32f10x_usart.o
    0x08003286   0x08003286   0x00000018   Code   RO         3095    i.USART_Cmd         stm32f10x_usart.o
    0x0800329e   0x0800329e   0x0000001a   Code   RO         3098    i.USART_GetFlagStatus  stm32f10x_usart.o
    0x080032b8   0x080032b8   0x00000054   Code   RO         3099    i.USART_GetITStatus  stm32f10x_usart.o
    0x0800330c   0x0800330c   0x0000004a   Code   RO         3101    i.USART_ITConfig    stm32f10x_usart.o
    0x08003356   0x08003356   0x00000002   PAD
    0x08003358   0x08003358   0x000000d8   Code   RO         3102    i.USART_Init        stm32f10x_usart.o
    0x08003430   0x08003430   0x0000000a   Code   RO         3109    i.USART_ReceiveData  stm32f10x_usart.o
    0x0800343a   0x0800343a   0x00000008   Code   RO         3112    i.USART_SendData    stm32f10x_usart.o
    0x08003442   0x08003442   0x00000004   Code   RO          165    i.UsageFault_Handler  stm32f10x_it.o
    0x08003446   0x08003446   0x00000002   PAD
    0x08003448   0x08003448   0x00000024   Code   RO         4339    i.__0vsprintf       mc_w.l(printfa.o)
    0x0800346c   0x0800346c   0x0000000e   Code   RO         4441    i.__scatterload_copy  mc_w.l(handlers.o)
    0x0800347a   0x0800347a   0x00000002   Code   RO         4442    i.__scatterload_null  mc_w.l(handlers.o)
    0x0800347c   0x0800347c   0x0000000e   Code   RO         4443    i.__scatterload_zeroinit  mc_w.l(handlers.o)
    0x0800348a   0x0800348a   0x00000002   PAD
    0x0800348c   0x0800348c   0x0000000c   Code   RO         4419    i.__set_errno       mc_w.l(errno.o)
    0x08003498   0x08003498   0x00000184   Code   RO         4340    i._fp_digits        mc_w.l(printfa.o)
    0x0800361c   0x0800361c   0x000006dc   Code   RO         4341    i._printf_core      mc_w.l(printfa.o)
    0x08003cf8   0x08003cf8   0x00000024   Code   RO         4342    i._printf_post_padding  mc_w.l(printfa.o)
    0x08003d1c   0x08003d1c   0x0000002e   Code   RO         4343    i._printf_pre_padding  mc_w.l(printfa.o)
    0x08003d4a   0x08003d4a   0x0000000a   Code   RO         4345    i._sputc            mc_w.l(printfa.o)
    0x08003d54   0x08003d54   0x00000010   Code   RO         3710    i.abs_int           contral.o
    0x08003d64   0x08003d64   0x00000024   Code   RO         4027    i.arrive2_circle_capture  contral_claw.o
    0x08003d88   0x08003d88   0x00000024   Code   RO         4028    i.arrive2_circle_capture2  contral_claw.o
    0x08003dac   0x08003dac   0x00000024   Code   RO         4029    i.arrive_block_down  contral_claw.o
    0x08003dd0   0x08003dd0   0x00000024   Code   RO         4030    i.arrive_block_get  contral_claw.o
    0x08003df4   0x08003df4   0x00000024   Code   RO         4031    i.arrive_block_put  contral_claw.o
    0x08003e18   0x08003e18   0x00000024   Code   RO         4032    i.arrive_block_put2  contral_claw.o
    0x08003e3c   0x08003e3c   0x00000024   Code   RO         4033    i.arrive_block_put3  contral_claw.o
    0x08003e60   0x08003e60   0x00000024   Code   RO         4034    i.arrive_block_wait  contral_claw.o
    0x08003e84   0x08003e84   0x00000024   Code   RO         4035    i.arrive_camera     contral_claw.o
    0x08003ea8   0x08003ea8   0x00000024   Code   RO         4036    i.arrive_camera2    contral_claw.o
    0x08003ecc   0x08003ecc   0x00000024   Code   RO         4037    i.arrive_circle_capture  contral_claw.o
    0x08003ef0   0x08003ef0   0x00000024   Code   RO         4038    i.arrive_circle_capture2  contral_claw.o
    0x08003f14   0x08003f14   0x00000024   Code   RO         4039    i.arrive_most_up    contral_claw.o
    0x08003f38   0x08003f38   0x00000020   Code   RO         3711    i.claw_Init         contral.o
    0x08003f58   0x08003f58   0x00000024   Code   RO         3712    i.claw_close        contral.o
    0x08003f7c   0x08003f7c   0x00000060   Code   RO         4040    i.claw_get_block    contral_claw.o
    0x08003fdc   0x08003fdc   0x00000040   Code   RO         4041    i.claw_get_block2   contral_claw.o
    0x0800401c   0x0800401c   0x00000024   Code   RO         3718    i.claw_open         contral.o
    0x08004040   0x08004040   0x00000084   Code   RO         4042    i.claw_position     contral_claw.o
    0x080040c4   0x080040c4   0x00000070   Code   RO         4043    i.claw_position2    contral_claw.o
    0x08004134   0x08004134   0x00000064   Code   RO         4044    i.claw_put_block    contral_claw.o
    0x08004198   0x08004198   0x00000052   Code   RO         4045    i.claw_put_block2   contral_claw.o
    0x080041ea   0x080041ea   0x00000052   Code   RO         4046    i.claw_put_block3   contral_claw.o
    0x0800423c   0x0800423c   0x00000014   Code   RO         3721    i.claw_turn0        contral.o
    0x08004250   0x08004250   0x00000014   Code   RO         3722    i.claw_turn129      contral.o
    0x08004264   0x08004264   0x00000014   Code   RO         3726    i.contral_motor_Init  contral.o
    0x08004278   0x08004278   0x00000044   Code   RO          280    i.delay_init        delay.o
    0x080042bc   0x080042bc   0x0000004c   Code   RO          281    i.delay_ms          delay.o
    0x08004308   0x08004308   0x0000003e   Code   RO            1    i.main              main.o
    0x08004346   0x08004346   0x0000002a   Code   RO         3727    i.max_Return        contral.o
    0x08004370   0x08004370   0x0000004c   Code   RO         4315    i.sqrt              m_ws.l(sqrt.o)
    0x080043bc   0x080043bc   0x00000012   Code   RO         3728    i.support_turn120   contral.o
    0x080043ce   0x080043ce   0x00000032   Code   RO         3954    i.system_Init       system_init.o
    0x08004400   0x08004400   0x00000094   Code   RO         3467    i.u2_printf         uart.o
    0x08004494   0x08004494   0x00000428   Code   RO         3732    i.uart_handle       contral.o
    0x080048bc   0x080048bc   0x00000018   Code   RO         3733    i.uart_screen       contral.o
    0x080048d4   0x080048d4   0x00000038   Code   RO         4169    i.ws2812_AllShutOff  ws2812.o
    0x0800490c   0x0800490c   0x00000058   Code   RO         4171    i.ws2812_DMA_Init   ws2812.o
    0x08004964   0x08004964   0x0000002c   Code   RO         4172    i.ws2812_GPIO_Init  ws2812.o
    0x08004990   0x08004990   0x0000001a   Code   RO         4173    i.ws2812_Init       ws2812.o
    0x080049aa   0x080049aa   0x00000002   PAD
    0x080049ac   0x080049ac   0x00000068   Code   RO         4176    i.ws2812_SPI_Init   ws2812.o
    0x08004a14   0x08004a14   0x0000002c   Code   RO         4177    i.ws2812_Send_Data  ws2812.o
    0x08004a40   0x08004a40   0x00000020   Data   RO         4439    Region$$Table       anon$$obj.o


    Execution Region ER_RW (Exec base: 0x20000000, Load base: 0x08004a60, Size: 0x0000009c, Max: 0xffffffff, ABSOLUTE)

    Exec Addr    Load Addr    Size         Type   Attr      Idx    E Section Name        Object

    0x20000000   0x08004a60   0x00000014   Data   RW          250    .data               system_stm32f10x.o
    0x20000014   0x08004a74   0x00000004   Data   RW          283    .data               delay.o
    0x20000018   0x08004a78   0x00000014   Data   RW         1955    .data               stm32f10x_rcc.o
    0x2000002c   0x08004a8c   0x00000024   Data   RW         3336    .data               motor.o
    0x20000050   0x08004ab0   0x00000022   Data   RW         3469    .data               uart.o
    0x20000072   0x08004ad2   0x00000002   PAD
    0x20000074   0x08004ad4   0x0000001c   Data   RW         3735    .data               contral.o
    0x20000090   0x08004af0   0x00000001   Data   RW         4010    .data               time_count.o
    0x20000091   0x08004af1   0x00000001   PAD
    0x20000092   0x08004af2   0x00000006   Data   RW         4047    .data               contral_claw.o
    0x20000098   0x08004af8   0x00000004   Data   RW         4420    .data               mc_w.l(errno.o)


    Execution Region ER_ZI (Exec base: 0x2000009c, Load base: 0x08004afc, Size: 0x00000624, Max: 0xffffffff, ABSOLUTE)

    Exec Addr    Load Addr    Size         Type   Attr      Idx    E Section Name        Object

    0x2000009c        -       0x0000006f   Zero   RW         3468    .bss                uart.o
    0x2000010b   0x08004afc   0x00000001   PAD
    0x2000010c        -       0x00000048   Zero   RW         3734    .bss                contral.o
    0x20000154        -       0x0000016a   Zero   RW         4182    .bss                ws2812.o
    0x200002be   0x08004afc   0x00000002   PAD
    0x200002c0        -       0x00000400   Zero   RW          351    STACK               startup_stm32f10x_hd.o


==============================================================================

Image component sizes


      Code (inc. data)   RO Data    RW Data    ZI Data      Debug   Object Name

      3172        222          0         28         72      17691   contral.o
      1136         76          0          6          0      11256   contral_claw.o
       144         22          0          4          0       1164   delay.o
       176         12          0          0          0        543   key.o
        96          8          0          0          0        499   led.o
        62          0          0          0          0     270659   main.o
       172         22          0          0          0       2009   misc.o
      3596        168          0         36          0       6930   motor.o
       600         24          0          0          0       4241   oled.o
       472         52          0          0          0       2374   servo.o
        36          8        304          0       1024        784   startup_stm32f10x_hd.o
       448         18          0          0          0       4419   stm32f10x_dma.o
       430          6          0          0          0       3814   stm32f10x_gpio.o
        26          0          0          0          0       3594   stm32f10x_it.o
       308         38          0         20          0       4926   stm32f10x_rcc.o
       102          0          0          0          0       2670   stm32f10x_spi.o
      1042         92          0          0          0      13375   stm32f10x_tim.o
       472          6          0          0          0       6703   stm32f10x_usart.o
         0          0          0          0          0         32   sys.o
        50          0          0          0          0        502   system_init.o
       328         28          0         20          0       2025   system_stm32f10x.o
       176         22          0          1          0       1068   time_count.o
      1064        100          0         34        111       7526   uart.o
       362         36          0          0        362       3794   ws2812.o

    ----------------------------------------------------------------------
     14492        960        336        152       1572     372598   Object Totals
         0          0         32          0          0          0   (incl. Generated)
        22          0          0          3          3          0   (incl. Padding)

    ----------------------------------------------------------------------

      Code (inc. data)   RO Data    RW Data    ZI Data      Debug   Library Member Name

        76          0          0          0          0         84   sqrt.o
         0          0          0          0          0          0   entry.o
         0          0          0          0          0          0   entry10a.o
         0          0          0          0          0          0   entry11a.o
         8          4          0          0          0          0   entry2.o
         4          0          0          0          0          0   entry5.o
         0          0          0          0          0          0   entry7b.o
         0          0          0          0          0          0   entry8b.o
         8          4          0          0          0          0   entry9a.o
        12          6          0          4          0         68   errno.o
        30          0          0          0          0          0   handlers.o
        36          8          0          0          0         68   init.o
         0          0          0          0          0          0   iusefp.o
        30          0          0          0          0         68   llshl.o
        36          0          0          0          0         68   llsshr.o
        32          0          0          0          0         68   llushr.o
      2272         86          0          0          0        516   printfa.o
        14          0          0          0          0         68   strlen.o
        44          0          0          0          0         80   uidiv.o
        98          0          0          0          0         92   uldiv.o
        48          0          0          0          0         68   cdrcmple.o
        56          0          0          0          0         88   d2f.o
       334          0          0          0          0        148   dadd.o
       222          0          0          0          0        100   ddiv.o
       186          0          0          0          0        176   depilogue.o
        50          0          0          0          0         76   dfixui.o
        48          0          0          0          0         68   dfixul.o
        26          0          0          0          0         76   dfltui.o
       228          0          0          0          0         96   dmul.o
       162          0          0          0          0        100   dsqrt.o
       110          0          0          0          0        168   fepilogue.o
        40          0          0          0          0         68   ffixui.o

    ----------------------------------------------------------------------
      4212        108          0          4          0       2412   Library Totals
         2          0          0          0          0          0   (incl. Padding)

    ----------------------------------------------------------------------

      Code (inc. data)   RO Data    RW Data    ZI Data      Debug   Library Name

        76          0          0          0          0         84   m_ws.l
      2624        108          0          4          0       1096   mc_w.l
      1510          0          0          0          0       1232   mf_w.l

    ----------------------------------------------------------------------
      4212        108          0          4          0       2412   Library Totals

    ----------------------------------------------------------------------

==============================================================================


      Code (inc. data)   RO Data    RW Data    ZI Data      Debug   

     18704       1068        336        156       1572     366114   Grand Totals
     18704       1068        336        156       1572     366114   ELF Image Totals
     18704       1068        336        156          0          0   ROM Totals

==============================================================================

    Total RO  Size (Code + RO Data)                19040 (  18.59kB)
    Total RW  Size (RW Data + ZI Data)              1728 (   1.69kB)
    Total ROM Size (Code + RO Data + RW Data)      19196 (  18.75kB)

==============================================================================

