Component: ARM Compiler 5.06 update 5 (build 528) Tool: armlink [4d35e2]

==============================================================================

Section Cross References

    main.o(i.main) refers to system_init.o(i.system_Init) for system_Init
    main.o(i.main) refers to contral.o(i.contral_motor_Init) for contral_motor_Init
    main.o(i.main) refers to contral.o(i.claw_Init) for claw_Init
    main.o(i.main) refers to motor.o(i.MOTOR5_Init) for MOTOR5_Init
    main.o(i.main) refers to uart.o(i.Serial1_GetRxFlag) for Serial1_GetRxFlag
    main.o(i.main) refers to contral.o(i.uart_handle) for uart_handle
    main.o(i.main) refers to uart.o(i.UART_SendPacket2UP) for UART_SendPacket2UP
    system_stm32f10x.o(i.SetSysClock) refers to system_stm32f10x.o(i.SetSysClockTo72) for SetSysClockTo72
    system_stm32f10x.o(i.SystemCoreClockUpdate) refers to system_stm32f10x.o(.data) for SystemCoreClock
    system_stm32f10x.o(i.SystemInit) refers to system_stm32f10x.o(i.SetSysClock) for SetSysClock
    delay.o(i.delay_init) refers to misc.o(i.SysTick_CLKSourceConfig) for SysTick_CLKSourceConfig
    delay.o(i.delay_init) refers to system_stm32f10x.o(.data) for SystemCoreClock
    delay.o(i.delay_init) refers to delay.o(.data) for fac_us
    delay.o(i.delay_ms) refers to delay.o(.data) for fac_ms
    delay.o(i.delay_us) refers to delay.o(.data) for fac_us
    startup_stm32f10x_hd.o(RESET) refers to startup_stm32f10x_hd.o(STACK) for __initial_sp
    startup_stm32f10x_hd.o(RESET) refers to startup_stm32f10x_hd.o(.text) for Reset_Handler
    startup_stm32f10x_hd.o(RESET) refers to stm32f10x_it.o(i.NMI_Handler) for NMI_Handler
    startup_stm32f10x_hd.o(RESET) refers to stm32f10x_it.o(i.HardFault_Handler) for HardFault_Handler
    startup_stm32f10x_hd.o(RESET) refers to stm32f10x_it.o(i.MemManage_Handler) for MemManage_Handler
    startup_stm32f10x_hd.o(RESET) refers to stm32f10x_it.o(i.BusFault_Handler) for BusFault_Handler
    startup_stm32f10x_hd.o(RESET) refers to stm32f10x_it.o(i.UsageFault_Handler) for UsageFault_Handler
    startup_stm32f10x_hd.o(RESET) refers to stm32f10x_it.o(i.SVC_Handler) for SVC_Handler
    startup_stm32f10x_hd.o(RESET) refers to stm32f10x_it.o(i.DebugMon_Handler) for DebugMon_Handler
    startup_stm32f10x_hd.o(RESET) refers to stm32f10x_it.o(i.PendSV_Handler) for PendSV_Handler
    startup_stm32f10x_hd.o(RESET) refers to stm32f10x_it.o(i.SysTick_Handler) for SysTick_Handler
    startup_stm32f10x_hd.o(RESET) refers to motor.o(i.TIM2_IRQHandler) for TIM2_IRQHandler
    startup_stm32f10x_hd.o(RESET) refers to motor.o(i.TIM3_IRQHandler) for TIM3_IRQHandler
    startup_stm32f10x_hd.o(RESET) refers to motor.o(i.TIM4_IRQHandler) for TIM4_IRQHandler
    startup_stm32f10x_hd.o(RESET) refers to uart.o(i.USART1_IRQHandler) for USART1_IRQHandler
    startup_stm32f10x_hd.o(RESET) refers to uart.o(i.USART2_IRQHandler) for USART2_IRQHandler
    startup_stm32f10x_hd.o(RESET) refers to uart.o(i.USART3_IRQHandler) for USART3_IRQHandler
    startup_stm32f10x_hd.o(RESET) refers to uart.o(i.UART4_IRQHandler) for UART4_IRQHandler
    startup_stm32f10x_hd.o(RESET) refers to time_count.o(i.TIM6_IRQHandler) for TIM6_IRQHandler
    startup_stm32f10x_hd.o(.text) refers to system_stm32f10x.o(i.SystemInit) for SystemInit
    startup_stm32f10x_hd.o(.text) refers to entry.o(.ARM.Collect$$$$00000000) for __main
    stm32f10x_adc.o(i.ADC_DeInit) refers to stm32f10x_rcc.o(i.RCC_APB2PeriphResetCmd) for RCC_APB2PeriphResetCmd
    stm32f10x_bkp.o(i.BKP_DeInit) refers to stm32f10x_rcc.o(i.RCC_BackupResetCmd) for RCC_BackupResetCmd
    stm32f10x_can.o(i.CAN_DeInit) refers to stm32f10x_rcc.o(i.RCC_APB1PeriphResetCmd) for RCC_APB1PeriphResetCmd
    stm32f10x_can.o(i.CAN_GetITStatus) refers to stm32f10x_can.o(i.CheckITStatus) for CheckITStatus
    stm32f10x_cec.o(i.CEC_DeInit) refers to stm32f10x_rcc.o(i.RCC_APB1PeriphResetCmd) for RCC_APB1PeriphResetCmd
    stm32f10x_dac.o(i.DAC_DeInit) refers to stm32f10x_rcc.o(i.RCC_APB1PeriphResetCmd) for RCC_APB1PeriphResetCmd
    stm32f10x_flash.o(i.FLASH_EnableWriteProtection) refers to stm32f10x_flash.o(i.FLASH_WaitForLastOperation) for FLASH_WaitForLastOperation
    stm32f10x_flash.o(i.FLASH_EraseAllBank1Pages) refers to stm32f10x_flash.o(i.FLASH_WaitForLastBank1Operation) for FLASH_WaitForLastBank1Operation
    stm32f10x_flash.o(i.FLASH_EraseAllPages) refers to stm32f10x_flash.o(i.FLASH_WaitForLastOperation) for FLASH_WaitForLastOperation
    stm32f10x_flash.o(i.FLASH_EraseOptionBytes) refers to stm32f10x_flash.o(i.FLASH_GetReadOutProtectionStatus) for FLASH_GetReadOutProtectionStatus
    stm32f10x_flash.o(i.FLASH_EraseOptionBytes) refers to stm32f10x_flash.o(i.FLASH_WaitForLastOperation) for FLASH_WaitForLastOperation
    stm32f10x_flash.o(i.FLASH_ErasePage) refers to stm32f10x_flash.o(i.FLASH_WaitForLastOperation) for FLASH_WaitForLastOperation
    stm32f10x_flash.o(i.FLASH_ProgramHalfWord) refers to stm32f10x_flash.o(i.FLASH_WaitForLastOperation) for FLASH_WaitForLastOperation
[...]
    ../fplib/microlib/fpfix.c                0x00000000   Number         0  dfixul.o ABSOLUTE
    ../fplib/microlib/fpfix.c                0x00000000   Number         0  dfixui.o ABSOLUTE
    ../fplib/microlib/fpfix.c                0x00000000   Number         0  dfixi.o ABSOLUTE
    ../fplib/microlib/fpfix.c                0x00000000   Number         0  ffixi.o ABSOLUTE
    ../fplib/microlib/fpfix.c                0x00000000   Number         0  ffixui.o ABSOLUTE
    ../fplib/microlib/fpflt.c                0x00000000   Number         0  dfltui.o ABSOLUTE
    ../fplib/microlib/fpflt.c                0x00000000   Number         0  ffltui.o ABSOLUTE
    ../fplib/microlib/fpflt.c                0x00000000   Number         0  fflti.o ABSOLUTE
    ../fplib/microlib/fpmul.c                0x00000000   Number         0  fmul.o ABSOLUTE
    ../fplib/microlib/fpmul.c                0x00000000   Number         0  dmul.o ABSOLUTE
    ../fplib/microlib/fpsqrt.c               0x00000000   Number         0  dsqrt.o ABSOLUTE
    ../mathlib/floor.c                       0x00000000   Number         0  floor.o ABSOLUTE
    ../mathlib/sqrt.c                        0x00000000   Number         0  sqrt_x.o ABSOLUTE
    ../mathlib/sqrt.c                        0x00000000   Number         0  sqrt.o ABSOLUTE
    ..\CORE\core_cm3.c                       0x00000000   Number         0  core_cm3.o ABSOLUTE
    ..\CORE\startup_stm32f10x_hd.s           0x00000000   Number         0  startup_stm32f10x_hd.o ABSOLUTE
    ..\HARDWARE\CONTRAL\contral.c            0x00000000   Number         0  contral.o ABSOLUTE
    ..\HARDWARE\CONTRAL_CLAW\contral_claw.c  0x00000000   Number         0  contral_claw.o ABSOLUTE
    ..\HARDWARE\COUNT\time_count.c           0x00000000   Number         0  time_count.o ABSOLUTE
    ..\HARDWARE\HWT101.c                     0x00000000   Number         0  hwt101.o ABSOLUTE
    ..\HARDWARE\KEY\key.c                    0x00000000   Number         0  key.o ABSOLUTE
    ..\HARDWARE\LED\led.c                    0x00000000   Number         0  led.o ABSOLUTE
    ..\HARDWARE\MOTOR\motor.c                0x00000000   Number         0  motor.o ABSOLUTE
    ..\HARDWARE\OLED\oled.c                  0x00000000   Number         0  oled.o ABSOLUTE
    ..\HARDWARE\SERVO\servo.c                0x00000000   Number         0  servo.o ABSOLUTE
    ..\HARDWARE\SYSTEM_INIT\system_init.c    0x00000000   Number         0  system_init.o ABSOLUTE
    ..\HARDWARE\UART\uart.c                  0x00000000   Number         0  uart.o ABSOLUTE
    ..\HARDWARE\WS2812\ws2812.c              0x00000000   Number         0  ws2812.o ABSOLUTE
    ..\STM32F10x_FWLib\src\misc.c            0x00000000   Number         0  misc.o ABSOLUTE
    ..\STM32F10x_FWLib\src\stm32f10x_adc.c   0x00000000   Number         0  stm32f10x_adc.o ABSOLUTE
    ..\STM32F10x_FWLib\src\stm32f10x_bkp.c   0x00000000   Number         0  stm32f10x_bkp.o ABSOLUTE
    ..\STM32F10x_FWLib\src\stm32f10x_can.c   0x00000000   Number         0  stm32f10x_can.o ABSOLUTE
    ..\STM32F10x_FWLib\src\stm32f10x_cec.c   0x00000000   Number         0  stm32f10x_cec.o ABSOLUTE
    ..\STM32F10x_FWLib\src\stm32f10x_crc.c   0x00000000   Number         0  stm32f10x_crc.o ABSOLUTE
    ..\STM32F10x_FWLib\src\stm32f10x_dac.c   0x00000000   Number         0  stm32f10x_dac.o ABSOLUTE
    ..\STM32F10x_FWLib\src\stm32f10x_dbgmcu.c 0x00000000   Number         0  stm32f10x_dbgmcu.o ABSOLUTE
    ..\STM32F10x_FWLib\src\stm32f10x_dma.c   0x00000000   Number         0  stm32f10x_dma.o ABSOLUTE
    ..\STM32F10x_FWLib\src\stm32f10x_exti.c  0x00000000   Number         0  stm32f10x_exti.o ABSOLUTE
    ..\STM32F10x_FWLib\src\stm32f10x_flash.c 0x00000000   Number         0  stm32f10x_flash.o ABSOLUTE
    ..\STM32F10x_FWLib\src\stm32f10x_fsmc.c  0x00000000   Number         0  stm32f10x_fsmc.o ABSOLUTE
    ..\STM32F10x_FWLib\src\stm32f10x_gpio.c  0x00000000   Number         0  stm32f10x_gpio.o ABSOLUTE
    ..\STM32F10x_FWLib\src\stm32f10x_i2c.c   0x00000000   Number         0  stm32f10x_i2c.o ABSOLUTE
    ..\STM32F10x_FWLib\src\stm32f10x_iwdg.c  0x00000000   Number         0  stm32f10x_iwdg.o ABSOLUTE
    ..\STM32F10x_FWLib\src\stm32f10x_pwr.c   0x00000000   Number         0  stm32f10x_pwr.o ABSOLUTE
    ..\STM32F10x_FWLib\src\stm32f10x_rcc.c   0x00000000   Number         0  stm32f10x_rcc.o ABSOLUTE
    ..\STM32F10x_FWLib\src\stm32f10x_rtc.c   0x00000000   Number         0  stm32f10x_rtc.o ABSOLUTE
    ..\STM32F10x_FWLib\src\stm32f10x_sdio.c  0x00000000   Number         0  stm32f10x_sdio.o ABSOLUTE
    ..\STM32F10x_FWLib\src\stm32f10x_spi.c   0x00000000   Number         0  stm32f10x_spi.o ABSOLUTE
    ..\STM32F10x_FWLib\src\stm32f10x_tim.c   0x00000000   Number         0  stm32f10x_tim.o ABSOLUTE
    ..\STM32F10x_FWLib\src\stm32f10x_usart.c 0x00000000   Number         0  stm32f10x_usart.o ABSOLUTE
    ..\STM32F10x_FWLib\src\stm32f10x_wwdg.c  0x00000000   Number         0  stm32f10x_wwdg.o ABSOLUTE
    ..\SYSTEM\delay\delay.c                  0x00000000   Number         0  delay.o ABSOLUTE
    ..\SYSTEM\sys\sys.c                      0x00000000   Number         0  sys.o ABSOLUTE
    ..\SYSTEM\usart\usart.c                  0x00000000   Number         0  usart.o ABSOLUTE
    ..\\CORE\\core_cm3.c                     0x00000000   Number         0  core_cm3.o ABSOLUTE
    ..\\SYSTEM\\sys\\sys.c                   0x00000000   Number         0  sys.o ABSOLUTE
    cdcmple.s                                0x00000000   Number         0  cdcmple.o ABSOLUTE
    cdrcmple.s                               0x00000000   Number         0  cdrcmple.o ABSOLUTE
    cfcmple.s                                0x00000000   Number         0  cfcmple.o ABSOLUTE
    cfrcmple.s                               0x00000000   Number         0  cfrcmple.o ABSOLUTE
    dc.s                                     0x00000000   Number         0  dc.o ABSOLUTE
    handlers.s                               0x00000000   Number         0  handlers.o ABSOLUTE
    init.s                                   0x00000000   Number         0  init.o ABSOLUTE
    main.c                                   0x00000000   Number         0  main.o ABSOLUTE
    stm32f10x_it.c                           0x00000000   Number         0  stm32f10x_it.o ABSOLUTE
    system_stm32f10x.c                       0x00000000   Number         0  system_stm32f10x.o ABSOLUTE
    RESET                                    0x08000000   Section      304  startup_stm32f10x_hd.o(RESET)
    .ARM.Collect$$$$00000000                 0x08000130   Section        0  entry.o(.ARM.Collect$$$$00000000)
    .ARM.Collect$$$$00000001                 0x08000130   Section        4  entry2.o(.ARM.Collect$$$$00000001)
    .ARM.Collect$$$$00000004                 0x08000134   Section        4  entry5.o(.ARM.Collect$$$$00000004)
    .ARM.Collect$$$$00000008                 0x08000138   Section        0  entry7b.o(.ARM.Collect$$$$00000008)
    .ARM.Collect$$$$0000000A                 0x08000138   Section        0  entry8b.o(.ARM.Collect$$$$0000000A)
    .ARM.Collect$$$$0000000B                 0x08000138   Section        8  entry9a.o(.ARM.Collect$$$$0000000B)
    .ARM.Collect$$$$0000000D                 0x08000140   Section        0  entry10a.o(.ARM.Collect$$$$0000000D)
    .ARM.Collect$$$$0000000F                 0x08000140   Section        0  entry11a.o(.ARM.Collect$$$$0000000F)
    .ARM.Collect$$$$00002712                 0x08000140   Section        4  entry2.o(.ARM.Collect$$$$00002712)
    __lit__00000000                          0x08000140   Data           4  entry2.o(.ARM.Collect$$$$00002712)
    .text                                    0x08000144   Section       36  startup_stm32f10x_hd.o(.text)
    .text                                    0x08000168   Section        0  strlen.o(.text)
    .text                                    0x08000176   Section        0  fadd.o(.text)
    .text                                    0x08000226   Section        0  dadd.o(.text)
    .text                                    0x08000374   Section        0  dmul.o(.text)
    .text                                    0x08000458   Section        0  ddiv.o(.text)
    .text                                    0x08000536   Section        0  fflti.o(.text)
    .text                                    0x08000548   Section        0  dfltui.o(.text)
    .text                                    0x08000562   Section        0  ffixi.o(.text)
    .text                                    0x08000594   Section        0  ffixui.o(.text)
    .text                                    0x080005bc   Section        0  dfixui.o(.text)
    .text                                    0x080005ee   Section        0  f2d.o(.text)
    .text                                    0x08000614   Section        0  d2f.o(.text)
    .text                                    0x0800064c   Section        0  uidiv.o(.text)
    .text                                    0x08000678   Section        0  uldiv.o(.text)
    .text                                    0x080006da   Section        0  llshl.o(.text)
    .text                                    0x080006f8   Section        0  llushr.o(.text)
    .text                                    0x08000718   Section        0  llsshr.o(.text)
    .text                                    0x0800073c   Section        0  fepilogue.o(.text)
    .text                                    0x0800073c   Section        0  iusefp.o(.text)
    .text                                    0x080007aa   Section        0  depilogue.o(.text)
    .text                                    0x08000864   Section        0  dsqrt.o(.text)
    .text                                    0x08000906   Section        0  dfixul.o(.text)
    .text                                    0x08000938   Section       48  cdrcmple.o(.text)
    .text                                    0x08000968   Section       36  init.o(.text)
    i.BusFault_Handler                       0x0800098c   Section        0  stm32f10x_it.o(i.BusFault_Handler)
    i.CalculateChecksum                      0x08000990   Section        0  uart.o(i.CalculateChecksum)
    i.DIR1                                   0x080009b0   Section        0  contral.o(i.DIR1)
    i.DIR2                                   0x080009d0   Section        0  contral.o(i.DIR2)
    i.DIR3                                   0x080009f4   Section        0  contral.o(i.DIR3)
    i.DIR4                                   0x08000a18   Section        0  contral.o(i.DIR4)
    i.DMA_ClearFlag                          0x08000a38   Section        0  stm32f10x_dma.o(i.DMA_ClearFlag)
    i.DMA_Cmd                                0x08000a54   Section        0  stm32f10x_dma.o(i.DMA_Cmd)
    i.DMA_DeInit                             0x08000a6c   Section        0  stm32f10x_dma.o(i.DMA_DeInit)
    i.DMA_Init                               0x08000bb8   Section        0  stm32f10x_dma.o(i.DMA_Init)
    i.DMA_SetCurrDataCounter                 0x08000bf4   Section        0  stm32f10x_dma.o(i.DMA_SetCurrDataCounter)
    i.DebugMon_Handler                       0x08000bf8   Section        0  stm32f10x_it.o(i.DebugMon_Handler)
    i.GPIO_Init                              0x08000bfa   Section        0  stm32f10x_gpio.o(i.GPIO_Init)
    i.GPIO_PinRemapConfig                    0x08000d10   Section        0  stm32f10x_gpio.o(i.GPIO_PinRemapConfig)
    i.GPIO_ResetBits                         0x08000da0   Section        0  stm32f10x_gpio.o(i.GPIO_ResetBits)
    i.GPIO_SetBits                           0x08000da4   Section        0  stm32f10x_gpio.o(i.GPIO_SetBits)
    i.HardFault_Handler                      0x08000da8   Section        0  stm32f10x_it.o(i.HardFault_Handler)
    i.KEY_Init                               0x08000dac   Section        0  key.o(i.KEY_Init)
    i.LED_Init                               0x08000e5c   Section        0  led.o(i.LED_Init)
    i.MOTOR1_Init                            0x08000ebc   Section        0  motor.o(i.MOTOR1_Init)
    i.MOTOR3_Init                            0x08001004   Section        0  motor.o(i.MOTOR3_Init)
    i.MOTOR4_Init                            0x08001140   Section        0  motor.o(i.MOTOR4_Init)
    i.MOTOR5_Init                            0x08001280   Section        0  motor.o(i.MOTOR5_Init)
    i.MOTOR7_Init                            0x080013bc   Section        0  motor.o(i.MOTOR7_Init)
    i.MOTOR8_Init                            0x0800150c   Section        0  motor.o(i.MOTOR8_Init)
    i.MOTOR_Angle                            0x0800164c   Section        0  contral.o(i.MOTOR_Angle)
    i.MOTOR_Direction                        0x08001678   Section        0  contral.o(i.MOTOR_Direction)
    i.MOTOR_Displacement                     0x080016f4   Section        0  contral.o(i.MOTOR_Displacement)
    i.MOTOR_Displacement_mm                  0x0800172c   Section        0  contral.o(i.MOTOR_Displacement_mm)
    i.MOTOR_TURN                             0x0800176c   Section        0  contral.o(i.MOTOR_TURN)
    i.MSD_Move                               0x080017ac   Section        0  contral.o(i.MSD_Move)
    i.MSD_Move1                              0x0800195c   Section        0  contral.o(i.MSD_Move1)
    i.MSD_Move2                              0x08001ae8   Section        0  contral.o(i.MSD_Move2)
    i.MSD_StepCounter                        0x08001c78   Section        0  contral.o(i.MSD_StepCounter)
    i.MSD_StepCounter1                       0x08001c98   Section        0  contral.o(i.MSD_StepCounter1)
    i.MSD_StepCounter2                       0x08001cb8   Section        0  contral.o(i.MSD_StepCounter2)
    i.MemManage_Handler                      0x08001cd8   Section        0  stm32f10x_it.o(i.MemManage_Handler)
    i.Motor1_DIR                             0x08001cdc   Section        0  contral.o(i.Motor1_DIR)
    i.NMI_Handler                            0x08001cfc   Section        0  stm32f10x_it.o(i.NMI_Handler)
    i.NVIC_Init                              0x08001d00   Section        0  misc.o(i.NVIC_Init)
    i.NVIC_PriorityGroupConfig               0x08001d70   Section        0  misc.o(i.NVIC_PriorityGroupConfig)
    i.OLED_IIC_Start                         0x08001d84   Section        0  oled.o(i.OLED_IIC_Start)
    i.OLED_IIC_Stop                          0x08001db4   Section        0  oled.o(i.OLED_IIC_Stop)
    i.OLED_IIC_Wait_Ack                      0x08001ddc   Section        0  oled.o(i.OLED_IIC_Wait_Ack)
    i.OLED_Init                              0x08001df8   Section        0  oled.o(i.OLED_Init)
    i.OLED_WR_Byte                           0x08001f10   Section        0  oled.o(i.OLED_WR_Byte)
    i.OLED_Write_IIC_Byte                    0x08001f28   Section        0  oled.o(i.OLED_Write_IIC_Byte)
    i.OLED_Write_IIC_Command                 0x08001f84   Section        0  oled.o(i.OLED_Write_IIC_Command)
    i.OLED_Write_IIC_Data                    0x08001fb0   Section        0  oled.o(i.OLED_Write_IIC_Data)
    i.ParseData                              0x08001fdc   Section        0  uart.o(i.ParseData)
    i.PendSV_Handler                         0x08002118   Section        0  stm32f10x_it.o(i.PendSV_Handler)
    i.RCC_AHBPeriphClockCmd                  0x0800211c   Section        0  stm32f10x_rcc.o(i.RCC_AHBPeriphClockCmd)
    i.RCC_APB1PeriphClockCmd                 0x0800213c   Section        0  stm32f10x_rcc.o(i.RCC_APB1PeriphClockCmd)
    i.RCC_APB2PeriphClockCmd                 0x0800215c   Section        0  stm32f10x_rcc.o(i.RCC_APB2PeriphClockCmd)
    i.RCC_GetClocksFreq                      0x0800217c   Section        0  stm32f10x_rcc.o(i.RCC_GetClocksFreq)
    i.SERVO2_CONTRAL                         0x08002250   Section        0  servo.o(i.SERVO2_CONTRAL)
    i.SERVO3_CONTRAL                         0x0800229c   Section        0  servo.o(i.SERVO3_CONTRAL)
    i.SPI_Cmd                                0x080022e8   Section        0  stm32f10x_spi.o(i.SPI_Cmd)
    i.SPI_I2S_DMACmd                         0x08002300   Section        0  stm32f10x_spi.o(i.SPI_I2S_DMACmd)
    i.SPI_Init                               0x08002312   Section        0  stm32f10x_spi.o(i.SPI_Init)
    i.SVC_Handler                            0x0800234e   Section        0  stm32f10x_it.o(i.SVC_Handler)
    i.Serial1_GetRxFlag                      0x08002350   Section        0  uart.o(i.Serial1_GetRxFlag)
    i.Servo2_Init                            0x0800236c   Section        0  servo.o(i.Servo2_Init)
    i.Servo3_Init                            0x0800240c   Section        0  servo.o(i.Servo3_Init)
    i.SetSysClock                            0x080024ac   Section        0  system_stm32f10x.o(i.SetSysClock)
    SetSysClock                              0x080024ad   Thumb Code     8  system_stm32f10x.o(i.SetSysClock)
    i.SetSysClockTo72                        0x080024b4   Section        0  system_stm32f10x.o(i.SetSysClockTo72)
    SetSysClockTo72                          0x080024b5   Thumb Code   214  system_stm32f10x.o(i.SetSysClockTo72)
    i.SysTick_CLKSourceConfig                0x08002594   Section        0  misc.o(i.SysTick_CLKSourceConfig)
    i.SysTick_Handler                        0x080025bc   Section        0  stm32f10x_it.o(i.SysTick_Handler)
    i.SystemInit                             0x080025c0   Section        0  system_stm32f10x.o(i.SystemInit)
    i.TIM2_IRQHandler                        0x08002620   Section        0  motor.o(i.TIM2_IRQHandler)
    i.TIM3_IRQHandler                        0x08002840   Section        0  motor.o(i.TIM3_IRQHandler)
    i.TIM4_IRQHandler                        0x08002a7c   Section        0  motor.o(i.TIM4_IRQHandler)
    i.TIM6_COUNT_Init                        0x08002c9c   Section        0  time_count.o(i.TIM6_COUNT_Init)
    i.TIM6_IRQHandler                        0x08002d04   Section        0  time_count.o(i.TIM6_IRQHandler)
    i.TIM_ARRPreloadConfig                   0x08002d4c   Section        0  stm32f10x_tim.o(i.TIM_ARRPreloadConfig)
    i.TIM_ClearITPendingBit                  0x08002d64   Section        0  stm32f10x_tim.o(i.TIM_ClearITPendingBit)
    i.TIM_Cmd                                0x08002d6a   Section        0  stm32f10x_tim.o(i.TIM_Cmd)
    i.TIM_GetITStatus                        0x08002d82   Section        0  stm32f10x_tim.o(i.TIM_GetITStatus)
    i.TIM_ITConfig                           0x08002da4   Section        0  stm32f10x_tim.o(i.TIM_ITConfig)
    i.TIM_OC1Init                            0x08002db8   Section        0  stm32f10x_tim.o(i.TIM_OC1Init)
    i.TIM_OC1PreloadConfig                   0x08002e50   Section        0  stm32f10x_tim.o(i.TIM_OC1PreloadConfig)
    i.TIM_OC2Init                            0x08002e64   Section        0  stm32f10x_tim.o(i.TIM_OC2Init)
    i.TIM_OC2PreloadConfig                   0x08002f08   Section        0  stm32f10x_tim.o(i.TIM_OC2PreloadConfig)
    i.TIM_OC3Init                            0x08002f24   Section        0  stm32f10x_tim.o(i.TIM_OC3Init)
    i.TIM_OC3PreloadConfig                   0x08002fc4   Section        0  stm32f10x_tim.o(i.TIM_OC3PreloadConfig)
    i.TIM_OC4Init                            0x08002fd8   Section        0  stm32f10x_tim.o(i.TIM_OC4Init)
    i.TIM_OC4PreloadConfig                   0x08003054   Section        0  stm32f10x_tim.o(i.TIM_OC4PreloadConfig)
    i.TIM_OCStructInit                       0x0800306e   Section        0  stm32f10x_tim.o(i.TIM_OCStructInit)
    i.TIM_SetAutoreload                      0x08003082   Section        0  stm32f10x_tim.o(i.TIM_SetAutoreload)
    i.TIM_SetCompare1                        0x08003086   Section        0  stm32f10x_tim.o(i.TIM_SetCompare1)
    i.TIM_SetCompare2                        0x0800308a   Section        0  stm32f10x_tim.o(i.TIM_SetCompare2)
    i.TIM_SetCompare3                        0x0800308e   Section        0  stm32f10x_tim.o(i.TIM_SetCompare3)
    i.TIM_SetCompare4                        0x08003092   Section        0  stm32f10x_tim.o(i.TIM_SetCompare4)
    i.TIM_TimeBaseInit                       0x08003098   Section        0  stm32f10x_tim.o(i.TIM_TimeBaseInit)
    i.TIM_TimeBaseStructInit                 0x0800313c   Section        0  stm32f10x_tim.o(i.TIM_TimeBaseStructInit)
    i.TIM_UpdateRequestConfig                0x0800314e   Section        0  stm32f10x_tim.o(i.TIM_UpdateRequestConfig)
    i.UART1_Init                             0x08003168   Section        0  uart.o(i.UART1_Init)
    i.UART2_Init                             0x08003210   Section        0  uart.o(i.UART2_Init)
    i.UART4_IRQHandler                       0x080032c4   Section        0  uart.o(i.UART4_IRQHandler)
    i.UART4_SendBits                         0x0800337c   Section        0  uart.o(i.UART4_SendBits)
    i.UART_SendPacket2UP                     0x0800339c   Section        0  uart.o(i.UART_SendPacket2UP)
    i.USART1_IRQHandler                      0x080033b4   Section        0  uart.o(i.USART1_IRQHandler)
    i.USART1_SendBits                        0x08003448   Section        0  uart.o(i.USART1_SendBits)
    i.USART2_IRQHandler                      0x08003468   Section        0  uart.o(i.USART2_IRQHandler)
    i.USART3_IRQHandler                      0x0800350c   Section        0  uart.o(i.USART3_IRQHandler)
    i.USART_ClearITPendingBit                0x080035a0   Section        0  stm32f10x_usart.o(i.USART_ClearITPendingBit)
    i.USART_Cmd                              0x080035be   Section        0  stm32f10x_usart.o(i.USART_Cmd)
    i.USART_GetFlagStatus                    0x080035d6   Section        0  stm32f10x_usart.o(i.USART_GetFlagStatus)
    i.USART_GetITStatus                      0x080035f0   Section        0  stm32f10x_usart.o(i.USART_GetITStatus)
    i.USART_ITConfig                         0x08003644   Section        0  stm32f10x_usart.o(i.USART_ITConfig)
    i.USART_Init                             0x08003690   Section        0  stm32f10x_usart.o(i.USART_Init)
    i.USART_ReceiveData                      0x08003768   Section        0  stm32f10x_usart.o(i.USART_ReceiveData)
    i.USART_SendData                         0x08003772   Section        0  stm32f10x_usart.o(i.USART_SendData)
    i.UsageFault_Handler                     0x0800377a   Section        0  stm32f10x_it.o(i.UsageFault_Handler)
    i.__0vsprintf                            0x08003780   Section        0  printfa.o(i.__0vsprintf)
    i.__scatterload_copy                     0x080037a4   Section       14  handlers.o(i.__scatterload_copy)
    i.__scatterload_null                     0x080037b2   Section        2  handlers.o(i.__scatterload_null)
    i.__scatterload_zeroinit                 0x080037b4   Section       14  handlers.o(i.__scatterload_zeroinit)
    i.__set_errno                            0x080037c4   Section        0  errno.o(i.__set_errno)
    i._fp_digits                             0x080037d0   Section        0  printfa.o(i._fp_digits)
    _fp_digits                               0x080037d1   Thumb Code   366  printfa.o(i._fp_digits)
    i._printf_core                           0x08003954   Section        0  printfa.o(i._printf_core)
    _printf_core                             0x08003955   Thumb Code  1744  printfa.o(i._printf_core)
    i._printf_post_padding                   0x08004030   Section        0  printfa.o(i._printf_post_padding)
    _printf_post_padding                     0x08004031   Thumb Code    36  printfa.o(i._printf_post_padding)
    i._printf_pre_padding                    0x08004054   Section        0  printfa.o(i._printf_pre_padding)
    _printf_pre_padding                      0x08004055   Thumb Code    46  printfa.o(i._printf_pre_padding)
    i._sputc                                 0x08004082   Section        0  printfa.o(i._sputc)
    _sputc                                   0x08004083   Thumb Code    10  printfa.o(i._sputc)
    i.abs_int                                0x0800408c   Section        0  contral.o(i.abs_int)
    i.arrive2_circle_capture                 0x0800409c   Section        0  contral_claw.o(i.arrive2_circle_capture)
    i.arrive2_circle_capture2                0x080040c0   Section        0  contral_claw.o(i.arrive2_circle_capture2)
    i.arrive_block_down                      0x080040e4   Section        0  contral_claw.o(i.arrive_block_down)
    i.arrive_block_get                       0x08004108   Section        0  contral_claw.o(i.arrive_block_get)
    i.arrive_block_put                       0x0800412c   Section        0  contral_claw.o(i.arrive_block_put)
    i.arrive_block_put2                      0x08004150   Section        0  contral_claw.o(i.arrive_block_put2)
    i.arrive_block_put3                      0x08004174   Section        0  contral_claw.o(i.arrive_block_put3)
    i.arrive_block_wait                      0x08004198   Section        0  contral_claw.o(i.arrive_block_wait)
    i.arrive_camera                          0x080041bc   Section        0  contral_claw.o(i.arrive_camera)
    i.arrive_camera2                         0x080041e0   Section        0  contral_claw.o(i.arrive_camera2)
    i.arrive_circle_capture                  0x08004204   Section        0  contral_claw.o(i.arrive_circle_capture)
    i.arrive_circle_capture2                 0x08004228   Section        0  contral_claw.o(i.arrive_circle_capture2)
    i.arrive_most_up                         0x0800424c   Section        0  contral_claw.o(i.arrive_most_up)
    i.claw_Init                              0x08004270   Section        0  contral.o(i.claw_Init)
    i.claw_close                             0x08004290   Section        0  contral.o(i.claw_close)
    i.claw_get_block                         0x080042b4   Section        0  contral_claw.o(i.claw_get_block)
    i.claw_get_block2                        0x08004314   Section        0  contral_claw.o(i.claw_get_block2)
    i.claw_open                              0x08004354   Section        0  contral.o(i.claw_open)
    i.claw_position                          0x08004378   Section        0  contral_claw.o(i.claw_position)
    i.claw_position2                         0x080043fc   Section        0  contral_claw.o(i.claw_position2)
    i.claw_put_block                         0x0800446c   Section        0  contral_claw.o(i.claw_put_block)
    i.claw_put_block2                        0x080044d0   Section        0  contral_claw.o(i.claw_put_block2)
    i.claw_put_block3                        0x08004522   Section        0  contral_claw.o(i.claw_put_block3)
    i.claw_turn0                             0x08004574   Section        0  contral.o(i.claw_turn0)
    i.claw_turn129                           0x08004588   Section        0  contral.o(i.claw_turn129)
    i.contral_motor_Init                     0x0800459c   Section        0  contral.o(i.contral_motor_Init)
    i.delay_init                             0x080045b0   Section        0  delay.o(i.delay_init)
    i.delay_ms                               0x080045f4   Section        0  delay.o(i.delay_ms)
    i.main                                   0x08004640   Section        0  main.o(i.main)
    i.max_Return                             0x08004666   Section        0  contral.o(i.max_Return)
    i.sqrt                                   0x08004690   Section        0  sqrt.o(i.sqrt)
    i.support_turn120                        0x080046dc   Section        0  contral.o(i.support_turn120)
    i.system_Init                            0x080046ee   Section        0  system_init.o(i.system_Init)
    i.u2_printf                              0x08004720   Section        0  uart.o(i.u2_printf)
    i.uart_handle                            0x080047b4   Section        0  contral.o(i.uart_handle)
    i.ws2812_AllShutOff                      0x08004cd0   Section        0  ws2812.o(i.ws2812_AllShutOff)
    i.ws2812_DMA_Init                        0x08004d08   Section        0  ws2812.o(i.ws2812_DMA_Init)
    i.ws2812_GPIO_Init                       0x08004d60   Section        0  ws2812.o(i.ws2812_GPIO_Init)
    i.ws2812_Init                            0x08004d8c   Section        0  ws2812.o(i.ws2812_Init)
    i.ws2812_SPI_Init                        0x08004da8   Section        0  ws2812.o(i.ws2812_SPI_Init)
    i.ws2812_Send_Data                       0x08004e10   Section        0  ws2812.o(i.ws2812_Send_Data)
    .data                                    0x20000000   Section       13  main.o(.data)
    .data                                    0x20000010   Section       20  system_stm32f10x.o(.data)
    .data                                    0x20000024   Section        4  delay.o(.data)
    fac_us                                   0x20000024   Data           1  delay.o(.data)
    fac_ms                                   0x20000026   Data           2  delay.o(.data)
    .data                                    0x20000028   Section       20  stm32f10x_rcc.o(.data)
    APBAHBPrescTable                         0x20000028   Data          16  stm32f10x_rcc.o(.data)
    ADCPrescTable                            0x20000038   Data           4  stm32f10x_rcc.o(.data)
    .data                                    0x2000003c   Section       36  motor.o(.data)
    last_accel_delay                         0x2000003c   Data           4  motor.o(.data)
    step_count                               0x20000040   Data           4  motor.o(.data)
    rest                                     0x20000044   Data           4  motor.o(.data)
    last_accel_delay                         0x20000048   Data           4  motor.o(.data)
    step_count                               0x2000004c   Data           4  motor.o(.data)
    rest                                     0x20000050   Data           4  motor.o(.data)
    last_accel_delay                         0x20000054   Data           4  motor.o(.data)
    step_count                               0x20000058   Data           4  motor.o(.data)
    rest                                     0x2000005c   Data           4  motor.o(.data)
    .data                                    0x20000060   Section       45  uart.o(.data)
    RX1State                                 0x20000085   Data           1  uart.o(.data)
    pRx1Packet                               0x20000086   Data           1  uart.o(.data)
    RX2State                                 0x20000087   Data           1  uart.o(.data)
    pRx2Packet                               0x20000088   Data           1  uart.o(.data)
    RX3State                                 0x20000089   Data           1  uart.o(.data)
    pRx3Packet                               0x2000008a   Data           1  uart.o(.data)
    RX4State                                 0x2000008b   Data           1  uart.o(.data)
    pRx4Packet                               0x2000008c   Data           1  uart.o(.data)
    .data                                    0x20000090   Section       28  contral.o(.data)
    .data                                    0x200000ac   Section        1  time_count.o(.data)
    flag                                     0x200000ac   Data           1  time_count.o(.data)
    .data                                    0x200000ae   Section        6  contral_claw.o(.data)
    .data                                    0x200000b4   Section        4  errno.o(.data)
    _errno                                   0x200000b4   Data           4  errno.o(.data)
    .bss                                     0x200000b8   Section      233  uart.o(.bss)
    .bss                                     0x200001a4   Section       72  contral.o(.bss)
    .bss                                     0x200001ec   Section      362  ws2812.o(.bss)
    STACK                                    0x20000358   Section     1024  startup_stm32f10x_hd.o(STACK)

    Global Symbols

    Symbol Name                              Value     Ov Type        Size  Object(Section)

    BuildAttributes$$THM_ISAv4$P$D$K$B$S$PE$A:L22UL41UL21$X:L11$S22US41US21$IEEE1$IW$USESV6$~STKCKD$USESV7$~SHL$OTIME$ROPI$IEEEJ$EBA8$MICROLIB$REQ8$PRES8$EABIv2 0x00000000   Number         0  anon$$obj.o ABSOLUTE
    __ARM_use_no_argv                        0x00000000   Number         0  main.o ABSOLUTE
    __cpp_initialize__aeabi_                  - Undefined Weak Reference
    __cxa_finalize                            - Undefined Weak Reference
    __decompress                              - Undefined Weak Reference
    _clock_init                               - Undefined Weak Reference
    _microlib_exit                            - Undefined Weak Reference
    __Vectors_Size                           0x00000130   Number         0  startup_stm32f10x_hd.o ABSOLUTE
    __Vectors                                0x08000000   Data           4  startup_stm32f10x_hd.o(RESET)
    __Vectors_End                            0x08000130   Data           0  startup_stm32f10x_hd.o(RESET)
    __main                                   0x08000131   Thumb Code     0  entry.o(.ARM.Collect$$$$00000000)
    _main_stk                                0x08000131   Thumb Code     0  entry2.o(.ARM.Collect$$$$00000001)
    _main_scatterload                        0x08000135   Thumb Code     0  entry5.o(.ARM.Collect$$$$00000004)
    __main_after_scatterload                 0x08000139   Thumb Code     0  entry5.o(.ARM.Collect$$$$00000004)
    _main_clock                              0x08000139   Thumb Code     0  entry7b.o(.ARM.Collect$$$$00000008)
    _main_cpp_init                           0x08000139   Thumb Code     0  entry8b.o(.ARM.Collect$$$$0000000A)
    _main_init                               0x08000139   Thumb Code     0  entry9a.o(.ARM.Collect$$$$0000000B)
    __rt_final_cpp                           0x08000141   Thumb Code     0  entry10a.o(.ARM.Collect$$$$0000000D)
    __rt_final_exit                          0x08000141   Thumb Code     0  entry11a.o(.ARM.Collect$$$$0000000F)
    Reset_Handler                            0x08000145   Thumb Code     8  startup_stm32f10x_hd.o(.text)
    ADC1_2_IRQHandler                        0x0800015f   Thumb Code     0  startup_stm32f10x_hd.o(.text)
    ADC3_IRQHandler                          0x0800015f   Thumb Code     0  startup_stm32f10x_hd.o(.text)
    CAN1_RX1_IRQHandler                      0x0800015f   Thumb Code     0  startup_stm32f10x_hd.o(.text)
    CAN1_SCE_IRQHandler                      0x0800015f   Thumb Code     0  startup_stm32f10x_hd.o(.text)
    DMA1_Channel1_IRQHandler                 0x0800015f   Thumb Code     0  startup_stm32f10x_hd.o(.text)
    DMA1_Channel2_IRQHandler                 0x0800015f   Thumb Code     0  startup_stm32f10x_hd.o(.text)
    DMA1_Channel3_IRQHandler                 0x0800015f   Thumb Code     0  startup_stm32f10x_hd.o(.text)
    DMA1_Channel4_IRQHandler                 0x0800015f   Thumb Code     0  startup_stm32f10x_hd.o(.text)
    DMA1_Channel5_IRQHandler                 0x0800015f   Thumb Code     0  startup_stm32f10x_hd.o(.text)
    DMA1_Channel6_IRQHandler                 0x0800015f   Thumb Code     0  startup_stm32f10x_hd.o(.text)
    DMA1_Channel7_IRQHandler                 0x0800015f   Thumb Code     0  startup_stm32f10x_hd.o(.text)
    DMA2_Channel1_IRQHandler                 0x0800015f   Thumb Code     0  startup_stm32f10x_hd.o(.text)
    DMA2_Channel2_IRQHandler                 0x0800015f   Thumb Code     0  startup_stm32f10x_hd.o(.text)
    DMA2_Channel3_IRQHandler                 0x0800015f   Thumb Code     0  startup_stm32f10x_hd.o(.text)
    DMA2_Channel4_5_IRQHandler               0x0800015f   Thumb Code     0  startup_stm32f10x_hd.o(.text)
    EXTI0_IRQHandler                         0x0800015f   Thumb Code     0  startup_stm32f10x_hd.o(.text)
    EXTI15_10_IRQHandler                     0x0800015f   Thumb Code     0  startup_stm32f10x_hd.o(.text)
    EXTI1_IRQHandler                         0x0800015f   Thumb Code     0  startup_stm32f10x_hd.o(.text)
    EXTI2_IRQHandler                         0x0800015f   Thumb Code     0  startup_stm32f10x_hd.o(.text)
    EXTI3_IRQHandler                         0x0800015f   Thumb Code     0  startup_stm32f10x_hd.o(.text)
    EXTI4_IRQHandler                         0x0800015f   Thumb Code     0  startup_stm32f10x_hd.o(.text)
    EXTI9_5_IRQHandler                       0x0800015f   Thumb Code     0  startup_stm32f10x_hd.o(.text)
    FLASH_IRQHandler                         0x0800015f   Thumb Code     0  startup_stm32f10x_hd.o(.text)
    FSMC_IRQHandler                          0x0800015f   Thumb Code     0  startup_stm32f10x_hd.o(.text)
    I2C1_ER_IRQHandler                       0x0800015f   Thumb Code     0  startup_stm32f10x_hd.o(.text)
    I2C1_EV_IRQHandler                       0x0800015f   Thumb Code     0  startup_stm32f10x_hd.o(.text)
    I2C2_ER_IRQHandler                       0x0800015f   Thumb Code     0  startup_stm32f10x_hd.o(.text)
    I2C2_EV_IRQHandler                       0x0800015f   Thumb Code     0  startup_stm32f10x_hd.o(.text)
    PVD_IRQHandler                           0x0800015f   Thumb Code     0  startup_stm32f10x_hd.o(.text)
    RCC_IRQHandler                           0x0800015f   Thumb Code     0  startup_stm32f10x_hd.o(.text)
    RTCAlarm_IRQHandler                      0x0800015f   Thumb Code     0  startup_stm32f10x_hd.o(.text)
    RTC_IRQHandler                           0x0800015f   Thumb Code     0  startup_stm32f10x_hd.o(.text)
    SDIO_IRQHandler                          0x0800015f   Thumb Code     0  startup_stm32f10x_hd.o(.text)
    SPI1_IRQHandler                          0x0800015f   Thumb Code     0  startup_stm32f10x_hd.o(.text)
    SPI2_IRQHandler                          0x0800015f   Thumb Code     0  startup_stm32f10x_hd.o(.text)
    SPI3_IRQHandler                          0x0800015f   Thumb Code     0  startup_stm32f10x_hd.o(.text)
    TAMPER_IRQHandler                        0x0800015f   Thumb Code     0  startup_stm32f10x_hd.o(.text)
    TIM1_BRK_IRQHandler                      0x0800015f   Thumb Code     0  startup_stm32f10x_hd.o(.text)
    TIM1_CC_IRQHandler                       0x0800015f   Thumb Code     0  startup_stm32f10x_hd.o(.text)
    TIM1_TRG_COM_IRQHandler                  0x0800015f   Thumb Code     0  startup_stm32f10x_hd.o(.text)
    TIM1_UP_IRQHandler                       0x0800015f   Thumb Code     0  startup_stm32f10x_hd.o(.text)
    TIM5_IRQHandler                          0x0800015f   Thumb Code     0  startup_stm32f10x_hd.o(.text)
    TIM7_IRQHandler                          0x0800015f   Thumb Code     0  startup_stm32f10x_hd.o(.text)
    TIM8_BRK_IRQHandler                      0x0800015f   Thumb Code     0  startup_stm32f10x_hd.o(.text)
    TIM8_CC_IRQHandler                       0x0800015f   Thumb Code     0  startup_stm32f10x_hd.o(.text)
    TIM8_TRG_COM_IRQHandler                  0x0800015f   Thumb Code     0  startup_stm32f10x_hd.o(.text)
    TIM8_UP_IRQHandler                       0x0800015f   Thumb Code     0  startup_stm32f10x_hd.o(.text)
    UART5_IRQHandler                         0x0800015f   Thumb Code     0  startup_stm32f10x_hd.o(.text)
    USBWakeUp_IRQHandler                     0x0800015f   Thumb Code     0  startup_stm32f10x_hd.o(.text)
    USB_HP_CAN1_TX_IRQHandler                0x0800015f   Thumb Code     0  startup_stm32f10x_hd.o(.text)
    USB_LP_CAN1_RX0_IRQHandler               0x0800015f   Thumb Code     0  startup_stm32f10x_hd.o(.text)
    WWDG_IRQHandler                          0x0800015f   Thumb Code     0  startup_stm32f10x_hd.o(.text)
    strlen                                   0x08000169   Thumb Code    14  strlen.o(.text)
    __aeabi_fadd                             0x08000177   Thumb Code   164  fadd.o(.text)
    __aeabi_fsub                             0x0800021b   Thumb Code     6  fadd.o(.text)
    __aeabi_frsub                            0x08000221   Thumb Code     6  fadd.o(.text)
    __aeabi_dadd                             0x08000227   Thumb Code   322  dadd.o(.text)
    __aeabi_dsub                             0x08000369   Thumb Code     6  dadd.o(.text)
    __aeabi_drsub                            0x0800036f   Thumb Code     6  dadd.o(.text)
    __aeabi_dmul                             0x08000375   Thumb Code   228  dmul.o(.text)
    __aeabi_ddiv                             0x08000459   Thumb Code   222  ddiv.o(.text)
    __aeabi_i2f                              0x08000537   Thumb Code    18  fflti.o(.text)
    __aeabi_ui2d                             0x08000549   Thumb Code    26  dfltui.o(.text)
    __aeabi_f2iz                             0x08000563   Thumb Code    50  ffixi.o(.text)
    __aeabi_f2uiz                            0x08000595   Thumb Code    40  ffixui.o(.text)
    __aeabi_d2uiz                            0x080005bd   Thumb Code    50  dfixui.o(.text)
    __aeabi_f2d                              0x080005ef   Thumb Code    38  f2d.o(.text)
    __aeabi_d2f                              0x08000615   Thumb Code    56  d2f.o(.text)
    __aeabi_uidiv                            0x0800064d   Thumb Code     0  uidiv.o(.text)
    __aeabi_uidivmod                         0x0800064d   Thumb Code    44  uidiv.o(.text)
    __aeabi_uldivmod                         0x08000679   Thumb Code    98  uldiv.o(.text)
    __aeabi_llsl                             0x080006db   Thumb Code    30  llshl.o(.text)
    _ll_shift_l                              0x080006db   Thumb Code     0  llshl.o(.text)
    __aeabi_llsr                             0x080006f9   Thumb Code    32  llushr.o(.text)
    _ll_ushift_r                             0x080006f9   Thumb Code     0  llushr.o(.text)
    __aeabi_lasr                             0x08000719   Thumb Code    36  llsshr.o(.text)
    _ll_sshift_r                             0x08000719   Thumb Code     0  llsshr.o(.text)
    __I$use$fp                               0x0800073d   Thumb Code     0  iusefp.o(.text)
    _float_round                             0x0800073d   Thumb Code    18  fepilogue.o(.text)
    _float_epilogue                          0x0800074f   Thumb Code    92  fepilogue.o(.text)
    _double_round                            0x080007ab   Thumb Code    30  depilogue.o(.text)
    _double_epilogue                         0x080007c9   Thumb Code   156  depilogue.o(.text)
    _dsqrt                                   0x08000865   Thumb Code   162  dsqrt.o(.text)
    __aeabi_d2ulz                            0x08000907   Thumb Code    48  dfixul.o(.text)
    __aeabi_cdrcmple                         0x08000939   Thumb Code    48  cdrcmple.o(.text)
    __scatterload                            0x08000969   Thumb Code    28  init.o(.text)
    __scatterload_rt2                        0x08000969   Thumb Code     0  init.o(.text)
    BusFault_Handler                         0x0800098d   Thumb Code     4  stm32f10x_it.o(i.BusFault_Handler)
    CalculateChecksum                        0x08000991   Thumb Code    30  uart.o(i.CalculateChecksum)
    DIR1                                     0x080009b1   Thumb Code    26  contral.o(i.DIR1)
    DIR2                                     0x080009d1   Thumb Code    30  contral.o(i.DIR2)
    DIR3                                     0x080009f5   Thumb Code    30  contral.o(i.DIR3)
    DIR4                                     0x08000a19   Thumb Code    26  contral.o(i.DIR4)
    DMA_ClearFlag                            0x08000a39   Thumb Code    18  stm32f10x_dma.o(i.DMA_ClearFlag)
    DMA_Cmd                                  0x08000a55   Thumb Code    24  stm32f10x_dma.o(i.DMA_Cmd)
    DMA_DeInit                               0x08000a6d   Thumb Code   324  stm32f10x_dma.o(i.DMA_DeInit)
    DMA_Init                                 0x08000bb9   Thumb Code    60  stm32f10x_dma.o(i.DMA_Init)
    DMA_SetCurrDataCounter                   0x08000bf5   Thumb Code     4  stm32f10x_dma.o(i.DMA_SetCurrDataCounter)
    DebugMon_Handler                         0x08000bf9   Thumb Code     2  stm32f10x_it.o(i.DebugMon_Handler)
    GPIO_Init                                0x08000bfb   Thumb Code   278  stm32f10x_gpio.o(i.GPIO_Init)
    GPIO_PinRemapConfig                      0x08000d11   Thumb Code   138  stm32f10x_gpio.o(i.GPIO_PinRemapConfig)
    GPIO_ResetBits                           0x08000da1   Thumb Code     4  stm32f10x_gpio.o(i.GPIO_ResetBits)
    GPIO_SetBits                             0x08000da5   Thumb Code     4  stm32f10x_gpio.o(i.GPIO_SetBits)
    HardFault_Handler                        0x08000da9   Thumb Code     4  stm32f10x_it.o(i.HardFault_Handler)
    KEY_Init                                 0x08000dad   Thumb Code   164  key.o(i.KEY_Init)
    LED_Init                                 0x08000e5d   Thumb Code    88  led.o(i.LED_Init)
    MOTOR1_Init                              0x08000ebd   Thumb Code   312  motor.o(i.MOTOR1_Init)
    MOTOR3_Init                              0x08001005   Thumb Code   300  motor.o(i.MOTOR3_Init)
    MOTOR4_Init                              0x08001141   Thumb Code   302  motor.o(i.MOTOR4_Init)
    MOTOR5_Init                              0x08001281   Thumb Code   298  motor.o(i.MOTOR5_Init)
    MOTOR7_Init                              0x080013bd   Thumb Code   314  motor.o(i.MOTOR7_Init)
    MOTOR8_Init                              0x0800150d   Thumb Code   304  motor.o(i.MOTOR8_Init)
    MOTOR_Angle                              0x0800164d   Thumb Code    40  contral.o(i.MOTOR_Angle)
    MOTOR_Direction                          0x08001679   Thumb Code   124  contral.o(i.MOTOR_Direction)
    MOTOR_Displacement                       0x080016f5   Thumb Code    52  contral.o(i.MOTOR_Displacement)
    MOTOR_Displacement_mm                    0x0800172d   Thumb Code    60  contral.o(i.MOTOR_Displacement_mm)
    MOTOR_TURN                               0x0800176d   Thumb Code    64  contral.o(i.MOTOR_TURN)
    MSD_Move                                 0x080017ad   Thumb Code   406  contral.o(i.MSD_Move)
    MSD_Move1                                0x0800195d   Thumb Code   374  contral.o(i.MSD_Move1)
    MSD_Move2                                0x08001ae9   Thumb Code   374  contral.o(i.MSD_Move2)
    MSD_StepCounter                          0x08001c79   Thumb Code    28  contral.o(i.MSD_StepCounter)
    MSD_StepCounter1                         0x08001c99   Thumb Code    28  contral.o(i.MSD_StepCounter1)
    MSD_StepCounter2                         0x08001cb9   Thumb Code    28  contral.o(i.MSD_StepCounter2)
    MemManage_Handler                        0x08001cd9   Thumb Code     4  stm32f10x_it.o(i.MemManage_Handler)
    Motor1_DIR                               0x08001cdd   Thumb Code    26  contral.o(i.Motor1_DIR)
    NMI_Handler                              0x08001cfd   Thumb Code     2  stm32f10x_it.o(i.NMI_Handler)
    NVIC_Init                                0x08001d01   Thumb Code   100  misc.o(i.NVIC_Init)
    NVIC_PriorityGroupConfig                 0x08001d71   Thumb Code    10  misc.o(i.NVIC_PriorityGroupConfig)
    OLED_IIC_Start                           0x08001d85   Thumb Code    44  oled.o(i.OLED_IIC_Start)
    OLED_IIC_Stop                            0x08001db5   Thumb Code    34  oled.o(i.OLED_IIC_Stop)
    OLED_IIC_Wait_Ack                        0x08001ddd   Thumb Code    24  oled.o(i.OLED_IIC_Wait_Ack)
    OLED_Init                                0x08001df9   Thumb Code   274  oled.o(i.OLED_Init)
    OLED_WR_Byte                             0x08001f11   Thumb Code    24  oled.o(i.OLED_WR_Byte)
    OLED_Write_IIC_Byte                      0x08001f29   Thumb Code    88  oled.o(i.OLED_Write_IIC_Byte)
    OLED_Write_IIC_Command                   0x08001f85   Thumb Code    44  oled.o(i.OLED_Write_IIC_Command)
    OLED_Write_IIC_Data                      0x08001fb1   Thumb Code    44  oled.o(i.OLED_Write_IIC_Data)
    ParseData                                0x08001fdd   Thumb Code   288  uart.o(i.ParseData)
    PendSV_Handler                           0x08002119   Thumb Code     2  stm32f10x_it.o(i.PendSV_Handler)
    RCC_AHBPeriphClockCmd                    0x0800211d   Thumb Code    26  stm32f10x_rcc.o(i.RCC_AHBPeriphClockCmd)
    RCC_APB1PeriphClockCmd                   0x0800213d   Thumb Code    26  stm32f10x_rcc.o(i.RCC_APB1PeriphClockCmd)
    RCC_APB2PeriphClockCmd                   0x0800215d   Thumb Code    26  stm32f10x_rcc.o(i.RCC_APB2PeriphClockCmd)
    RCC_GetClocksFreq                        0x0800217d   Thumb Code   192  stm32f10x_rcc.o(i.RCC_GetClocksFreq)
    SERVO2_CONTRAL                           0x08002251   Thumb Code    60  servo.o(i.SERVO2_CONTRAL)
    SERVO3_CONTRAL                           0x0800229d   Thumb Code    60  servo.o(i.SERVO3_CONTRAL)
    SPI_Cmd                                  0x080022e9   Thumb Code    24  stm32f10x_spi.o(i.SPI_Cmd)
    SPI_I2S_DMACmd                           0x08002301   Thumb Code    18  stm32f10x_spi.o(i.SPI_I2S_DMACmd)
    SPI_Init                                 0x08002313   Thumb Code    60  stm32f10x_spi.o(i.SPI_Init)
    SVC_Handler                              0x0800234f   Thumb Code     2  stm32f10x_it.o(i.SVC_Handler)
    Serial1_GetRxFlag                        0x08002351   Thumb Code    22  uart.o(i.Serial1_GetRxFlag)
    Servo2_Init                              0x0800236d   Thumb Code   150  servo.o(i.Servo2_Init)
    Servo3_Init                              0x0800240d   Thumb Code   150  servo.o(i.Servo3_Init)
    SysTick_CLKSourceConfig                  0x08002595   Thumb Code    40  misc.o(i.SysTick_CLKSourceConfig)
    SysTick_Handler                          0x080025bd   Thumb Code     2  stm32f10x_it.o(i.SysTick_Handler)
    SystemInit                               0x080025c1   Thumb Code    78  system_stm32f10x.o(i.SystemInit)
    TIM2_IRQHandler                          0x08002621   Thumb Code   524  motor.o(i.TIM2_IRQHandler)
    TIM3_IRQHandler                          0x08002841   Thumb Code   550  motor.o(i.TIM3_IRQHandler)
    TIM4_IRQHandler                          0x08002a7d   Thumb Code   524  motor.o(i.TIM4_IRQHandler)
    TIM6_COUNT_Init                          0x08002c9d   Thumb Code   100  time_count.o(i.TIM6_COUNT_Init)
    TIM6_IRQHandler                          0x08002d05   Thumb Code    54  time_count.o(i.TIM6_IRQHandler)
    TIM_ARRPreloadConfig                     0x08002d4d   Thumb Code    24  stm32f10x_tim.o(i.TIM_ARRPreloadConfig)
    TIM_ClearITPendingBit                    0x08002d65   Thumb Code     6  stm32f10x_tim.o(i.TIM_ClearITPendingBit)
    TIM_Cmd                                  0x08002d6b   Thumb Code    24  stm32f10x_tim.o(i.TIM_Cmd)
    TIM_GetITStatus                          0x08002d83   Thumb Code    34  stm32f10x_tim.o(i.TIM_GetITStatus)
    TIM_ITConfig                             0x08002da5   Thumb Code    18  stm32f10x_tim.o(i.TIM_ITConfig)
    TIM_OC1Init                              0x08002db9   Thumb Code   132  stm32f10x_tim.o(i.TIM_OC1Init)
    TIM_OC1PreloadConfig                     0x08002e51   Thumb Code    18  stm32f10x_tim.o(i.TIM_OC1PreloadConfig)
    TIM_OC2Init                              0x08002e65   Thumb Code   154  stm32f10x_tim.o(i.TIM_OC2Init)
    TIM_OC2PreloadConfig                     0x08002f09   Thumb Code    26  stm32f10x_tim.o(i.TIM_OC2PreloadConfig)
    TIM_OC3Init                              0x08002f25   Thumb Code   150  stm32f10x_tim.o(i.TIM_OC3Init)
    TIM_OC3PreloadConfig                     0x08002fc5   Thumb Code    18  stm32f10x_tim.o(i.TIM_OC3PreloadConfig)
    TIM_OC4Init                              0x08002fd9   Thumb Code   114  stm32f10x_tim.o(i.TIM_OC4Init)
    TIM_OC4PreloadConfig                     0x08003055   Thumb Code    26  stm32f10x_tim.o(i.TIM_OC4PreloadConfig)
    TIM_OCStructInit                         0x0800306f   Thumb Code    20  stm32f10x_tim.o(i.TIM_OCStructInit)
    TIM_SetAutoreload                        0x08003083   Thumb Code     4  stm32f10x_tim.o(i.TIM_SetAutoreload)
    TIM_SetCompare1                          0x08003087   Thumb Code     4  stm32f10x_tim.o(i.TIM_SetCompare1)
    TIM_SetCompare2                          0x0800308b   Thumb Code     4  stm32f10x_tim.o(i.TIM_SetCompare2)
    TIM_SetCompare3                          0x0800308f   Thumb Code     4  stm32f10x_tim.o(i.TIM_SetCompare3)
    TIM_SetCompare4                          0x08003093   Thumb Code     6  stm32f10x_tim.o(i.TIM_SetCompare4)
    TIM_TimeBaseInit                         0x08003099   Thumb Code   122  stm32f10x_tim.o(i.TIM_TimeBaseInit)
    TIM_TimeBaseStructInit                   0x0800313d   Thumb Code    18  stm32f10x_tim.o(i.TIM_TimeBaseStructInit)
    TIM_UpdateRequestConfig                  0x0800314f   Thumb Code    24  stm32f10x_tim.o(i.TIM_UpdateRequestConfig)
    UART1_Init                               0x08003169   Thumb Code   160  uart.o(i.UART1_Init)
    UART2_Init                               0x08003211   Thumb Code   172  uart.o(i.UART2_Init)
    UART4_IRQHandler                         0x080032c5   Thumb Code   166  uart.o(i.UART4_IRQHandler)
    UART4_SendBits                           0x0800337d   Thumb Code    26  uart.o(i.UART4_SendBits)
    UART_SendPacket2UP                       0x0800339d   Thumb Code    24  uart.o(i.UART_SendPacket2UP)
    USART1_IRQHandler                        0x080033b5   Thumb Code   128  uart.o(i.USART1_IRQHandler)
    USART1_SendBits                          0x08003449   Thumb Code    26  uart.o(i.USART1_SendBits)
    USART2_IRQHandler                        0x08003469   Thumb Code   142  uart.o(i.USART2_IRQHandler)
    USART3_IRQHandler                        0x0800350d   Thumb Code   128  uart.o(i.USART3_IRQHandler)
    USART_ClearITPendingBit                  0x080035a1   Thumb Code    30  stm32f10x_usart.o(i.USART_ClearITPendingBit)
    USART_Cmd                                0x080035bf   Thumb Code    24  stm32f10x_usart.o(i.USART_Cmd)
    USART_GetFlagStatus                      0x080035d7   Thumb Code    26  stm32f10x_usart.o(i.USART_GetFlagStatus)
    USART_GetITStatus                        0x080035f1   Thumb Code    84  stm32f10x_usart.o(i.USART_GetITStatus)
    USART_ITConfig                           0x08003645   Thumb Code    74  stm32f10x_usart.o(i.USART_ITConfig)
    USART_Init                               0x08003691   Thumb Code   210  stm32f10x_usart.o(i.USART_Init)
    USART_ReceiveData                        0x08003769   Thumb Code    10  stm32f10x_usart.o(i.USART_ReceiveData)
    USART_SendData                           0x08003773   Thumb Code     8  stm32f10x_usart.o(i.USART_SendData)
    UsageFault_Handler                       0x0800377b   Thumb Code     4  stm32f10x_it.o(i.UsageFault_Handler)
    __0vsprintf                              0x08003781   Thumb Code    30  printfa.o(i.__0vsprintf)
    __1vsprintf                              0x08003781   Thumb Code     0  printfa.o(i.__0vsprintf)
    __2vsprintf                              0x08003781   Thumb Code     0  printfa.o(i.__0vsprintf)
    __c89vsprintf                            0x08003781   Thumb Code     0  printfa.o(i.__0vsprintf)
    vsprintf                                 0x08003781   Thumb Code     0  printfa.o(i.__0vsprintf)
    __scatterload_copy                       0x080037a5   Thumb Code    14  handlers.o(i.__scatterload_copy)
    __scatterload_null                       0x080037b3   Thumb Code     2  handlers.o(i.__scatterload_null)
    __scatterload_zeroinit                   0x080037b5   Thumb Code    14  handlers.o(i.__scatterload_zeroinit)
    __set_errno                              0x080037c5   Thumb Code     6  errno.o(i.__set_errno)
    abs_int                                  0x0800408d   Thumb Code    16  contral.o(i.abs_int)
    arrive2_circle_capture                   0x0800409d   Thumb Code    32  contral_claw.o(i.arrive2_circle_capture)
    arrive2_circle_capture2                  0x080040c1   Thumb Code    32  contral_claw.o(i.arrive2_circle_capture2)
    arrive_block_down                        0x080040e5   Thumb Code    32  contral_claw.o(i.arrive_block_down)
    arrive_block_get                         0x08004109   Thumb Code    32  contral_claw.o(i.arrive_block_get)
    arrive_block_put                         0x0800412d   Thumb Code    32  contral_claw.o(i.arrive_block_put)
    arrive_block_put2                        0x08004151   Thumb Code    32  contral_claw.o(i.arrive_block_put2)
    arrive_block_put3                        0x08004175   Thumb Code    32  contral_claw.o(i.arrive_block_put3)
    arrive_block_wait                        0x08004199   Thumb Code    32  contral_claw.o(i.arrive_block_wait)
    arrive_camera                            0x080041bd   Thumb Code    32  contral_claw.o(i.arrive_camera)
    arrive_camera2                           0x080041e1   Thumb Code    32  contral_claw.o(i.arrive_camera2)
    arrive_circle_capture                    0x08004205   Thumb Code    32  contral_claw.o(i.arrive_circle_capture)
    arrive_circle_capture2                   0x08004229   Thumb Code    32  contral_claw.o(i.arrive_circle_capture2)
    arrive_most_up                           0x0800424d   Thumb Code    32  contral_claw.o(i.arrive_most_up)
    claw_Init                                0x08004271   Thumb Code    26  contral.o(i.claw_Init)
    claw_close                               0x08004291   Thumb Code    32  contral.o(i.claw_close)
    claw_get_block                           0x080042b5   Thumb Code    96  contral_claw.o(i.claw_get_block)
    claw_get_block2                          0x08004315   Thumb Code    64  contral_claw.o(i.claw_get_block2)
    claw_open                                0x08004355   Thumb Code    32  contral.o(i.claw_open)
    claw_position                            0x08004379   Thumb Code   120  contral_claw.o(i.claw_position)
    claw_position2                           0x080043fd   Thumb Code   100  contral_claw.o(i.claw_position2)
    claw_put_block                           0x0800446d   Thumb Code   100  contral_claw.o(i.claw_put_block)
    claw_put_block2                          0x080044d1   Thumb Code    82  contral_claw.o(i.claw_put_block2)
    claw_put_block3                          0x08004523   Thumb Code    82  contral_claw.o(i.claw_put_block3)
    claw_turn0                               0x08004575   Thumb Code    14  contral.o(i.claw_turn0)
    claw_turn129                             0x08004589   Thumb Code    14  contral.o(i.claw_turn129)
    contral_motor_Init                       0x0800459d   Thumb Code    20  contral.o(i.contral_motor_Init)
    delay_init                               0x080045b1   Thumb Code    50  delay.o(i.delay_init)
    delay_ms                                 0x080045f5   Thumb Code    72  delay.o(i.delay_ms)
    main                                     0x08004641   Thumb Code    38  main.o(i.main)
    max_Return                               0x08004667   Thumb Code    42  contral.o(i.max_Return)
    sqrt                                     0x08004691   Thumb Code    76  sqrt.o(i.sqrt)
    support_turn120                          0x080046dd   Thumb Code    18  contral.o(i.support_turn120)
    system_Init                              0x080046ef   Thumb Code    50  system_init.o(i.system_Init)
    u2_printf                                0x08004721   Thumb Code   138  uart.o(i.u2_printf)
    uart_handle                              0x080047b5   Thumb Code  1296  contral.o(i.uart_handle)
    ws2812_AllShutOff                        0x08004cd1   Thumb Code    52  ws2812.o(i.ws2812_AllShutOff)
    ws2812_DMA_Init                          0x08004d09   Thumb Code    74  ws2812.o(i.ws2812_DMA_Init)
    ws2812_GPIO_Init                         0x08004d61   Thumb Code    38  ws2812.o(i.ws2812_GPIO_Init)
    ws2812_Init                              0x08004d8d   Thumb Code    26  ws2812.o(i.ws2812_Init)
    ws2812_SPI_Init                          0x08004da9   Thumb Code    98  ws2812.o(i.ws2812_SPI_Init)
    ws2812_Send_Data                         0x08004e11   Thumb Code    38  ws2812.o(i.ws2812_Send_Data)
    Region$$Table$$Base                      0x08004e3c   Number         0  anon$$obj.o(Region$$Table)
    Region$$Table$$Limit                     0x08004e5c   Number         0  anon$$obj.o(Region$$Table)
    global_angle                             0x20000000   Data           4  main.o(.data)
    angular_velocity_y                       0x20000004   Data           4  main.o(.data)
    angular_velocity_z                       0x20000008   Data           4  main.o(.data)
    new_data_received                        0x2000000c   Data           1  main.o(.data)
    SystemCoreClock                          0x20000010   Data           4  system_stm32f10x.o(.data)
    AHBPrescTable                            0x20000014   Data          16  system_stm32f10x.o(.data)
    Serial_Flag                              0x20000060   Data           1  uart.o(.data)
    Serial_Flag2                             0x20000061   Data           1  uart.o(.data)
    Serial_Flag3                             0x20000062   Data           1  uart.o(.data)
    Serial_Flag4                             0x20000063   Data           1  uart.o(.data)
    Serial_TXPacket                          0x20000064   Data           3  uart.o(.data)
    Serial_RXPacket                          0x20000067   Data           8  uart.o(.data)
    Serial2_TXPacket                         0x2000006f   Data           3  uart.o(.data)
    Serial2_RXPacket                         0x20000072   Data           8  uart.o(.data)
    Serial3_TXPacket                         0x2000007a   Data           3  uart.o(.data)
    Serial3_HW101_Angle                      0x2000007d   Data           2  uart.o(.data)
    Serial4_TXPacket                         0x2000007f   Data           4  uart.o(.data)
    Serial4_HW101_Angle                      0x20000083   Data           2  uart.o(.data)
    servo_angle1                             0x20000090   Data           1  contral.o(.data)
    servo_angle2                             0x20000091   Data           1  contral.o(.data)
    servo_angle3                             0x20000092   Data           1  contral.o(.data)
    stepPosition                             0x20000094   Data           4  contral.o(.data)
    stepPosition1                            0x20000098   Data           4  contral.o(.data)
    stepPosition2                            0x2000009c   Data           4  contral.o(.data)
    distance                                 0x200000a0   Data           4  contral.o(.data)
    angle_temp                               0x200000a4   Data           2  contral.o(.data)
    distance1                                0x200000a8   Data           4  contral.o(.data)
    claw                                     0x200000ae   Data           6  contral_claw.o(.data)
    Serial3_RXPacket                         0x200000b8   Data          11  uart.o(.bss)
    Serial4_RXPacket                         0x200000c3   Data          11  uart.o(.bss)
    Rx4Packet                                0x200000ce   Data          11  uart.o(.bss)
    USART2_TX_BUF                            0x200000d9   Data         100  uart.o(.bss)
    UART4_RX_BUF                             0x2000013d   Data         100  uart.o(.bss)
    srd                                      0x200001a4   Data          24  contral.o(.bss)
    srd1                                     0x200001bc   Data          24  contral.o(.bss)
    srd2                                     0x200001d4   Data          24  contral.o(.bss)
    ws2812_data_buffer                       0x200001ec   Data         336  ws2812.o(.bss)
    hsv_color                                0x2000033c   Data          12  ws2812.o(.bss)
    tmp_flag                                 0x20000348   Data          14  ws2812.o(.bss)
    __initial_sp                             0x20000758   Data           0  startup_stm32f10x_hd.o(STACK)



==============================================================================

Memory Map of the image

  Image Entry point : 0x08000145

  Load Region LR_1 (Base: 0x08000000, Size: 0x00004f14, Max: 0xffffffff, ABSOLUTE)

    Execution Region ER_RO (Exec base: 0x08000000, Load base: 0x08000000, Size: 0x00004e5c, Max: 0xffffffff, ABSOLUTE)

    Exec Addr    Load Addr    Size         Type   Attr      Idx    E Section Name        Object

    0x08000000   0x08000000   0x00000130   Data   RO          356    RESET               startup_stm32f10x_hd.o
    0x08000130   0x08000130   0x00000000   Code   RO         4360  * .ARM.Collect$$$$00000000  mc_w.l(entry.o)
    0x08000130   0x08000130   0x00000004   Code   RO         4432    .ARM.Collect$$$$00000001  mc_w.l(entry2.o)
    0x08000134   0x08000134   0x00000004   Code   RO         4435    .ARM.Collect$$$$00000004  mc_w.l(entry5.o)
    0x08000138   0x08000138   0x00000000   Code   RO         4437    .ARM.Collect$$$$00000008  mc_w.l(entry7b.o)
    0x08000138   0x08000138   0x00000000   Code   RO         4439    .ARM.Collect$$$$0000000A  mc_w.l(entry8b.o)
    0x08000138   0x08000138   0x00000008   Code   RO         4440    .ARM.Collect$$$$0000000B  mc_w.l(entry9a.o)
    0x08000140   0x08000140   0x00000000   Code   RO         4442    .ARM.Collect$$$$0000000D  mc_w.l(entry10a.o)
    0x08000140   0x08000140   0x00000000   Code   RO         4444    .ARM.Collect$$$$0000000F  mc_w.l(entry11a.o)
    0x08000140   0x08000140   0x00000004   Code   RO         4433    .ARM.Collect$$$$00002712  mc_w.l(entry2.o)
    0x08000144   0x08000144   0x00000024   Code   RO          357  * .text               startup_stm32f10x_hd.o
    0x08000168   0x08000168   0x0000000e   Code   RO         4368    .text               mc_w.l(strlen.o)
    0x08000176   0x08000176   0x000000b0   Code   RO         4398    .text               mf_w.l(fadd.o)
    0x08000226   0x08000226   0x0000014e   Code   RO         4404    .text               mf_w.l(dadd.o)
    0x08000374   0x08000374   0x000000e4   Code   RO         4406    .text               mf_w.l(dmul.o)
    0x08000458   0x08000458   0x000000de   Code   RO         4408    .text               mf_w.l(ddiv.o)
    0x08000536   0x08000536   0x00000012   Code   RO         4410    .text               mf_w.l(fflti.o)
    0x08000548   0x08000548   0x0000001a   Code   RO         4414    .text               mf_w.l(dfltui.o)
    0x08000562   0x08000562   0x00000032   Code   RO         4416    .text               mf_w.l(ffixi.o)
    0x08000594   0x08000594   0x00000028   Code   RO         4418    .text               mf_w.l(ffixui.o)
    0x080005bc   0x080005bc   0x00000032   Code   RO         4422    .text               mf_w.l(dfixui.o)
    0x080005ee   0x080005ee   0x00000026   Code   RO         4424    .text               mf_w.l(f2d.o)
    0x08000614   0x08000614   0x00000038   Code   RO         4426    .text               mf_w.l(d2f.o)
    0x0800064c   0x0800064c   0x0000002c   Code   RO         4447    .text               mc_w.l(uidiv.o)
    0x08000678   0x08000678   0x00000062   Code   RO         4449    .text               mc_w.l(uldiv.o)
    0x080006da   0x080006da   0x0000001e   Code   RO         4451    .text               mc_w.l(llshl.o)
    0x080006f8   0x080006f8   0x00000020   Code   RO         4453    .text               mc_w.l(llushr.o)
    0x08000718   0x08000718   0x00000024   Code   RO         4455    .text               mc_w.l(llsshr.o)
    0x0800073c   0x0800073c   0x00000000   Code   RO         4464    .text               mc_w.l(iusefp.o)
    0x0800073c   0x0800073c   0x0000006e   Code   RO         4465    .text               mf_w.l(fepilogue.o)
    0x080007aa   0x080007aa   0x000000ba   Code   RO         4467    .text               mf_w.l(depilogue.o)
    0x08000864   0x08000864   0x000000a2   Code   RO         4469    .text               mf_w.l(dsqrt.o)
    0x08000906   0x08000906   0x00000030   Code   RO         4471    .text               mf_w.l(dfixul.o)
    0x08000936   0x08000936   0x00000002   PAD
    0x08000938   0x08000938   0x00000030   Code   RO         4475    .text               mf_w.l(cdrcmple.o)
    0x08000968   0x08000968   0x00000024   Code   RO         4477    .text               mc_w.l(init.o)
    0x0800098c   0x0800098c   0x00000004   Code   RO          160    i.BusFault_Handler  stm32f10x_it.o
    0x08000990   0x08000990   0x0000001e   Code   RO         3454    i.CalculateChecksum  uart.o
    0x080009ae   0x080009ae   0x00000002   PAD
    0x080009b0   0x080009b0   0x00000020   Code   RO         3750    i.DIR1              contral.o
    0x080009d0   0x080009d0   0x00000024   Code   RO         3751    i.DIR2              contral.o
    0x080009f4   0x080009f4   0x00000024   Code   RO         3752    i.DIR3              contral.o
    0x08000a18   0x08000a18   0x00000020   Code   RO         3753    i.DIR4              contral.o
    0x08000a38   0x08000a38   0x0000001c   Code   RO         1086    i.DMA_ClearFlag     stm32f10x_dma.o
    0x08000a54   0x08000a54   0x00000018   Code   RO         1088    i.DMA_Cmd           stm32f10x_dma.o
    0x08000a6c   0x08000a6c   0x0000014c   Code   RO         1089    i.DMA_DeInit        stm32f10x_dma.o
    0x08000bb8   0x08000bb8   0x0000003c   Code   RO         1094    i.DMA_Init          stm32f10x_dma.o
    0x08000bf4   0x08000bf4   0x00000004   Code   RO         1095    i.DMA_SetCurrDataCounter  stm32f10x_dma.o
    0x08000bf8   0x08000bf8   0x00000002   Code   RO          161    i.DebugMon_Handler  stm32f10x_it.o
    0x08000bfa   0x08000bfa   0x00000116   Code   RO         1512    i.GPIO_Init         stm32f10x_gpio.o
    0x08000d10   0x08000d10   0x00000090   Code   RO         1514    i.GPIO_PinRemapConfig  stm32f10x_gpio.o
    0x08000da0   0x08000da0   0x00000004   Code   RO         1519    i.GPIO_ResetBits    stm32f10x_gpio.o
    0x08000da4   0x08000da4   0x00000004   Code   RO         1520    i.GPIO_SetBits      stm32f10x_gpio.o
    0x08000da8   0x08000da8   0x00000004   Code   RO          162    i.HardFault_Handler  stm32f10x_it.o
    0x08000dac   0x08000dac   0x000000b0   Code   RO         3417    i.KEY_Init          key.o
    0x08000e5c   0x08000e5c   0x00000060   Code   RO         3405    i.LED_Init          led.o
    0x08000ebc   0x08000ebc   0x00000148   Code   RO         3328    i.MOTOR1_Init       motor.o
    0x08001004   0x08001004   0x0000013c   Code   RO         3330    i.MOTOR3_Init       motor.o
    0x08001140   0x08001140   0x00000140   Code   RO         3331    i.MOTOR4_Init       motor.o
    0x08001280   0x08001280   0x0000013c   Code   RO         3332    i.MOTOR5_Init       motor.o
    0x080013bc   0x080013bc   0x00000150   Code   RO         3334    i.MOTOR7_Init       motor.o
    0x0800150c   0x0800150c   0x00000140   Code   RO         3335    i.MOTOR8_Init       motor.o
    0x0800164c   0x0800164c   0x0000002c   Code   RO         3754    i.MOTOR_Angle       contral.o
    0x08001678   0x08001678   0x0000007c   Code   RO         3755    i.MOTOR_Direction   contral.o
    0x080016f4   0x080016f4   0x00000038   Code   RO         3756    i.MOTOR_Displacement  contral.o
    0x0800172c   0x0800172c   0x00000040   Code   RO         3757    i.MOTOR_Displacement_mm  contral.o
    0x0800176c   0x0800176c   0x00000040   Code   RO         3758    i.MOTOR_TURN        contral.o
    0x080017ac   0x080017ac   0x000001b0   Code   RO         3759    i.MSD_Move          contral.o
    0x0800195c   0x0800195c   0x0000018c   Code   RO         3760    i.MSD_Move1         contral.o
    0x08001ae8   0x08001ae8   0x00000190   Code   RO         3761    i.MSD_Move2         contral.o
    0x08001c78   0x08001c78   0x00000020   Code   RO         3762    i.MSD_StepCounter   contral.o
    0x08001c98   0x08001c98   0x00000020   Code   RO         3763    i.MSD_StepCounter1  contral.o
    0x08001cb8   0x08001cb8   0x00000020   Code   RO         3764    i.MSD_StepCounter2  contral.o
    0x08001cd8   0x08001cd8   0x00000004   Code   RO          163    i.MemManage_Handler  stm32f10x_it.o
    0x08001cdc   0x08001cdc   0x00000020   Code   RO         3765    i.Motor1_DIR        contral.o
    0x08001cfc   0x08001cfc   0x00000002   Code   RO          164    i.NMI_Handler       stm32f10x_it.o
    0x08001cfe   0x08001cfe   0x00000002   PAD
    0x08001d00   0x08001d00   0x00000070   Code   RO          361    i.NVIC_Init         misc.o
    0x08001d70   0x08001d70   0x00000014   Code   RO          362    i.NVIC_PriorityGroupConfig  misc.o
    0x08001d84   0x08001d84   0x00000030   Code   RO         3653    i.OLED_IIC_Start    oled.o
    0x08001db4   0x08001db4   0x00000028   Code   RO         3654    i.OLED_IIC_Stop     oled.o
    0x08001ddc   0x08001ddc   0x0000001c   Code   RO         3655    i.OLED_IIC_Wait_Ack  oled.o
    0x08001df8   0x08001df8   0x00000118   Code   RO         3656    i.OLED_Init         oled.o
    0x08001f10   0x08001f10   0x00000018   Code   RO         3661    i.OLED_WR_Byte      oled.o
    0x08001f28   0x08001f28   0x0000005c   Code   RO         3662    i.OLED_Write_IIC_Byte  oled.o
    0x08001f84   0x08001f84   0x0000002c   Code   RO         3663    i.OLED_Write_IIC_Command  oled.o
    0x08001fb0   0x08001fb0   0x0000002c   Code   RO         3664    i.OLED_Write_IIC_Data  oled.o
    0x08001fdc   0x08001fdc   0x0000013c   Code   RO         3455    i.ParseData         uart.o
    0x08002118   0x08002118   0x00000002   Code   RO          165    i.PendSV_Handler    stm32f10x_it.o
    0x0800211a   0x0800211a   0x00000002   PAD
    0x0800211c   0x0800211c   0x00000020   Code   RO         1927    i.RCC_AHBPeriphClockCmd  stm32f10x_rcc.o
    0x0800213c   0x0800213c   0x00000020   Code   RO         1928    i.RCC_APB1PeriphClockCmd  stm32f10x_rcc.o
    0x0800215c   0x0800215c   0x00000020   Code   RO         1930    i.RCC_APB2PeriphClockCmd  stm32f10x_rcc.o
    0x0800217c   0x0800217c   0x000000d4   Code   RO         1938    i.RCC_GetClocksFreq  stm32f10x_rcc.o
    0x08002250   0x08002250   0x0000004c   Code   RO         4005    i.SERVO2_CONTRAL    servo.o
    0x0800229c   0x0800229c   0x0000004c   Code   RO         4006    i.SERVO3_CONTRAL    servo.o
    0x080022e8   0x080022e8   0x00000018   Code   RO         2407    i.SPI_Cmd           stm32f10x_spi.o
    0x08002300   0x08002300   0x00000012   Code   RO         2413    i.SPI_I2S_DMACmd    stm32f10x_spi.o
    0x08002312   0x08002312   0x0000003c   Code   RO         2420    i.SPI_Init          stm32f10x_spi.o
    0x0800234e   0x0800234e   0x00000002   Code   RO          166    i.SVC_Handler       stm32f10x_it.o
    0x08002350   0x08002350   0x0000001c   Code   RO         3456    i.Serial1_GetRxFlag  uart.o
    0x0800236c   0x0800236c   0x000000a0   Code   RO         4008    i.Servo2_Init       servo.o
    0x0800240c   0x0800240c   0x000000a0   Code   RO         4009    i.Servo3_Init       servo.o
    0x080024ac   0x080024ac   0x00000008   Code   RO          249    i.SetSysClock       system_stm32f10x.o
    0x080024b4   0x080024b4   0x000000e0   Code   RO          250    i.SetSysClockTo72   system_stm32f10x.o
    0x08002594   0x08002594   0x00000028   Code   RO          365    i.SysTick_CLKSourceConfig  misc.o
    0x080025bc   0x080025bc   0x00000002   Code   RO          167    i.SysTick_Handler   stm32f10x_it.o
    0x080025be   0x080025be   0x00000002   PAD
    0x080025c0   0x080025c0   0x00000060   Code   RO          252    i.SystemInit        system_stm32f10x.o
    0x08002620   0x08002620   0x00000220   Code   RO         3336    i.TIM2_IRQHandler   motor.o
    0x08002840   0x08002840   0x0000023c   Code   RO         3337    i.TIM3_IRQHandler   motor.o
    0x08002a7c   0x08002a7c   0x00000220   Code   RO         3338    i.TIM4_IRQHandler   motor.o
    0x08002c9c   0x08002c9c   0x00000068   Code   RO         4046    i.TIM6_COUNT_Init   time_count.o
    0x08002d04   0x08002d04   0x00000048   Code   RO         4047    i.TIM6_IRQHandler   time_count.o
    0x08002d4c   0x08002d4c   0x00000018   Code   RO         2550    i.TIM_ARRPreloadConfig  stm32f10x_tim.o
    0x08002d64   0x08002d64   0x00000006   Code   RO         2557    i.TIM_ClearITPendingBit  stm32f10x_tim.o
    0x08002d6a   0x08002d6a   0x00000018   Code   RO         2562    i.TIM_Cmd           stm32f10x_tim.o
    0x08002d82   0x08002d82   0x00000022   Code   RO         2583    i.TIM_GetITStatus   stm32f10x_tim.o
    0x08002da4   0x08002da4   0x00000012   Code   RO         2587    i.TIM_ITConfig      stm32f10x_tim.o
    0x08002db6   0x08002db6   0x00000002   PAD
    0x08002db8   0x08002db8   0x00000098   Code   RO         2591    i.TIM_OC1Init       stm32f10x_tim.o
    0x08002e50   0x08002e50   0x00000012   Code   RO         2594    i.TIM_OC1PreloadConfig  stm32f10x_tim.o
    0x08002e62   0x08002e62   0x00000002   PAD
    0x08002e64   0x08002e64   0x000000a4   Code   RO         2596    i.TIM_OC2Init       stm32f10x_tim.o
    0x08002f08   0x08002f08   0x0000001a   Code   RO         2599    i.TIM_OC2PreloadConfig  stm32f10x_tim.o
    0x08002f22   0x08002f22   0x00000002   PAD
    0x08002f24   0x08002f24   0x000000a0   Code   RO         2601    i.TIM_OC3Init       stm32f10x_tim.o
    0x08002fc4   0x08002fc4   0x00000012   Code   RO         2604    i.TIM_OC3PreloadConfig  stm32f10x_tim.o
    0x08002fd6   0x08002fd6   0x00000002   PAD
    0x08002fd8   0x08002fd8   0x0000007c   Code   RO         2606    i.TIM_OC4Init       stm32f10x_tim.o
    0x08003054   0x08003054   0x0000001a   Code   RO         2608    i.TIM_OC4PreloadConfig  stm32f10x_tim.o
    0x0800306e   0x0800306e   0x00000014   Code   RO         2609    i.TIM_OCStructInit  stm32f10x_tim.o
    0x08003082   0x08003082   0x00000004   Code   RO         2621    i.TIM_SetAutoreload  stm32f10x_tim.o
    0x08003086   0x08003086   0x00000004   Code   RO         2623    i.TIM_SetCompare1   stm32f10x_tim.o
    0x0800308a   0x0800308a   0x00000004   Code   RO         2624    i.TIM_SetCompare2   stm32f10x_tim.o
    0x0800308e   0x0800308e   0x00000004   Code   RO         2625    i.TIM_SetCompare3   stm32f10x_tim.o
    0x08003092   0x08003092   0x00000006   Code   RO         2626    i.TIM_SetCompare4   stm32f10x_tim.o
    0x08003098   0x08003098   0x000000a4   Code   RO         2633    i.TIM_TimeBaseInit  stm32f10x_tim.o
    0x0800313c   0x0800313c   0x00000012   Code   RO         2634    i.TIM_TimeBaseStructInit  stm32f10x_tim.o
    0x0800314e   0x0800314e   0x00000018   Code   RO         2636    i.TIM_UpdateRequestConfig  stm32f10x_tim.o
    0x08003166   0x08003166   0x00000002   PAD
    0x08003168   0x08003168   0x000000a8   Code   RO         3461    i.UART1_Init        uart.o
    0x08003210   0x08003210   0x000000b4   Code   RO         3465    i.UART2_Init        uart.o
    0x080032c4   0x080032c4   0x000000b8   Code   RO         3468    i.UART4_IRQHandler  uart.o
    0x0800337c   0x0800337c   0x00000020   Code   RO         3471    i.UART4_SendBits    uart.o
    0x0800339c   0x0800339c   0x00000018   Code   RO         3473    i.UART_SendPacket2UP  uart.o
    0x080033b4   0x080033b4   0x00000094   Code   RO         3475    i.USART1_IRQHandler  uart.o
    0x08003448   0x08003448   0x00000020   Code   RO         3476    i.USART1_SendBits   uart.o
    0x08003468   0x08003468   0x000000a4   Code   RO         3477    i.USART2_IRQHandler  uart.o
    0x0800350c   0x0800350c   0x00000094   Code   RO         3479    i.USART3_IRQHandler  uart.o
    0x080035a0   0x080035a0   0x0000001e   Code   RO         3095    i.USART_ClearITPendingBit  stm32f10x_usart.o
    0x080035be   0x080035be   0x00000018   Code   RO         3098    i.USART_Cmd         stm32f10x_usart.o
    0x080035d6   0x080035d6   0x0000001a   Code   RO         3101    i.USART_GetFlagStatus  stm32f10x_usart.o
    0x080035f0   0x080035f0   0x00000054   Code   RO         3102    i.USART_GetITStatus  stm32f10x_usart.o
    0x08003644   0x08003644   0x0000004a   Code   RO         3104    i.USART_ITConfig    stm32f10x_usart.o
    0x0800368e   0x0800368e   0x00000002   PAD
    0x08003690   0x08003690   0x000000d8   Code   RO         3105    i.USART_Init        stm32f10x_usart.o
    0x08003768   0x08003768   0x0000000a   Code   RO         3112    i.USART_ReceiveData  stm32f10x_usart.o
    0x08003772   0x08003772   0x00000008   Code   RO         3115    i.USART_SendData    stm32f10x_usart.o
    0x0800377a   0x0800377a   0x00000004   Code   RO          168    i.UsageFault_Handler  stm32f10x_it.o
    0x0800377e   0x0800377e   0x00000002   PAD
    0x08003780   0x08003780   0x00000024   Code   RO         4377    i.__0vsprintf       mc_w.l(printfa.o)
    0x080037a4   0x080037a4   0x0000000e   Code   RO         4481    i.__scatterload_copy  mc_w.l(handlers.o)
    0x080037b2   0x080037b2   0x00000002   Code   RO         4482    i.__scatterload_null  mc_w.l(handlers.o)
    0x080037b4   0x080037b4   0x0000000e   Code   RO         4483    i.__scatterload_zeroinit  mc_w.l(handlers.o)
    0x080037c2   0x080037c2   0x00000002   PAD
    0x080037c4   0x080037c4   0x0000000c   Code   RO         4459    i.__set_errno       mc_w.l(errno.o)
    0x080037d0   0x080037d0   0x00000184   Code   RO         4378    i._fp_digits        mc_w.l(printfa.o)
    0x08003954   0x08003954   0x000006dc   Code   RO         4379    i._printf_core      mc_w.l(printfa.o)
    0x08004030   0x08004030   0x00000024   Code   RO         4380    i._printf_post_padding  mc_w.l(printfa.o)
    0x08004054   0x08004054   0x0000002e   Code   RO         4381    i._printf_pre_padding  mc_w.l(printfa.o)
    0x08004082   0x08004082   0x0000000a   Code   RO         4383    i._sputc            mc_w.l(printfa.o)
    0x0800408c   0x0800408c   0x00000010   Code   RO         3766    i.abs_int           contral.o
    0x0800409c   0x0800409c   0x00000024   Code   RO         4065    i.arrive2_circle_capture  contral_claw.o
    0x080040c0   0x080040c0   0x00000024   Code   RO         4066    i.arrive2_circle_capture2  contral_claw.o
    0x080040e4   0x080040e4   0x00000024   Code   RO         4067    i.arrive_block_down  contral_claw.o
    0x08004108   0x08004108   0x00000024   Code   RO         4068    i.arrive_block_get  contral_claw.o
    0x0800412c   0x0800412c   0x00000024   Code   RO         4069    i.arrive_block_put  contral_claw.o
    0x08004150   0x08004150   0x00000024   Code   RO         4070    i.arrive_block_put2  contral_claw.o
    0x08004174   0x08004174   0x00000024   Code   RO         4071    i.arrive_block_put3  contral_claw.o
    0x08004198   0x08004198   0x00000024   Code   RO         4072    i.arrive_block_wait  contral_claw.o
    0x080041bc   0x080041bc   0x00000024   Code   RO         4073    i.arrive_camera     contral_claw.o
    0x080041e0   0x080041e0   0x00000024   Code   RO         4074    i.arrive_camera2    contral_claw.o
    0x08004204   0x08004204   0x00000024   Code   RO         4075    i.arrive_circle_capture  contral_claw.o
    0x08004228   0x08004228   0x00000024   Code   RO         4076    i.arrive_circle_capture2  contral_claw.o
    0x0800424c   0x0800424c   0x00000024   Code   RO         4077    i.arrive_most_up    contral_claw.o
    0x08004270   0x08004270   0x00000020   Code   RO         3767    i.claw_Init         contral.o
    0x08004290   0x08004290   0x00000024   Code   RO         3768    i.claw_close        contral.o
    0x080042b4   0x080042b4   0x00000060   Code   RO         4078    i.claw_get_block    contral_claw.o
    0x08004314   0x08004314   0x00000040   Code   RO         4079    i.claw_get_block2   contral_claw.o
    0x08004354   0x08004354   0x00000024   Code   RO         3774    i.claw_open         contral.o
    0x08004378   0x08004378   0x00000084   Code   RO         4080    i.claw_position     contral_claw.o
    0x080043fc   0x080043fc   0x00000070   Code   RO         4081    i.claw_position2    contral_claw.o
    0x0800446c   0x0800446c   0x00000064   Code   RO         4082    i.claw_put_block    contral_claw.o
    0x080044d0   0x080044d0   0x00000052   Code   RO         4083    i.claw_put_block2   contral_claw.o
    0x08004522   0x08004522   0x00000052   Code   RO         4084    i.claw_put_block3   contral_claw.o
    0x08004574   0x08004574   0x00000014   Code   RO         3777    i.claw_turn0        contral.o
    0x08004588   0x08004588   0x00000014   Code   RO         3778    i.claw_turn129      contral.o
    0x0800459c   0x0800459c   0x00000014   Code   RO         3782    i.contral_motor_Init  contral.o
    0x080045b0   0x080045b0   0x00000044   Code   RO          283    i.delay_init        delay.o
    0x080045f4   0x080045f4   0x0000004c   Code   RO          284    i.delay_ms          delay.o
    0x08004640   0x08004640   0x00000026   Code   RO            1    i.main              main.o
    0x08004666   0x08004666   0x0000002a   Code   RO         3783    i.max_Return        contral.o
    0x08004690   0x08004690   0x0000004c   Code   RO         4353    i.sqrt              m_ws.l(sqrt.o)
    0x080046dc   0x080046dc   0x00000012   Code   RO         3784    i.support_turn120   contral.o
    0x080046ee   0x080046ee   0x00000032   Code   RO         3992    i.system_Init       system_init.o
    0x08004720   0x08004720   0x00000094   Code   RO         3482    i.u2_printf         uart.o
    0x080047b4   0x080047b4   0x0000051c   Code   RO         3785    i.uart_handle       contral.o
    0x08004cd0   0x08004cd0   0x00000038   Code   RO         4207    i.ws2812_AllShutOff  ws2812.o
    0x08004d08   0x08004d08   0x00000058   Code   RO         4209    i.ws2812_DMA_Init   ws2812.o
    0x08004d60   0x08004d60   0x0000002c   Code   RO         4210    i.ws2812_GPIO_Init  ws2812.o
    0x08004d8c   0x08004d8c   0x0000001a   Code   RO         4211    i.ws2812_Init       ws2812.o
    0x08004da6   0x08004da6   0x00000002   PAD
    0x08004da8   0x08004da8   0x00000068   Code   RO         4214    i.ws2812_SPI_Init   ws2812.o
    0x08004e10   0x08004e10   0x0000002c   Code   RO         4215    i.ws2812_Send_Data  ws2812.o
    0x08004e3c   0x08004e3c   0x00000020   Data   RO         4479    Region$$Table       anon$$obj.o


    Execution Region ER_RW (Exec base: 0x20000000, Load base: 0x08004e5c, Size: 0x000000b8, Max: 0xffffffff, ABSOLUTE)

    Exec Addr    Load Addr    Size         Type   Attr      Idx    E Section Name        Object

    0x20000000   0x08004e5c   0x0000000d   Data   RW            2    .data               main.o
    0x2000000d   0x08004e69   0x00000003   PAD
    0x20000010   0x08004e6c   0x00000014   Data   RW          253    .data               system_stm32f10x.o
    0x20000024   0x08004e80   0x00000004   Data   RW          286    .data               delay.o
    0x20000028   0x08004e84   0x00000014   Data   RW         1958    .data               stm32f10x_rcc.o
    0x2000003c   0x08004e98   0x00000024   Data   RW         3339    .data               motor.o
    0x20000060   0x08004ebc   0x0000002d   Data   RW         3484    .data               uart.o
    0x2000008d   0x08004ee9   0x00000003   PAD
    0x20000090   0x08004eec   0x0000001c   Data   RW         3788    .data               contral.o
    0x200000ac   0x08004f08   0x00000001   Data   RW         4048    .data               time_count.o
    0x200000ad   0x08004f09   0x00000001   PAD
    0x200000ae   0x08004f0a   0x00000006   Data   RW         4085    .data               contral_claw.o
    0x200000b4   0x08004f10   0x00000004   Data   RW         4460    .data               mc_w.l(errno.o)


    Execution Region ER_ZI (Exec base: 0x200000b8, Load base: 0x08004f14, Size: 0x000006a0, Max: 0xffffffff, ABSOLUTE)

    Exec Addr    Load Addr    Size         Type   Attr      Idx    E Section Name        Object

    0x200000b8        -       0x000000e9   Zero   RW         3483    .bss                uart.o
    0x200001a1   0x08004f14   0x00000003   PAD
    0x200001a4        -       0x00000048   Zero   RW         3787    .bss                contral.o
    0x200001ec        -       0x0000016a   Zero   RW         4220    .bss                ws2812.o
    0x20000356   0x08004f14   0x00000002   PAD
    0x20000358        -       0x00000400   Zero   RW          354    STACK               startup_stm32f10x_hd.o


==============================================================================

Image component sizes


      Code (inc. data)   RO Data    RW Data    ZI Data      Debug   Object Name

      3392        234          0         28         72      17465   contral.o
      1136         76          0          6          0      11256   contral_claw.o
       144         22          0          4          0       1164   delay.o
       176         12          0          0          0        543   key.o
        96          8          0          0          0        499   led.o
        38          0          0         13          0     271298   main.o
       172         22          0          0          0       2009   misc.o
      3596        168          0         36          0       6930   motor.o
       600         24          0          0          0       4241   oled.o
       472         52          0          0          0       2374   servo.o
        36          8        304          0       1024        784   startup_stm32f10x_hd.o
       448         18          0          0          0       4419   stm32f10x_dma.o
       430          6          0          0          0       3814   stm32f10x_gpio.o
        26          0          0          0          0       3594   stm32f10x_it.o
       308         38          0         20          0       4926   stm32f10x_rcc.o
       102          0          0          0          0       2670   stm32f10x_spi.o
      1042         92          0          0          0      13375   stm32f10x_tim.o
       472          6          0          0          0       6703   stm32f10x_usart.o
         0          0          0          0          0         32   sys.o
        50          0          0          0          0        502   system_init.o
       328         28          0         20          0       2025   system_stm32f10x.o
       176         22          0          1          0       1068   time_count.o
      1602        152          0         45        233      10437   uart.o
       362         36          0          0        362       3794   ws2812.o

    ----------------------------------------------------------------------
     15228       1024        336        180       1696     375922   Object Totals
         0          0         32          0          0          0   (incl. Generated)
        24          0          0          7          5          0   (incl. Padding)

    ----------------------------------------------------------------------

      Code (inc. data)   RO Data    RW Data    ZI Data      Debug   Library Member Name

        76          0          0          0          0         84   sqrt.o
         0          0          0          0          0          0   entry.o
         0          0          0          0          0          0   entry10a.o
         0          0          0          0          0          0   entry11a.o
         8          4          0          0          0          0   entry2.o
         4          0          0          0          0          0   entry5.o
         0          0          0          0          0          0   entry7b.o
         0          0          0          0          0          0   entry8b.o
         8          4          0          0          0          0   entry9a.o
        12          6          0          4          0         68   errno.o
        30          0          0          0          0          0   handlers.o
        36          8          0          0          0         68   init.o
         0          0          0          0          0          0   iusefp.o
        30          0          0          0          0         68   llshl.o
        36          0          0          0          0         68   llsshr.o
        32          0          0          0          0         68   llushr.o
      2272         86          0          0          0        516   printfa.o
        14          0          0          0          0         68   strlen.o
        44          0          0          0          0         80   uidiv.o
        98          0          0          0          0         92   uldiv.o
        48          0          0          0          0         68   cdrcmple.o
        56          0          0          0          0         88   d2f.o
       334          0          0          0          0        148   dadd.o
       222          0          0          0          0        100   ddiv.o
       186          0          0          0          0        176   depilogue.o
        50          0          0          0          0         76   dfixui.o
        48          0          0          0          0         68   dfixul.o
        26          0          0          0          0         76   dfltui.o
       228          0          0          0          0         96   dmul.o
       162          0          0          0          0        100   dsqrt.o
        38          0          0          0          0         68   f2d.o
       176          0          0          0          0        140   fadd.o
       110          0          0          0          0        168   fepilogue.o
        50          0          0          0          0         68   ffixi.o
        40          0          0          0          0         68   ffixui.o
        18          0          0          0          0         68   fflti.o

    ----------------------------------------------------------------------
      4496        108          0          4          0       2756   Library Totals
         4          0          0          0          0          0   (incl. Padding)

    ----------------------------------------------------------------------

      Code (inc. data)   RO Data    RW Data    ZI Data      Debug   Library Name

        76          0          0          0          0         84   m_ws.l
      2624        108          0          4          0       1096   mc_w.l
      1792          0          0          0          0       1576   mf_w.l

    ----------------------------------------------------------------------
      4496        108          0          4          0       2756   Library Totals

    ----------------------------------------------------------------------

==============================================================================


      Code (inc. data)   RO Data    RW Data    ZI Data      Debug   

     19724       1132        336        184       1696     369470   Grand Totals
     19724       1132        336        184       1696     369470   ELF Image Totals
     19724       1132        336        184          0          0   ROM Totals

==============================================================================

    Total RO  Size (Code + RO Data)                20060 (  19.59kB)
    Total RW  Size (RW Data + ZI Data)              1880 (   1.84kB)
    Total ROM Size (Code + RO Data + RW Data)      20244 (  19.77kB)

==============================================================================

